Loading weights:   0%|          | 0/320 [00:00<?, ?it/s]Loading weights:   0%|          | 1/320 [00:00<00:55,  5.79it/s]Loading weights: 100%|██████████| 320/320 [00:00<00:00, 1782.04it/s]
Text-only model loaded; beginning cache checks
[transformers] `causal_conv1d_fn` is falling back to its reference PyTorch implementation because `causal_conv1d` is not installed. This is correct but much slower; install `causal_conv1d` for the optimized kernel.
[transformers] `chunk_gated_delta_rule` is falling back to its reference PyTorch implementation because `flash-linear-attention` is not installed. This is correct but much slower; install `flash-linear-attention` for the optimized kernel.
[transformers] `causal_conv1d_update` is falling back to its reference PyTorch implementation because `causal_conv1d` is not installed. This is correct but much slower; install `causal_conv1d` for the optimized kernel.
[transformers] `fused_recurrent_gated_delta_rule` is falling back to its reference PyTorch implementation because `flash-linear-attention` is not installed. This is correct but much slower; install `flash-linear-attention` for the optimized kernel.
{
  "output": "docs/development-artifacts/architecture-bridge-v1/model-preflight.json",
  "checks": {
    "deepcopy": {
      "values_equal": true,
      "storage_independent": true
    },
    "fp32_prefill_suffix_vs_full": {
      "max_absolute_logit_difference": 1.3172626495361328e-05,
      "rms_logit_difference": 2.589902123872889e-06,
      "greedy_token_equal": true,
      "absolute_tolerance": 0.0001,
      "passed": true
    },
    "implicit_vs_explicit_positions": {
      "max_absolute_logit_difference": 0.0,
      "rms_logit_difference": 0.0,
      "greedy_token_equal": true,
      "absolute_tolerance": 1e-06,
      "passed": true
    },
    "fp32_tokenwise_suffix_vs_full": {
      "max_absolute_logit_difference": 2.47955322265625e-05,
      "rms_logit_difference": 3.5709533676708816e-06,
      "greedy_token_equal": true,
      "absolute_tolerance": 0.0002,
      "passed": true
    },
    "mlp_and_same_layer_gdn_cache_transfer": {
      "layer_index": 10,
      "layer_type": "linear_attention",
      "donor_tensors_equal_before_decode": true,
      "all_logits_finite": true,
      "donor_length_unchanged": true,
      "next_greedy_token": [
        [
          11751
        ]
      ]
    },
    "attention_kv_cache_transfer": {
      "layer_index": 11,
      "all_logits_finite": true
    },
    "custom_greedy_decode": {
      "tokens": [
        11751,
        271,
        58,
        1919
      ],
      "text": " Paris\n\n[This",
      "final_cache_length": 27,
      "all_logits_finite": true
    },
    "bf16_prefill_suffix_vs_full": {
      "max_absolute_logit_difference": 0.2734375,
      "rms_logit_difference": 0.04424170404672623,
      "greedy_token_equal": true,
      "absolute_tolerance": 0.15,
      "passed": false
    }
  }
}
