{
  "means": {
    "ce": {
      "A_one": 1.0,
      "A_two": 0.984375,
      "A_train_two": 0.984375,
      "B_one": 1.0,
      "B_two": 0.556640625,
      "B_changed_two": 0.556640625,
      "B_changed_coverage": 1.0,
      "B_known_two": 0.556640625,
      "B_known_coverage": 1.0,
      "wrong_memory_two": 0.0,
      "clean_B_one": 1.0,
      "B_output_target_cosine": 0.7280999422073364
    },
    "aligned": {
      "A_one": 1.0,
      "A_two": 1.0,
      "A_train_two": 1.0,
      "B_one": 0.99609375,
      "B_two": 0.9267578125,
      "B_changed_two": 0.9267578125,
      "B_changed_coverage": 1.0,
      "B_known_two": 0.9301181102362205,
      "B_known_coverage": 0.9921875,
      "wrong_memory_two": 0.0,
      "clean_B_one": 1.0,
      "B_output_target_cosine": 0.9999950528144836
    }
  },
  "world_effects": [
    {
      "world": 149001,
      "A_two_effect": 0.015625,
      "B_one_effect": -0.00390625,
      "B_two_effect": 0.3701171875,
      "common_atomic_coverage": 0.9921875
    }
  ]
}
