{
  "means": {
    "ce": {
      "A_one": 1.0,
      "A_two": 0.9169921875,
      "A_train_two": 0.9765625,
      "A_heldout_two": 0.73828125,
      "B_one": 1.0,
      "B_two": 0.439453125,
      "B_changed_two": 0.439453125,
      "B_changed_coverage": 1.0,
      "B_known_two": 0.439453125,
      "B_known_coverage": 1.0,
      "wrong_memory_two": 0.0,
      "clean_B_one": 1.0,
      "B_output_target_cosine": 0.7280999422073364
    },
    "aligned": {
      "A_one": 0.9921875,
      "A_two": 0.892578125,
      "A_train_two": 1.0,
      "A_heldout_two": 0.5703125,
      "B_one": 0.9912109375,
      "B_two": 0.7763671875,
      "B_changed_two": 0.7763671875,
      "B_changed_coverage": 1.0,
      "B_known_two": 0.7813121272365805,
      "B_known_coverage": 0.982421875,
      "wrong_memory_two": 0.0,
      "clean_B_one": 1.0,
      "B_output_target_cosine": 0.9999950528144836
    }
  },
  "world_effects": [
    {
      "world": 149001,
      "A_two_effect": -0.0244140625,
      "B_one_effect": -0.0087890625,
      "B_two_effect": 0.3369140625,
      "common_atomic_coverage": 0.982421875
    }
  ]
}
