{
  "means": {
    "ce": {
      "A_one": 1.0,
      "A_two": 0.99462890625,
      "A_train_two": 0.99462890625,
      "B_one": 1.0,
      "B_two": 0.6638997395833334,
      "B_changed_two": 0.6650711019520997,
      "B_changed_coverage": 0.9947916666666666,
      "B_known_two": 0.6638997395833334,
      "B_known_coverage": 1.0,
      "wrong_memory_two": 0.005208333333333333,
      "clean_B_one": 1.0,
      "B_output_target_cosine": 0.715923418601354
    },
    "aligned": {
      "A_one": 1.0,
      "A_two": 0.9996744791666666,
      "A_train_two": 0.9996744791666666,
      "B_one": 1.0,
      "B_two": 0.9466145833333334,
      "B_changed_two": 0.9478461798720472,
      "B_changed_coverage": 0.9947916666666666,
      "B_known_two": 0.9466145833333334,
      "B_known_coverage": 1.0,
      "wrong_memory_two": 0.005208333333333333,
      "clean_B_one": 1.0,
      "B_output_target_cosine": 0.9999924699465433
    }
  },
  "world_effects": [
    {
      "world": 149011,
      "A_two_effect": 0.00537109375,
      "B_one_effect": 0.0,
      "B_two_effect": 0.25439453125,
      "common_atomic_coverage": 1.0
    },
    {
      "world": 149012,
      "A_two_effect": 0.00634765625,
      "B_one_effect": 0.0,
      "B_two_effect": 0.3251953125,
      "common_atomic_coverage": 1.0
    },
    {
      "world": 149013,
      "A_two_effect": 0.00341796875,
      "B_one_effect": 0.0,
      "B_two_effect": 0.2685546875,
      "common_atomic_coverage": 1.0
    }
  ]
}
