{"stage": "memory-A", "arm": "aligned", "atomic_accuracy": 0.0078125, "neutral_accuracy": 0.0, "target_cosine": -0.0011529787443578243, "output_norm": 0.2976648807525635, "vector_squared_error": 1.0892319679260254, "step": 0, "seconds": 0.36403430392965674}
{"stage": "memory-A", "arm": "aligned", "atomic_accuracy": 1.0, "neutral_accuracy": 1.0, "target_cosine": 0.833846926689148, "output_norm": 0.7104243040084839, "vector_squared_error": 0.32175007462501526, "step": 100, "seconds": 0.9418035090202466}
{"stage": "memory-A", "arm": "aligned", "atomic_accuracy": 1.0, "neutral_accuracy": 1.0, "target_cosine": 0.9999910593032837, "output_norm": 1.0481491088867188, "vector_squared_error": 0.0023374713491648436, "step": 500, "seconds": 1.9701635820092633}
{"stage": "memory-A", "arm": "aligned", "atomic_accuracy": 1.0, "neutral_accuracy": 1.0, "target_cosine": 0.9999910593032837, "output_norm": 1.0481503009796143, "vector_squared_error": 0.0023375710006803274, "step": 1000, "seconds": 3.2824700929922983}
{"stage": "memory-A", "arm": "aligned", "atomic_accuracy": 1.0, "neutral_accuracy": 1.0, "target_cosine": 0.9999910593032837, "output_norm": 1.0481503009796143, "vector_squared_error": 0.0023375716991722584, "step": 2000, "seconds": 5.728674656013027}
{"stage": "memory-A", "arm": "aligned", "atomic_accuracy": 1.0, "neutral_accuracy": 1.0, "target_cosine": 0.9999910593032837, "output_norm": 1.0481503009796143, "vector_squared_error": 0.0023375716991722584, "step": 4000, "seconds": 10.475603397004306}
{"stage": "memory-A", "arm": "aligned", "atomic_accuracy": 1.0, "neutral_accuracy": 1.0, "target_cosine": 0.9999910593032837, "output_norm": 1.0481505393981934, "vector_squared_error": 0.0023376301396638155, "step": 6000, "seconds": 15.238051087013446}
{"stage": "memory-A", "arm": "aligned", "atomic_accuracy": 1.0, "neutral_accuracy": 1.0, "target_cosine": 0.9999910593032837, "output_norm": 1.0481503009796143, "vector_squared_error": 0.0023375714663416147, "step": 8000, "seconds": 20.079531250987202}
{"stage": "memory-A", "arm": "aligned", "atomic_accuracy": 1.0, "neutral_accuracy": 1.0, "target_cosine": 0.9999910593032837, "output_norm": 1.0481503009796143, "vector_squared_error": 0.0023375716991722584, "step": 10000, "seconds": 24.809653550037183}
{"stage": "reader", "step": 0, "n": 1024, "one_hop": 0.0, "two_hop": 0.0029296875, "two_hop_A_training_heads": 0.0029296875, "two_hop_A_heldout_heads": null, "two_hop_changed": 0.0029296875, "changed_n": 1024, "two_hop_both_atoms_correct": null, "both_atoms_correct_n": 0, "both_atoms_correct_coverage": 0.0}
{"stage": "reader", "step": 100, "n": 1024, "one_hop": 0.720703125, "two_hop": 0.05859375, "two_hop_A_training_heads": 0.05859375, "two_hop_A_heldout_heads": null, "two_hop_changed": 0.05859375, "changed_n": 1024, "two_hop_both_atoms_correct": 0.06187624750499002, "both_atoms_correct_n": 501, "both_atoms_correct_coverage": 0.4892578125}
{"stage": "reader", "step": 500, "n": 1024, "one_hop": 0.982421875, "two_hop": 0.94140625, "two_hop_A_training_heads": 0.94140625, "two_hop_A_heldout_heads": null, "two_hop_changed": 0.94140625, "changed_n": 1024, "two_hop_both_atoms_correct": 0.9564777327935222, "both_atoms_correct_n": 988, "both_atoms_correct_coverage": 0.96484375}
{"stage": "reader", "step": 1000, "n": 1024, "one_hop": 0.9990234375, "two_hop": 0.994140625, "two_hop_A_training_heads": 0.994140625, "two_hop_A_heldout_heads": null, "two_hop_changed": 0.994140625, "changed_n": 1024, "two_hop_both_atoms_correct": 0.9951076320939335, "both_atoms_correct_n": 1022, "both_atoms_correct_coverage": 0.998046875}
{"stage": "reader", "step": 2000, "n": 1024, "one_hop": 1.0, "two_hop": 0.998046875, "two_hop_A_training_heads": 0.998046875, "two_hop_A_heldout_heads": null, "two_hop_changed": 0.998046875, "changed_n": 1024, "two_hop_both_atoms_correct": 0.998046875, "both_atoms_correct_n": 1024, "both_atoms_correct_coverage": 1.0}
{"stage": "reader", "step": 3000, "n": 1024, "one_hop": 1.0, "two_hop": 1.0, "two_hop_A_training_heads": 1.0, "two_hop_A_heldout_heads": null, "two_hop_changed": 1.0, "changed_n": 1024, "two_hop_both_atoms_correct": 1.0, "both_atoms_correct_n": 1024, "both_atoms_correct_coverage": 1.0}
{"stage": "reader", "step": 4000, "n": 1024, "one_hop": 1.0, "two_hop": 1.0, "two_hop_A_training_heads": 1.0, "two_hop_A_heldout_heads": null, "two_hop_changed": 1.0, "changed_n": 1024, "two_hop_both_atoms_correct": 1.0, "both_atoms_correct_n": 1024, "both_atoms_correct_coverage": 1.0}
{"stage": "memory-B", "arm": "aligned", "atomic_accuracy": 0.0078125, "neutral_accuracy": 0.0, "target_cosine": -0.0010625701397657394, "output_norm": 0.2976648807525635, "vector_squared_error": 1.089306116104126, "step": 0, "seconds": 0.0021463660523295403}
{"stage": "memory-B", "arm": "aligned", "atomic_accuracy": 1.0, "neutral_accuracy": 1.0, "target_cosine": 0.8344300985336304, "output_norm": 0.6945315003395081, "vector_squared_error": 0.3259894847869873, "step": 100, "seconds": 0.3380990020232275}
{"stage": "memory-B", "arm": "aligned", "atomic_accuracy": 1.0, "neutral_accuracy": 1.0, "target_cosine": 0.9999910593032837, "output_norm": 1.0481492280960083, "vector_squared_error": 0.002337469719350338, "step": 500, "seconds": 1.3335765791125596}
{"stage": "memory-B", "arm": "aligned", "atomic_accuracy": 1.0, "neutral_accuracy": 1.0, "target_cosine": 0.9999910593032837, "output_norm": 1.0481503009796143, "vector_squared_error": 0.0023375710006803274, "step": 1000, "seconds": 2.4680003380635753}
{"stage": "memory-B", "arm": "aligned", "atomic_accuracy": 1.0, "neutral_accuracy": 1.0, "target_cosine": 0.9999910593032837, "output_norm": 1.0481503009796143, "vector_squared_error": 0.002337571233510971, "step": 2000, "seconds": 4.743583049043082}
{"stage": "memory-B", "arm": "aligned", "atomic_accuracy": 1.0, "neutral_accuracy": 1.0, "target_cosine": 0.9999910593032837, "output_norm": 1.0481503009796143, "vector_squared_error": 0.0023375949822366238, "step": 4000, "seconds": 9.200677362037823}
{"stage": "memory-B", "arm": "aligned", "atomic_accuracy": 1.0, "neutral_accuracy": 1.0, "target_cosine": 0.9999910593032837, "output_norm": 1.0481503009796143, "vector_squared_error": 0.0023375714663416147, "step": 6000, "seconds": 13.770028584054671}
{"stage": "memory-B", "arm": "aligned", "atomic_accuracy": 1.0, "neutral_accuracy": 1.0, "target_cosine": 0.9999910593032837, "output_norm": 1.0481503009796143, "vector_squared_error": 0.0023375716991722584, "step": 8000, "seconds": 18.405090405023657}
{"stage": "memory-B", "arm": "aligned", "atomic_accuracy": 1.0, "neutral_accuracy": 1.0, "target_cosine": 0.9999910593032837, "output_norm": 1.0481503009796143, "vector_squared_error": 0.002337571233510971, "step": 10000, "seconds": 22.2711238800548}
{"status": "complete", "run": "w149012-i14901-aligned", "endpoints": {"A": {"n": 1024, "one_hop": 1.0, "two_hop": 1.0, "two_hop_A_training_heads": 1.0, "two_hop_A_heldout_heads": null, "two_hop_changed": 1.0, "changed_n": 1024, "two_hop_both_atoms_correct": 1.0, "both_atoms_correct_n": 1024, "both_atoms_correct_coverage": 1.0}, "B": {"n": 1024, "one_hop": 1.0, "two_hop": 0.9287109375, "two_hop_A_training_heads": 0.9287109375, "two_hop_A_heldout_heads": null, "two_hop_changed": 0.9287109375, "changed_n": 1024, "two_hop_both_atoms_correct": 0.9287109375, "both_atoms_correct_n": 1024, "both_atoms_correct_coverage": 1.0}, "wrong_A_on_B": {"n": 1024, "one_hop": 0.0, "two_hop": 0.0, "two_hop_A_training_heads": 0.0, "two_hop_A_heldout_heads": null, "two_hop_changed": 0.0, "changed_n": 1024, "two_hop_both_atoms_correct": null, "both_atoms_correct_n": 0, "both_atoms_correct_coverage": 0.0}}}
