{"stage": "memory-A", "arm": "ce", "atomic_accuracy": 0.0078125, "neutral_accuracy": 0.0, "target_cosine": -0.01737608015537262, "output_norm": 0.2907564640045166, "vector_squared_error": 1.0945568084716797, "step": 0, "seconds": 0.3316232680808753}
{"stage": "memory-A", "arm": "ce", "atomic_accuracy": 0.953125, "neutral_accuracy": 1.0, "target_cosine": 0.577107846736908, "output_norm": 2.356656074523926, "vector_squared_error": 4.261716365814209, "step": 100, "seconds": 0.7371544170891866}
{"stage": "memory-A", "arm": "ce", "atomic_accuracy": 1.0, "neutral_accuracy": 1.0, "target_cosine": 0.6780651807785034, "output_norm": 19.045644760131836, "vector_squared_error": 342.8360290527344, "step": 500, "seconds": 1.819821939105168}
{"stage": "memory-A", "arm": "ce", "atomic_accuracy": 1.0, "neutral_accuracy": 1.0, "target_cosine": 0.6895452737808228, "output_norm": 21.595863342285156, "vector_squared_error": 443.2333068847656, "step": 1000, "seconds": 3.09802378306631}
{"stage": "memory-A", "arm": "ce", "atomic_accuracy": 1.0, "neutral_accuracy": 1.0, "target_cosine": 0.6988517642021179, "output_norm": 24.078107833862305, "vector_squared_error": 553.4674072265625, "step": 2000, "seconds": 5.533381541026756}
{"stage": "memory-A", "arm": "ce", "atomic_accuracy": 1.0, "neutral_accuracy": 1.0, "target_cosine": 0.7071340084075928, "output_norm": 26.717445373535156, "vector_squared_error": 684.23193359375, "step": 4000, "seconds": 10.259267907007597}
{"stage": "memory-A", "arm": "ce", "atomic_accuracy": 1.0, "neutral_accuracy": 1.0, "target_cosine": 0.7114612460136414, "output_norm": 28.310930252075195, "vector_squared_error": 769.948974609375, "step": 6000, "seconds": 14.915823896066286}
{"stage": "memory-A", "arm": "ce", "atomic_accuracy": 1.0, "neutral_accuracy": 1.0, "target_cosine": 0.7137581706047058, "output_norm": 29.232807159423828, "vector_squared_error": 821.867919921875, "step": 8000, "seconds": 19.512807521037757}
{"stage": "memory-A", "arm": "ce", "atomic_accuracy": 1.0, "neutral_accuracy": 1.0, "target_cosine": 0.7143509387969971, "output_norm": 29.480871200561523, "vector_squared_error": 836.1299438476562, "step": 10000, "seconds": 24.178749164100736}
{"stage": "reader", "step": 0, "n": 1024, "one_hop": 0.0029296875, "two_hop": 0.0048828125, "two_hop_A_training_heads": 0.0048828125, "two_hop_A_heldout_heads": null, "two_hop_changed": 0.0048828125, "changed_n": 1024, "two_hop_both_atoms_correct": null, "both_atoms_correct_n": 0, "both_atoms_correct_coverage": 0.0}
{"stage": "reader", "step": 100, "n": 1024, "one_hop": 0.7197265625, "two_hop": 0.08203125, "two_hop_A_training_heads": 0.08203125, "two_hop_A_heldout_heads": null, "two_hop_changed": 0.08203125, "changed_n": 1024, "two_hop_both_atoms_correct": 0.11683168316831684, "both_atoms_correct_n": 505, "both_atoms_correct_coverage": 0.4931640625}
{"stage": "reader", "step": 500, "n": 1024, "one_hop": 0.9912109375, "two_hop": 0.93359375, "two_hop_A_training_heads": 0.93359375, "two_hop_A_heldout_heads": null, "two_hop_changed": 0.93359375, "changed_n": 1024, "two_hop_both_atoms_correct": 0.9403578528827038, "both_atoms_correct_n": 1006, "both_atoms_correct_coverage": 0.982421875}
{"stage": "reader", "step": 1000, "n": 1024, "one_hop": 1.0, "two_hop": 0.982421875, "two_hop_A_training_heads": 0.982421875, "two_hop_A_heldout_heads": null, "two_hop_changed": 0.982421875, "changed_n": 1024, "two_hop_both_atoms_correct": 0.982421875, "both_atoms_correct_n": 1024, "both_atoms_correct_coverage": 1.0}
{"stage": "reader", "step": 2000, "n": 1024, "one_hop": 1.0, "two_hop": 0.98828125, "two_hop_A_training_heads": 0.98828125, "two_hop_A_heldout_heads": null, "two_hop_changed": 0.98828125, "changed_n": 1024, "two_hop_both_atoms_correct": 0.98828125, "both_atoms_correct_n": 1024, "both_atoms_correct_coverage": 1.0}
{"stage": "reader", "step": 3000, "n": 1024, "one_hop": 1.0, "two_hop": 0.9921875, "two_hop_A_training_heads": 0.9921875, "two_hop_A_heldout_heads": null, "two_hop_changed": 0.9921875, "changed_n": 1024, "two_hop_both_atoms_correct": 0.9921875, "both_atoms_correct_n": 1024, "both_atoms_correct_coverage": 1.0}
{"stage": "reader", "step": 4000, "n": 1024, "one_hop": 1.0, "two_hop": 0.9931640625, "two_hop_A_training_heads": 0.9931640625, "two_hop_A_heldout_heads": null, "two_hop_changed": 0.9931640625, "changed_n": 1024, "two_hop_both_atoms_correct": 0.9931640625, "both_atoms_correct_n": 1024, "both_atoms_correct_coverage": 1.0}
{"stage": "memory-B", "arm": "ce", "atomic_accuracy": 0.0078125, "neutral_accuracy": 0.0, "target_cosine": -0.018651075661182404, "output_norm": 0.2907564640045166, "vector_squared_error": 1.0955075025558472, "step": 0, "seconds": 0.002033996977843344}
{"stage": "memory-B", "arm": "ce", "atomic_accuracy": 0.9453125, "neutral_accuracy": 1.0, "target_cosine": 0.572994589805603, "output_norm": 2.3109450340270996, "vector_squared_error": 4.071120262145996, "step": 100, "seconds": 0.25581917504314333}
{"stage": "memory-B", "arm": "ce", "atomic_accuracy": 1.0, "neutral_accuracy": 1.0, "target_cosine": 0.6739253997802734, "output_norm": 19.082763671875, "vector_squared_error": 344.6112060546875, "step": 500, "seconds": 1.2775927080074325}
{"stage": "memory-B", "arm": "ce", "atomic_accuracy": 1.0, "neutral_accuracy": 1.0, "target_cosine": 0.6843574643135071, "output_norm": 21.6579647064209, "vector_squared_error": 446.35418701171875, "step": 1000, "seconds": 2.4894927840214223}
{"stage": "memory-B", "arm": "ce", "atomic_accuracy": 1.0, "neutral_accuracy": 1.0, "target_cosine": 0.6927228569984436, "output_norm": 24.1710262298584, "vector_squared_error": 558.4814453125, "step": 2000, "seconds": 4.697272861027159}
{"stage": "memory-B", "arm": "ce", "atomic_accuracy": 1.0, "neutral_accuracy": 1.0, "target_cosine": 0.700118899345398, "output_norm": 26.848236083984375, "vector_squared_error": 691.888671875, "step": 4000, "seconds": 8.889034949010238}
{"stage": "memory-B", "arm": "ce", "atomic_accuracy": 1.0, "neutral_accuracy": 1.0, "target_cosine": 0.7039686441421509, "output_norm": 28.466323852539062, "vector_squared_error": 779.502685546875, "step": 6000, "seconds": 13.5711698459927}
{"stage": "memory-B", "arm": "ce", "atomic_accuracy": 1.0, "neutral_accuracy": 1.0, "target_cosine": 0.7060072422027588, "output_norm": 29.402990341186523, "vector_squared_error": 832.6258544921875, "step": 8000, "seconds": 18.34467758005485}
{"stage": "memory-B", "arm": "ce", "atomic_accuracy": 1.0, "neutral_accuracy": 1.0, "target_cosine": 0.7065328359603882, "output_norm": 29.655006408691406, "vector_squared_error": 847.220703125, "step": 10000, "seconds": 23.123889609007165}
{"status": "complete", "run": "w149012-i14902-ce", "endpoints": {"A": {"n": 1024, "one_hop": 1.0, "two_hop": 0.9931640625, "two_hop_A_training_heads": 0.9931640625, "two_hop_A_heldout_heads": null, "two_hop_changed": 0.9931640625, "changed_n": 1024, "two_hop_both_atoms_correct": 0.9931640625, "both_atoms_correct_n": 1024, "both_atoms_correct_coverage": 1.0}, "B": {"n": 1024, "one_hop": 1.0, "two_hop": 0.6328125, "two_hop_A_training_heads": 0.6328125, "two_hop_A_heldout_heads": null, "two_hop_changed": 0.6328125, "changed_n": 1024, "two_hop_both_atoms_correct": 0.6328125, "both_atoms_correct_n": 1024, "both_atoms_correct_coverage": 1.0}, "wrong_A_on_B": {"n": 1024, "one_hop": 0.0, "two_hop": 0.0, "two_hop_A_training_heads": 0.0, "two_hop_A_heldout_heads": null, "two_hop_changed": 0.0, "changed_n": 1024, "two_hop_both_atoms_correct": null, "both_atoms_correct_n": 0, "both_atoms_correct_coverage": 0.0}}}
