{"stage": "memory-A", "arm": "aligned", "atomic_accuracy": 0.0078125, "neutral_accuracy": 0.0, "target_cosine": 0.009513448923826218, "output_norm": 0.29096519947052, "vector_squared_error": 1.0791528224945068, "step": 0, "seconds": 0.30147306399885565}
{"stage": "memory-A", "arm": "aligned", "atomic_accuracy": 1.0, "neutral_accuracy": 1.0, "target_cosine": 0.8356505036354065, "output_norm": 0.7073360681533813, "vector_squared_error": 0.3203160762786865, "step": 100, "seconds": 0.6483899550512433}
{"stage": "memory-A", "arm": "aligned", "atomic_accuracy": 1.0, "neutral_accuracy": 1.0, "target_cosine": 0.9999920129776001, "output_norm": 1.048196792602539, "vector_squared_error": 0.002339883940294385, "step": 500, "seconds": 1.6736929459730163}
{"stage": "memory-A", "arm": "aligned", "atomic_accuracy": 1.0, "neutral_accuracy": 1.0, "target_cosine": 0.9999920129776001, "output_norm": 1.0481977462768555, "vector_squared_error": 0.0023399689234793186, "step": 1000, "seconds": 2.9188393889926374}
{"stage": "memory-A", "arm": "aligned", "atomic_accuracy": 1.0, "neutral_accuracy": 1.0, "target_cosine": 0.9999920129776001, "output_norm": 1.0481982231140137, "vector_squared_error": 0.0023399870842695236, "step": 2000, "seconds": 5.359914842061698}
{"stage": "memory-A", "arm": "aligned", "atomic_accuracy": 1.0, "neutral_accuracy": 1.0, "target_cosine": 0.9999924898147583, "output_norm": 1.0482101440429688, "vector_squared_error": 0.0023402851074934006, "step": 4000, "seconds": 9.9085321680177}
{"stage": "memory-A", "arm": "aligned", "atomic_accuracy": 1.0, "neutral_accuracy": 1.0, "target_cosine": 0.9999920129776001, "output_norm": 1.048197627067566, "vector_squared_error": 0.0023399689234793186, "step": 6000, "seconds": 14.492906455066986}
{"stage": "memory-A", "arm": "aligned", "atomic_accuracy": 1.0, "neutral_accuracy": 1.0, "target_cosine": 0.9999920129776001, "output_norm": 1.048197627067566, "vector_squared_error": 0.0023399689234793186, "step": 8000, "seconds": 19.11723397602327}
{"stage": "memory-A", "arm": "aligned", "atomic_accuracy": 1.0, "neutral_accuracy": 1.0, "target_cosine": 0.9999920129776001, "output_norm": 1.0481977462768555, "vector_squared_error": 0.0023399691563099623, "step": 10000, "seconds": 23.50756935996469}
{"stage": "reader", "step": 0, "n": 1024, "one_hop": 0.0009765625, "two_hop": 0.0, "two_hop_A_training_heads": 0.0, "two_hop_A_heldout_heads": null, "two_hop_changed": 0.0, "changed_n": 1016, "two_hop_both_atoms_correct": null, "both_atoms_correct_n": 0, "both_atoms_correct_coverage": 0.0}
{"stage": "reader", "step": 100, "n": 1024, "one_hop": 0.841796875, "two_hop": 0.0341796875, "two_hop_A_training_heads": 0.0341796875, "two_hop_A_heldout_heads": null, "two_hop_changed": 0.0344488188976378, "changed_n": 1016, "two_hop_both_atoms_correct": 0.03547066848567531, "both_atoms_correct_n": 733, "both_atoms_correct_coverage": 0.7158203125}
{"stage": "reader", "step": 500, "n": 1024, "one_hop": 0.99609375, "two_hop": 0.962890625, "two_hop_A_training_heads": 0.962890625, "two_hop_A_heldout_heads": null, "two_hop_changed": 0.9635826771653543, "changed_n": 1016, "two_hop_both_atoms_correct": 0.9645669291338582, "both_atoms_correct_n": 1016, "both_atoms_correct_coverage": 0.9921875}
{"stage": "reader", "step": 1000, "n": 1024, "one_hop": 1.0, "two_hop": 0.9970703125, "two_hop_A_training_heads": 0.9970703125, "two_hop_A_heldout_heads": null, "two_hop_changed": 0.9970472440944882, "changed_n": 1016, "two_hop_both_atoms_correct": 0.9970703125, "both_atoms_correct_n": 1024, "both_atoms_correct_coverage": 1.0}
{"stage": "reader", "step": 2000, "n": 1024, "one_hop": 1.0, "two_hop": 0.9990234375, "two_hop_A_training_heads": 0.9990234375, "two_hop_A_heldout_heads": null, "two_hop_changed": 0.9990157480314961, "changed_n": 1016, "two_hop_both_atoms_correct": 0.9990234375, "both_atoms_correct_n": 1024, "both_atoms_correct_coverage": 1.0}
{"stage": "reader", "step": 3000, "n": 1024, "one_hop": 1.0, "two_hop": 0.9990234375, "two_hop_A_training_heads": 0.9990234375, "two_hop_A_heldout_heads": null, "two_hop_changed": 0.9990157480314961, "changed_n": 1016, "two_hop_both_atoms_correct": 0.9990234375, "both_atoms_correct_n": 1024, "both_atoms_correct_coverage": 1.0}
{"stage": "reader", "step": 4000, "n": 1024, "one_hop": 1.0, "two_hop": 1.0, "two_hop_A_training_heads": 1.0, "two_hop_A_heldout_heads": null, "two_hop_changed": 1.0, "changed_n": 1016, "two_hop_both_atoms_correct": 1.0, "both_atoms_correct_n": 1024, "both_atoms_correct_coverage": 1.0}
{"stage": "memory-B", "arm": "aligned", "atomic_accuracy": 0.0078125, "neutral_accuracy": 0.0, "target_cosine": 0.011255406774580479, "output_norm": 0.29096519947052, "vector_squared_error": 1.078012466430664, "step": 0, "seconds": 0.0018923700554296374}
{"stage": "memory-B", "arm": "aligned", "atomic_accuracy": 1.0, "neutral_accuracy": 1.0, "target_cosine": 0.8404110670089722, "output_norm": 0.7164319753646851, "vector_squared_error": 0.311765193939209, "step": 100, "seconds": 0.34221243497449905}
{"stage": "memory-B", "arm": "aligned", "atomic_accuracy": 1.0, "neutral_accuracy": 1.0, "target_cosine": 0.9999920129776001, "output_norm": 1.0481963157653809, "vector_squared_error": 0.0023398478515446186, "step": 500, "seconds": 1.3511893539689481}
{"stage": "memory-B", "arm": "aligned", "atomic_accuracy": 1.0, "neutral_accuracy": 1.0, "target_cosine": 0.9999920129776001, "output_norm": 1.048197627067566, "vector_squared_error": 0.0023399684578180313, "step": 1000, "seconds": 2.5703740250319242}
{"stage": "memory-B", "arm": "aligned", "atomic_accuracy": 1.0, "neutral_accuracy": 1.0, "target_cosine": 0.9999920129776001, "output_norm": 1.0481977462768555, "vector_squared_error": 0.0023399689234793186, "step": 2000, "seconds": 4.9562187569681555}
{"stage": "memory-B", "arm": "aligned", "atomic_accuracy": 1.0, "neutral_accuracy": 1.0, "target_cosine": 0.9999920129776001, "output_norm": 1.0482001304626465, "vector_squared_error": 0.0023401593789458275, "step": 4000, "seconds": 9.083684606011957}
{"stage": "memory-B", "arm": "aligned", "atomic_accuracy": 1.0, "neutral_accuracy": 1.0, "target_cosine": 0.9999920129776001, "output_norm": 1.0481977462768555, "vector_squared_error": 0.0023399689234793186, "step": 6000, "seconds": 13.477215324062854}
{"stage": "memory-B", "arm": "aligned", "atomic_accuracy": 1.0, "neutral_accuracy": 1.0, "target_cosine": 0.9999920129776001, "output_norm": 1.048197627067566, "vector_squared_error": 0.0023399689234793186, "step": 8000, "seconds": 18.132126939017326}
{"stage": "memory-B", "arm": "aligned", "atomic_accuracy": 1.0, "neutral_accuracy": 1.0, "target_cosine": 0.9999920129776001, "output_norm": 1.0481977462768555, "vector_squared_error": 0.0023399689234793186, "step": 10000, "seconds": 22.842548556043766}
{"status": "complete", "run": "w149011-i14902-aligned", "endpoints": {"A": {"n": 1024, "one_hop": 1.0, "two_hop": 1.0, "two_hop_A_training_heads": 1.0, "two_hop_A_heldout_heads": null, "two_hop_changed": 1.0, "changed_n": 1016, "two_hop_both_atoms_correct": 1.0, "both_atoms_correct_n": 1024, "both_atoms_correct_coverage": 1.0}, "B": {"n": 1024, "one_hop": 1.0, "two_hop": 0.984375, "two_hop_A_training_heads": 0.984375, "two_hop_A_heldout_heads": null, "two_hop_changed": 0.984251968503937, "changed_n": 1016, "two_hop_both_atoms_correct": 0.984375, "both_atoms_correct_n": 1024, "both_atoms_correct_coverage": 1.0}, "wrong_A_on_B": {"n": 1024, "one_hop": 0.0, "two_hop": 0.0078125, "two_hop_A_training_heads": 0.0078125, "two_hop_A_heldout_heads": null, "two_hop_changed": 0.0, "changed_n": 1016, "two_hop_both_atoms_correct": null, "both_atoms_correct_n": 0, "both_atoms_correct_coverage": 0.0}}}
