{"stage": "memory-A", "arm": "aligned", "atomic_accuracy": 0.015625, "neutral_accuracy": 0.0, "target_cosine": 0.015246391296386719, "output_norm": 0.2976282238960266, "vector_squared_error": 1.0794427394866943, "step": 0, "seconds": 0.3119562449865043}
{"stage": "memory-A", "arm": "aligned", "atomic_accuracy": 1.0, "neutral_accuracy": 1.0, "target_cosine": 0.8400212526321411, "output_norm": 0.7148095369338989, "vector_squared_error": 0.3123929798603058, "step": 100, "seconds": 0.8801989989588037}
{"stage": "memory-A", "arm": "aligned", "atomic_accuracy": 1.0, "neutral_accuracy": 1.0, "target_cosine": 0.9999943971633911, "output_norm": 1.0482985973358154, "vector_squared_error": 0.0023448001593351364, "step": 500, "seconds": 2.1319192339433357}
{"stage": "memory-A", "arm": "aligned", "atomic_accuracy": 1.0, "neutral_accuracy": 1.0, "target_cosine": 0.9999942779541016, "output_norm": 1.0482995510101318, "vector_squared_error": 0.00234488258138299, "step": 1000, "seconds": 3.4898532419465482}
{"stage": "memory-A", "arm": "aligned", "atomic_accuracy": 1.0, "neutral_accuracy": 1.0, "target_cosine": 0.9999943375587463, "output_norm": 1.0482995510101318, "vector_squared_error": 0.002344883047044277, "step": 2000, "seconds": 6.020893950946629}
{"stage": "memory-A", "arm": "aligned", "atomic_accuracy": 1.0, "neutral_accuracy": 1.0, "target_cosine": 0.9999942779541016, "output_norm": 1.0482995510101318, "vector_squared_error": 0.002344883745536208, "step": 4000, "seconds": 10.604961719014682}
{"stage": "memory-A", "arm": "aligned", "atomic_accuracy": 1.0, "neutral_accuracy": 1.0, "target_cosine": 0.9999943971633911, "output_norm": 1.0482995510101318, "vector_squared_error": 0.002344883745536208, "step": 6000, "seconds": 15.491863814997487}
{"stage": "memory-A", "arm": "aligned", "atomic_accuracy": 1.0, "neutral_accuracy": 1.0, "target_cosine": 0.9999943375587463, "output_norm": 1.0482995510101318, "vector_squared_error": 0.0023448835127055645, "step": 8000, "seconds": 20.42897849995643}
{"stage": "memory-A", "arm": "aligned", "atomic_accuracy": 1.0, "neutral_accuracy": 1.0, "target_cosine": 0.9999943971633911, "output_norm": 1.0482995510101318, "vector_squared_error": 0.002344883279874921, "step": 10000, "seconds": 25.294833577936515}
{"stage": "reader", "step": 0, "n": 1024, "one_hop": 0.0, "two_hop": 0.0009765625, "two_hop_A_training_heads": 0.0009765625, "two_hop_A_heldout_heads": null, "two_hop_changed": 0.000984251968503937, "changed_n": 1016, "two_hop_both_atoms_correct": null, "both_atoms_correct_n": 0, "both_atoms_correct_coverage": 0.0}
{"stage": "reader", "step": 100, "n": 1024, "one_hop": 0.5390625, "two_hop": 0.0146484375, "two_hop_A_training_heads": 0.0146484375, "two_hop_A_heldout_heads": null, "two_hop_changed": 0.014763779527559055, "changed_n": 1016, "two_hop_both_atoms_correct": 0.022653721682847898, "both_atoms_correct_n": 309, "both_atoms_correct_coverage": 0.3017578125}
{"stage": "reader", "step": 500, "n": 1024, "one_hop": 0.984375, "two_hop": 0.947265625, "two_hop_A_training_heads": 0.947265625, "two_hop_A_heldout_heads": null, "two_hop_changed": 0.9468503937007874, "changed_n": 1016, "two_hop_both_atoms_correct": 0.9606854838709677, "both_atoms_correct_n": 992, "both_atoms_correct_coverage": 0.96875}
{"stage": "reader", "step": 1000, "n": 1024, "one_hop": 0.9921875, "two_hop": 0.9873046875, "two_hop_A_training_heads": 0.9873046875, "two_hop_A_heldout_heads": null, "two_hop_changed": 0.9872047244094488, "changed_n": 1016, "two_hop_both_atoms_correct": 0.9950396825396826, "both_atoms_correct_n": 1008, "both_atoms_correct_coverage": 0.984375}
{"stage": "reader", "step": 2000, "n": 1024, "one_hop": 1.0, "two_hop": 0.998046875, "two_hop_A_training_heads": 0.998046875, "two_hop_A_heldout_heads": null, "two_hop_changed": 0.9980314960629921, "changed_n": 1016, "two_hop_both_atoms_correct": 0.998046875, "both_atoms_correct_n": 1024, "both_atoms_correct_coverage": 1.0}
{"stage": "reader", "step": 3000, "n": 1024, "one_hop": 1.0, "two_hop": 1.0, "two_hop_A_training_heads": 1.0, "two_hop_A_heldout_heads": null, "two_hop_changed": 1.0, "changed_n": 1016, "two_hop_both_atoms_correct": 1.0, "both_atoms_correct_n": 1024, "both_atoms_correct_coverage": 1.0}
{"stage": "reader", "step": 4000, "n": 1024, "one_hop": 1.0, "two_hop": 1.0, "two_hop_A_training_heads": 1.0, "two_hop_A_heldout_heads": null, "two_hop_changed": 1.0, "changed_n": 1016, "two_hop_both_atoms_correct": 1.0, "both_atoms_correct_n": 1024, "both_atoms_correct_coverage": 1.0}
{"stage": "memory-B", "arm": "aligned", "atomic_accuracy": 0.0, "neutral_accuracy": 0.0, "target_cosine": 0.014864311553537846, "output_norm": 0.2976282238960266, "vector_squared_error": 1.0797436237335205, "step": 0, "seconds": 0.0023852320155128837}
{"stage": "memory-B", "arm": "aligned", "atomic_accuracy": 1.0, "neutral_accuracy": 1.0, "target_cosine": 0.844767689704895, "output_norm": 0.7213190197944641, "vector_squared_error": 0.30326730012893677, "step": 100, "seconds": 0.2984727959847078}
{"stage": "memory-B", "arm": "aligned", "atomic_accuracy": 1.0, "neutral_accuracy": 1.0, "target_cosine": 0.9999943375587463, "output_norm": 1.0482983589172363, "vector_squared_error": 0.0023447819985449314, "step": 500, "seconds": 1.3674172180471942}
{"stage": "memory-B", "arm": "aligned", "atomic_accuracy": 1.0, "neutral_accuracy": 1.0, "target_cosine": 0.9999943375587463, "output_norm": 1.0482995510101318, "vector_squared_error": 0.002344883047044277, "step": 1000, "seconds": 2.565493455971591}
{"stage": "memory-B", "arm": "aligned", "atomic_accuracy": 1.0, "neutral_accuracy": 1.0, "target_cosine": 0.9999943375587463, "output_norm": 1.0482995510101318, "vector_squared_error": 0.002344883047044277, "step": 2000, "seconds": 4.895263229031116}
{"stage": "memory-B", "arm": "aligned", "atomic_accuracy": 1.0, "neutral_accuracy": 1.0, "target_cosine": 0.9999943375587463, "output_norm": 1.0482995510101318, "vector_squared_error": 0.002344883047044277, "step": 4000, "seconds": 9.511795178987086}
{"stage": "memory-B", "arm": "aligned", "atomic_accuracy": 1.0, "neutral_accuracy": 1.0, "target_cosine": 0.9999943375587463, "output_norm": 1.0482995510101318, "vector_squared_error": 0.00234488258138299, "step": 6000, "seconds": 14.386281542945653}
{"stage": "memory-B", "arm": "aligned", "atomic_accuracy": 1.0, "neutral_accuracy": 1.0, "target_cosine": 0.9999943375587463, "output_norm": 1.0482995510101318, "vector_squared_error": 0.002344883279874921, "step": 8000, "seconds": 17.58012234698981}
{"stage": "memory-B", "arm": "aligned", "atomic_accuracy": 1.0, "neutral_accuracy": 1.0, "target_cosine": 0.9999943375587463, "output_norm": 1.0482995510101318, "vector_squared_error": 0.002344883047044277, "step": 10000, "seconds": 22.142719720955938}
{"status": "complete", "run": "w149013-i14901-aligned", "endpoints": {"A": {"n": 1024, "one_hop": 1.0, "two_hop": 1.0, "two_hop_A_training_heads": 1.0, "two_hop_A_heldout_heads": null, "two_hop_changed": 1.0, "changed_n": 1016, "two_hop_both_atoms_correct": 1.0, "both_atoms_correct_n": 1024, "both_atoms_correct_coverage": 1.0}, "B": {"n": 1024, "one_hop": 1.0, "two_hop": 0.9609375, "two_hop_A_training_heads": 0.9609375, "two_hop_A_heldout_heads": null, "two_hop_changed": 0.9606299212598425, "changed_n": 1016, "two_hop_both_atoms_correct": 0.9609375, "both_atoms_correct_n": 1024, "both_atoms_correct_coverage": 1.0}, "wrong_A_on_B": {"n": 1024, "one_hop": 0.0, "two_hop": 0.0078125, "two_hop_A_training_heads": 0.0078125, "two_hop_A_heldout_heads": null, "two_hop_changed": 0.0, "changed_n": 1016, "two_hop_both_atoms_correct": null, "both_atoms_correct_n": 0, "both_atoms_correct_coverage": 0.0}}}
