{"stage": "memory-A", "arm": "aligned", "atomic_accuracy": 0.015625, "neutral_accuracy": 0.0, "target_cosine": 0.0011123018339276314, "output_norm": 0.2976140081882477, "vector_squared_error": 1.0878851413726807, "step": 0, "seconds": 0.3064154119929299}
{"stage": "memory-A", "arm": "aligned", "atomic_accuracy": 1.0, "neutral_accuracy": 1.0, "target_cosine": 0.8350043892860413, "output_norm": 0.7026681303977966, "vector_squared_error": 0.32282936573028564, "step": 100, "seconds": 0.8459152519935742}
{"stage": "memory-A", "arm": "aligned", "atomic_accuracy": 1.0, "neutral_accuracy": 1.0, "target_cosine": 0.9999920129776001, "output_norm": 1.04819655418396, "vector_squared_error": 0.0023398753255605698, "step": 500, "seconds": 1.7846075940178707}
{"stage": "memory-A", "arm": "aligned", "atomic_accuracy": 1.0, "neutral_accuracy": 1.0, "target_cosine": 0.9999920129776001, "output_norm": 1.0481977462768555, "vector_squared_error": 0.0023399689234793186, "step": 1000, "seconds": 3.048851637984626}
{"stage": "memory-A", "arm": "aligned", "atomic_accuracy": 1.0, "neutral_accuracy": 1.0, "target_cosine": 0.9999920129776001, "output_norm": 1.048197627067566, "vector_squared_error": 0.002339969389140606, "step": 2000, "seconds": 5.3594479750609025}
{"stage": "memory-A", "arm": "aligned", "atomic_accuracy": 1.0, "neutral_accuracy": 1.0, "target_cosine": 0.9999920129776001, "output_norm": 1.048197627067566, "vector_squared_error": 0.002339969389140606, "step": 4000, "seconds": 9.567853074055165}
{"stage": "memory-A", "arm": "aligned", "atomic_accuracy": 1.0, "neutral_accuracy": 1.0, "target_cosine": 0.9999920129776001, "output_norm": 1.048197627067566, "vector_squared_error": 0.0023399689234793186, "step": 6000, "seconds": 13.209430760005489}
{"stage": "memory-A", "arm": "aligned", "atomic_accuracy": 1.0, "neutral_accuracy": 1.0, "target_cosine": 0.9999920129776001, "output_norm": 1.0481977462768555, "vector_squared_error": 0.0023399689234793186, "step": 8000, "seconds": 17.88673844106961}
{"stage": "memory-A", "arm": "aligned", "atomic_accuracy": 1.0, "neutral_accuracy": 1.0, "target_cosine": 0.9999920129776001, "output_norm": 1.0481977462768555, "vector_squared_error": 0.0023399689234793186, "step": 10000, "seconds": 22.25580515700858}
{"stage": "reader", "step": 0, "n": 1024, "one_hop": 0.001953125, "two_hop": 0.0029296875, "two_hop_A_training_heads": 0.0029296875, "two_hop_A_heldout_heads": null, "two_hop_changed": 0.002952755905511811, "changed_n": 1016, "two_hop_both_atoms_correct": null, "both_atoms_correct_n": 0, "both_atoms_correct_coverage": 0.0}
{"stage": "reader", "step": 100, "n": 1024, "one_hop": 0.673828125, "two_hop": 0.017578125, "two_hop_A_training_heads": 0.017578125, "two_hop_A_heldout_heads": null, "two_hop_changed": 0.017716535433070866, "changed_n": 1016, "two_hop_both_atoms_correct": 0.0196078431372549, "both_atoms_correct_n": 459, "both_atoms_correct_coverage": 0.4482421875}
{"stage": "reader", "step": 500, "n": 1024, "one_hop": 0.990234375, "two_hop": 0.9521484375, "two_hop_A_training_heads": 0.9521484375, "two_hop_A_heldout_heads": null, "two_hop_changed": 0.952755905511811, "changed_n": 1016, "two_hop_both_atoms_correct": 0.9641434262948207, "both_atoms_correct_n": 1004, "both_atoms_correct_coverage": 0.98046875}
{"stage": "reader", "step": 1000, "n": 1024, "one_hop": 0.9990234375, "two_hop": 0.9990234375, "two_hop_A_training_heads": 0.9990234375, "two_hop_A_heldout_heads": null, "two_hop_changed": 0.9990157480314961, "changed_n": 1016, "two_hop_both_atoms_correct": 0.9990215264187867, "both_atoms_correct_n": 1022, "both_atoms_correct_coverage": 0.998046875}
{"stage": "reader", "step": 2000, "n": 1024, "one_hop": 1.0, "two_hop": 1.0, "two_hop_A_training_heads": 1.0, "two_hop_A_heldout_heads": null, "two_hop_changed": 1.0, "changed_n": 1016, "two_hop_both_atoms_correct": 1.0, "both_atoms_correct_n": 1024, "both_atoms_correct_coverage": 1.0}
{"stage": "reader", "step": 3000, "n": 1024, "one_hop": 1.0, "two_hop": 1.0, "two_hop_A_training_heads": 1.0, "two_hop_A_heldout_heads": null, "two_hop_changed": 1.0, "changed_n": 1016, "two_hop_both_atoms_correct": 1.0, "both_atoms_correct_n": 1024, "both_atoms_correct_coverage": 1.0}
{"stage": "reader", "step": 4000, "n": 1024, "one_hop": 1.0, "two_hop": 1.0, "two_hop_A_training_heads": 1.0, "two_hop_A_heldout_heads": null, "two_hop_changed": 1.0, "changed_n": 1016, "two_hop_both_atoms_correct": 1.0, "both_atoms_correct_n": 1024, "both_atoms_correct_coverage": 1.0}
{"stage": "memory-B", "arm": "aligned", "atomic_accuracy": 0.0, "neutral_accuracy": 0.0, "target_cosine": -0.0013375794515013695, "output_norm": 0.2976140081882477, "vector_squared_error": 1.0893834829330444, "step": 0, "seconds": 0.0024845099542289972}
{"stage": "memory-B", "arm": "aligned", "atomic_accuracy": 1.0, "neutral_accuracy": 1.0, "target_cosine": 0.8359352350234985, "output_norm": 0.7171204090118408, "vector_squared_error": 0.31743937730789185, "step": 100, "seconds": 0.36946388194337487}
{"stage": "memory-B", "arm": "aligned", "atomic_accuracy": 1.0, "neutral_accuracy": 1.0, "target_cosine": 0.9999920129776001, "output_norm": 1.048196792602539, "vector_squared_error": 0.002339886501431465, "step": 500, "seconds": 1.4216162279481068}
{"stage": "memory-B", "arm": "aligned", "atomic_accuracy": 1.0, "neutral_accuracy": 1.0, "target_cosine": 0.9999920129776001, "output_norm": 1.048197627067566, "vector_squared_error": 0.0023399684578180313, "step": 1000, "seconds": 2.723995383013971}
{"stage": "memory-B", "arm": "aligned", "atomic_accuracy": 1.0, "neutral_accuracy": 1.0, "target_cosine": 0.9999920129776001, "output_norm": 1.048197627067566, "vector_squared_error": 0.0023400066420435905, "step": 2000, "seconds": 5.246407544938847}
{"stage": "memory-B", "arm": "aligned", "atomic_accuracy": 1.0, "neutral_accuracy": 1.0, "target_cosine": 0.9999920129776001, "output_norm": 1.0481977462768555, "vector_squared_error": 0.002339971251785755, "step": 4000, "seconds": 9.95016967493575}
{"stage": "memory-B", "arm": "aligned", "atomic_accuracy": 1.0, "neutral_accuracy": 1.0, "target_cosine": 0.9999920129776001, "output_norm": 1.04819655418396, "vector_squared_error": 0.0023399293422698975, "step": 6000, "seconds": 14.622829595929943}
{"stage": "memory-B", "arm": "aligned", "atomic_accuracy": 1.0, "neutral_accuracy": 1.0, "target_cosine": 0.9999920129776001, "output_norm": 1.0481977462768555, "vector_squared_error": 0.0023399691563099623, "step": 8000, "seconds": 19.29418353701476}
{"stage": "memory-B", "arm": "aligned", "atomic_accuracy": 1.0, "neutral_accuracy": 1.0, "target_cosine": 0.9999920129776001, "output_norm": 1.048197627067566, "vector_squared_error": 0.0023399689234793186, "step": 10000, "seconds": 23.604460465954617}
{"status": "complete", "run": "w149011-i14901-aligned", "endpoints": {"A": {"n": 1024, "one_hop": 1.0, "two_hop": 1.0, "two_hop_A_training_heads": 1.0, "two_hop_A_heldout_heads": null, "two_hop_changed": 1.0, "changed_n": 1016, "two_hop_both_atoms_correct": 1.0, "both_atoms_correct_n": 1024, "both_atoms_correct_coverage": 1.0}, "B": {"n": 1024, "one_hop": 1.0, "two_hop": 0.98046875, "two_hop_A_training_heads": 0.98046875, "two_hop_A_heldout_heads": null, "two_hop_changed": 0.9812992125984252, "changed_n": 1016, "two_hop_both_atoms_correct": 0.98046875, "both_atoms_correct_n": 1024, "both_atoms_correct_coverage": 1.0}, "wrong_A_on_B": {"n": 1024, "one_hop": 0.0, "two_hop": 0.0078125, "two_hop_A_training_heads": 0.0078125, "two_hop_A_heldout_heads": null, "two_hop_changed": 0.0, "changed_n": 1016, "two_hop_both_atoms_correct": null, "both_atoms_correct_n": 0, "both_atoms_correct_coverage": 0.0}}}
