{"stage": "memory-A", "arm": "ce", "atomic_accuracy": 0.0078125, "neutral_accuracy": 0.0, "target_cosine": 0.009513448923826218, "output_norm": 0.29096519947052, "vector_squared_error": 1.0791528224945068, "step": 0, "seconds": 0.30312924506142735}
{"stage": "memory-A", "arm": "ce", "atomic_accuracy": 0.9609375, "neutral_accuracy": 1.0, "target_cosine": 0.5821784138679504, "output_norm": 2.2864880561828613, "vector_squared_error": 3.865194320678711, "step": 100, "seconds": 0.723903896054253}
{"stage": "memory-A", "arm": "ce", "atomic_accuracy": 1.0, "neutral_accuracy": 1.0, "target_cosine": 0.6845253705978394, "output_norm": 18.779434204101562, "vector_squared_error": 332.01116943359375, "step": 500, "seconds": 1.430352935101837}
{"stage": "memory-A", "arm": "ce", "atomic_accuracy": 1.0, "neutral_accuracy": 1.0, "target_cosine": 0.6961677074432373, "output_norm": 21.276851654052734, "vector_squared_error": 428.65673828125, "step": 1000, "seconds": 2.608548592077568}
{"stage": "memory-A", "arm": "ce", "atomic_accuracy": 1.0, "neutral_accuracy": 1.0, "target_cosine": 0.7056146264076233, "output_norm": 23.718719482421875, "vector_squared_error": 535.1980590820312, "step": 2000, "seconds": 4.893693840014748}
{"stage": "memory-A", "arm": "ce", "atomic_accuracy": 1.0, "neutral_accuracy": 1.0, "target_cosine": 0.7140408158302307, "output_norm": 26.321609497070312, "vector_squared_error": 661.8922119140625, "step": 4000, "seconds": 8.589512530015782}
{"stage": "memory-A", "arm": "ce", "atomic_accuracy": 1.0, "neutral_accuracy": 1.0, "target_cosine": 0.7184606790542603, "output_norm": 27.894962310791016, "vector_squared_error": 745.0521850585938, "step": 6000, "seconds": 12.673586656106636}
{"stage": "memory-A", "arm": "ce", "atomic_accuracy": 1.0, "neutral_accuracy": 1.0, "target_cosine": 0.7208142876625061, "output_norm": 28.805561065673828, "vector_squared_error": 795.4486083984375, "step": 8000, "seconds": 17.155043443082832}
{"stage": "memory-A", "arm": "ce", "atomic_accuracy": 1.0, "neutral_accuracy": 1.0, "target_cosine": 0.7214215993881226, "output_norm": 29.050643920898438, "vector_squared_error": 809.2974853515625, "step": 10000, "seconds": 21.981587700080127}
{"stage": "reader", "step": 0, "n": 1024, "one_hop": 0.00390625, "two_hop": 0.01171875, "two_hop_A_training_heads": 0.01171875, "two_hop_A_heldout_heads": null, "two_hop_changed": 0.011811023622047244, "changed_n": 1016, "two_hop_both_atoms_correct": null, "both_atoms_correct_n": 0, "both_atoms_correct_coverage": 0.0}
{"stage": "reader", "step": 100, "n": 1024, "one_hop": 0.8779296875, "two_hop": 0.0390625, "two_hop_A_training_heads": 0.0390625, "two_hop_A_heldout_heads": null, "two_hop_changed": 0.03937007874015748, "changed_n": 1016, "two_hop_both_atoms_correct": 0.031055900621118012, "both_atoms_correct_n": 805, "both_atoms_correct_coverage": 0.7861328125}
{"stage": "reader", "step": 500, "n": 1024, "one_hop": 1.0, "two_hop": 0.970703125, "two_hop_A_training_heads": 0.970703125, "two_hop_A_heldout_heads": null, "two_hop_changed": 0.9704724409448819, "changed_n": 1016, "two_hop_both_atoms_correct": 0.970703125, "both_atoms_correct_n": 1024, "both_atoms_correct_coverage": 1.0}
{"stage": "reader", "step": 1000, "n": 1024, "one_hop": 1.0, "two_hop": 0.9892578125, "two_hop_A_training_heads": 0.9892578125, "two_hop_A_heldout_heads": null, "two_hop_changed": 0.9891732283464567, "changed_n": 1016, "two_hop_both_atoms_correct": 0.9892578125, "both_atoms_correct_n": 1024, "both_atoms_correct_coverage": 1.0}
{"stage": "reader", "step": 2000, "n": 1024, "one_hop": 1.0, "two_hop": 0.9921875, "two_hop_A_training_heads": 0.9921875, "two_hop_A_heldout_heads": null, "two_hop_changed": 0.9921259842519685, "changed_n": 1016, "two_hop_both_atoms_correct": 0.9921875, "both_atoms_correct_n": 1024, "both_atoms_correct_coverage": 1.0}
{"stage": "reader", "step": 3000, "n": 1024, "one_hop": 1.0, "two_hop": 0.9921875, "two_hop_A_training_heads": 0.9921875, "two_hop_A_heldout_heads": null, "two_hop_changed": 0.9921259842519685, "changed_n": 1016, "two_hop_both_atoms_correct": 0.9921875, "both_atoms_correct_n": 1024, "both_atoms_correct_coverage": 1.0}
{"stage": "reader", "step": 4000, "n": 1024, "one_hop": 1.0, "two_hop": 0.9921875, "two_hop_A_training_heads": 0.9921875, "two_hop_A_heldout_heads": null, "two_hop_changed": 0.9921259842519685, "changed_n": 1016, "two_hop_both_atoms_correct": 0.9921875, "both_atoms_correct_n": 1024, "both_atoms_correct_coverage": 1.0}
{"stage": "memory-B", "arm": "ce", "atomic_accuracy": 0.0078125, "neutral_accuracy": 0.0, "target_cosine": 0.011255406774580479, "output_norm": 0.29096519947052, "vector_squared_error": 1.078012466430664, "step": 0, "seconds": 0.0019494190346449614}
{"stage": "memory-B", "arm": "ce", "atomic_accuracy": 0.9609375, "neutral_accuracy": 1.0, "target_cosine": 0.586723268032074, "output_norm": 2.2778666019439697, "vector_squared_error": 3.8651282787323, "step": 100, "seconds": 0.32563276099972427}
{"stage": "memory-B", "arm": "ce", "atomic_accuracy": 1.0, "neutral_accuracy": 1.0, "target_cosine": 0.6837224960327148, "output_norm": 18.843082427978516, "vector_squared_error": 334.28546142578125, "step": 500, "seconds": 1.3149477409897372}
{"stage": "memory-B", "arm": "ce", "atomic_accuracy": 1.0, "neutral_accuracy": 1.0, "target_cosine": 0.693940281867981, "output_norm": 21.406787872314453, "vector_squared_error": 434.06451416015625, "step": 1000, "seconds": 2.525630946038291}
{"stage": "memory-B", "arm": "ce", "atomic_accuracy": 1.0, "neutral_accuracy": 1.0, "target_cosine": 0.7020872831344604, "output_norm": 23.917739868164062, "vector_squared_error": 544.6014404296875, "step": 2000, "seconds": 4.821254080045037}
{"stage": "memory-B", "arm": "ce", "atomic_accuracy": 1.0, "neutral_accuracy": 1.0, "target_cosine": 0.7092697620391846, "output_norm": 26.59697151184082, "vector_squared_error": 676.5263671875, "step": 4000, "seconds": 9.375454831053503}
{"stage": "memory-B", "arm": "ce", "atomic_accuracy": 1.0, "neutral_accuracy": 1.0, "target_cosine": 0.7130089998245239, "output_norm": 28.216686248779297, "vector_squared_error": 763.2816162109375, "step": 6000, "seconds": 13.993899333989248}
{"stage": "memory-B", "arm": "ce", "atomic_accuracy": 1.0, "neutral_accuracy": 1.0, "target_cosine": 0.7149958610534668, "output_norm": 29.153766632080078, "vector_squared_error": 815.8814697265625, "step": 8000, "seconds": 18.54274790000636}
{"stage": "memory-B", "arm": "ce", "atomic_accuracy": 1.0, "neutral_accuracy": 1.0, "target_cosine": 0.715508222579956, "output_norm": 29.405914306640625, "vector_squared_error": 830.3368530273438, "step": 10000, "seconds": 23.047200341010466}
{"status": "complete", "run": "w149011-i14902-ce", "endpoints": {"A": {"n": 1024, "one_hop": 1.0, "two_hop": 0.9921875, "two_hop_A_training_heads": 0.9921875, "two_hop_A_heldout_heads": null, "two_hop_changed": 0.9921259842519685, "changed_n": 1016, "two_hop_both_atoms_correct": 0.9921875, "both_atoms_correct_n": 1024, "both_atoms_correct_coverage": 1.0}, "B": {"n": 1024, "one_hop": 1.0, "two_hop": 0.7021484375, "two_hop_A_training_heads": 0.7021484375, "two_hop_A_heldout_heads": null, "two_hop_changed": 0.7057086614173228, "changed_n": 1016, "two_hop_both_atoms_correct": 0.7021484375, "both_atoms_correct_n": 1024, "both_atoms_correct_coverage": 1.0}, "wrong_A_on_B": {"n": 1024, "one_hop": 0.0, "two_hop": 0.0078125, "two_hop_A_training_heads": 0.0078125, "two_hop_A_heldout_heads": null, "two_hop_changed": 0.0, "changed_n": 1016, "two_hop_both_atoms_correct": null, "both_atoms_correct_n": 0, "both_atoms_correct_coverage": 0.0}}}
