{"stage": "memory-A", "arm": "ce", "atomic_accuracy": 0.015625, "neutral_accuracy": 0.0, "target_cosine": 0.0011123018339276314, "output_norm": 0.2976140081882477, "vector_squared_error": 1.0878851413726807, "step": 0, "seconds": 0.2944873449159786}
{"stage": "memory-A", "arm": "ce", "atomic_accuracy": 0.9296875, "neutral_accuracy": 0.9000000357627869, "target_cosine": 0.5774686336517334, "output_norm": 2.4060471057891846, "vector_squared_error": 4.361506462097168, "step": 100, "seconds": 0.7272637829883024}
{"stage": "memory-A", "arm": "ce", "atomic_accuracy": 1.0, "neutral_accuracy": 1.0, "target_cosine": 0.6799653172492981, "output_norm": 18.983341217041016, "vector_squared_error": 340.03131103515625, "step": 500, "seconds": 1.4913770789280534}
{"stage": "memory-A", "arm": "ce", "atomic_accuracy": 1.0, "neutral_accuracy": 1.0, "target_cosine": 0.6919505596160889, "output_norm": 21.48638153076172, "vector_squared_error": 437.9635009765625, "step": 1000, "seconds": 2.738715637009591}
{"stage": "memory-A", "arm": "ce", "atomic_accuracy": 1.0, "neutral_accuracy": 1.0, "target_cosine": 0.7015743851661682, "output_norm": 23.930578231811523, "vector_squared_error": 545.700439453125, "step": 2000, "seconds": 5.1263660659315065}
{"stage": "memory-A", "arm": "ce", "atomic_accuracy": 1.0, "neutral_accuracy": 1.0, "target_cosine": 0.7100664973258972, "output_norm": 26.53482437133789, "vector_squared_error": 673.6610717773438, "step": 4000, "seconds": 9.521835118997842}
{"stage": "memory-A", "arm": "ce", "atomic_accuracy": 1.0, "neutral_accuracy": 1.0, "target_cosine": 0.7144798040390015, "output_norm": 28.108718872070312, "vector_squared_error": 757.5845947265625, "step": 6000, "seconds": 13.783601122908294}
{"stage": "memory-A", "arm": "ce", "atomic_accuracy": 1.0, "neutral_accuracy": 1.0, "target_cosine": 0.7168168425559998, "output_norm": 29.019664764404297, "vector_squared_error": 808.4279174804688, "step": 8000, "seconds": 18.251594780012965}
{"stage": "memory-A", "arm": "ce", "atomic_accuracy": 1.0, "neutral_accuracy": 1.0, "target_cosine": 0.7174196243286133, "output_norm": 29.264923095703125, "vector_squared_error": 822.4011840820312, "step": 10000, "seconds": 22.8719001240097}
{"stage": "reader", "step": 0, "n": 1024, "one_hop": 0.00390625, "two_hop": 0.01171875, "two_hop_A_training_heads": 0.01171875, "two_hop_A_heldout_heads": null, "two_hop_changed": 0.011811023622047244, "changed_n": 1016, "two_hop_both_atoms_correct": null, "both_atoms_correct_n": 0, "both_atoms_correct_coverage": 0.0}
{"stage": "reader", "step": 100, "n": 1024, "one_hop": 0.8369140625, "two_hop": 0.0283203125, "two_hop_A_training_heads": 0.0283203125, "two_hop_A_heldout_heads": null, "two_hop_changed": 0.028543307086614175, "changed_n": 1016, "two_hop_both_atoms_correct": 0.024930747922437674, "both_atoms_correct_n": 722, "both_atoms_correct_coverage": 0.705078125}
{"stage": "reader", "step": 500, "n": 1024, "one_hop": 1.0, "two_hop": 0.9619140625, "two_hop_A_training_heads": 0.9619140625, "two_hop_A_heldout_heads": null, "two_hop_changed": 0.9616141732283464, "changed_n": 1016, "two_hop_both_atoms_correct": 0.9619140625, "both_atoms_correct_n": 1024, "both_atoms_correct_coverage": 1.0}
{"stage": "reader", "step": 1000, "n": 1024, "one_hop": 1.0, "two_hop": 0.9833984375, "two_hop_A_training_heads": 0.9833984375, "two_hop_A_heldout_heads": null, "two_hop_changed": 0.9832677165354331, "changed_n": 1016, "two_hop_both_atoms_correct": 0.9833984375, "both_atoms_correct_n": 1024, "both_atoms_correct_coverage": 1.0}
{"stage": "reader", "step": 2000, "n": 1024, "one_hop": 1.0, "two_hop": 0.98828125, "two_hop_A_training_heads": 0.98828125, "two_hop_A_heldout_heads": null, "two_hop_changed": 0.9881889763779528, "changed_n": 1016, "two_hop_both_atoms_correct": 0.98828125, "both_atoms_correct_n": 1024, "both_atoms_correct_coverage": 1.0}
{"stage": "reader", "step": 3000, "n": 1024, "one_hop": 1.0, "two_hop": 0.9951171875, "two_hop_A_training_heads": 0.9951171875, "two_hop_A_heldout_heads": null, "two_hop_changed": 0.9950787401574803, "changed_n": 1016, "two_hop_both_atoms_correct": 0.9951171875, "both_atoms_correct_n": 1024, "both_atoms_correct_coverage": 1.0}
{"stage": "reader", "step": 4000, "n": 1024, "one_hop": 1.0, "two_hop": 0.9970703125, "two_hop_A_training_heads": 0.9970703125, "two_hop_A_heldout_heads": null, "two_hop_changed": 0.9970472440944882, "changed_n": 1016, "two_hop_both_atoms_correct": 0.9970703125, "both_atoms_correct_n": 1024, "both_atoms_correct_coverage": 1.0}
{"stage": "memory-B", "arm": "ce", "atomic_accuracy": 0.0, "neutral_accuracy": 0.0, "target_cosine": -0.0013375794515013695, "output_norm": 0.2976140081882477, "vector_squared_error": 1.0893834829330444, "step": 0, "seconds": 0.0025436789728701115}
{"stage": "memory-B", "arm": "ce", "atomic_accuracy": 0.9609375, "neutral_accuracy": 1.0, "target_cosine": 0.5876781344413757, "output_norm": 2.363116979598999, "vector_squared_error": 4.134544372558594, "step": 100, "seconds": 0.43884377100039274}
{"stage": "memory-B", "arm": "ce", "atomic_accuracy": 1.0, "neutral_accuracy": 1.0, "target_cosine": 0.675089955329895, "output_norm": 19.16912841796875, "vector_squared_error": 346.4702453613281, "step": 500, "seconds": 1.432530260994099}
{"stage": "memory-B", "arm": "ce", "atomic_accuracy": 1.0, "neutral_accuracy": 1.0, "target_cosine": 0.685714840888977, "output_norm": 21.763235092163086, "vector_squared_error": 449.2908020019531, "step": 1000, "seconds": 2.70175999996718}
{"stage": "memory-B", "arm": "ce", "atomic_accuracy": 1.0, "neutral_accuracy": 1.0, "target_cosine": 0.6942470073699951, "output_norm": 24.29793930053711, "vector_squared_error": 562.8170166015625, "step": 2000, "seconds": 4.890661085955799}
{"stage": "memory-B", "arm": "ce", "atomic_accuracy": 1.0, "neutral_accuracy": 1.0, "target_cosine": 0.7018089294433594, "output_norm": 26.995929718017578, "vector_squared_error": 697.8349609375, "step": 4000, "seconds": 9.266634794999845}
{"stage": "memory-B", "arm": "ce", "atomic_accuracy": 1.0, "neutral_accuracy": 1.0, "target_cosine": 0.705757737159729, "output_norm": 28.6246337890625, "vector_squared_error": 786.4179077148438, "step": 6000, "seconds": 13.56244250596501}
{"stage": "memory-B", "arm": "ce", "atomic_accuracy": 1.0, "neutral_accuracy": 1.0, "target_cosine": 0.7078579068183899, "output_norm": 29.56651496887207, "vector_squared_error": 840.0750732421875, "step": 8000, "seconds": 18.18280963494908}
{"stage": "memory-B", "arm": "ce", "atomic_accuracy": 1.0, "neutral_accuracy": 1.0, "target_cosine": 0.7083991169929504, "output_norm": 29.819793701171875, "vector_squared_error": 854.8079833984375, "step": 10000, "seconds": 22.86420419695787}
{"status": "complete", "run": "w149011-i14901-ce", "endpoints": {"A": {"n": 1024, "one_hop": 1.0, "two_hop": 0.9970703125, "two_hop_A_training_heads": 0.9970703125, "two_hop_A_heldout_heads": null, "two_hop_changed": 0.9970472440944882, "changed_n": 1016, "two_hop_both_atoms_correct": 0.9970703125, "both_atoms_correct_n": 1024, "both_atoms_correct_coverage": 1.0}, "B": {"n": 1024, "one_hop": 1.0, "two_hop": 0.75390625, "two_hop_A_training_heads": 0.75390625, "two_hop_A_heldout_heads": null, "two_hop_changed": 0.7598425196850394, "changed_n": 1016, "two_hop_both_atoms_correct": 0.75390625, "both_atoms_correct_n": 1024, "both_atoms_correct_coverage": 1.0}, "wrong_A_on_B": {"n": 1024, "one_hop": 0.0, "two_hop": 0.0078125, "two_hop_A_training_heads": 0.0078125, "two_hop_A_heldout_heads": null, "two_hop_changed": 0.0, "changed_n": 1016, "two_hop_both_atoms_correct": null, "both_atoms_correct_n": 0, "both_atoms_correct_coverage": 0.0}}}
