{"stage": "memory-A", "arm": "aligned", "atomic_accuracy": 0.0078125, "neutral_accuracy": 0.0, "target_cosine": -0.01737608015537262, "output_norm": 0.2907564640045166, "vector_squared_error": 1.0945568084716797, "step": 0, "seconds": 0.31461351306643337}
{"stage": "memory-A", "arm": "aligned", "atomic_accuracy": 1.0, "neutral_accuracy": 1.0, "target_cosine": 0.8375247716903687, "output_norm": 0.7109929919242859, "vector_squared_error": 0.31644946336746216, "step": 100, "seconds": 0.8456276810029522}
{"stage": "memory-A", "arm": "aligned", "atomic_accuracy": 1.0, "neutral_accuracy": 1.0, "target_cosine": 0.9999910593032837, "output_norm": 1.0481488704681396, "vector_squared_error": 0.002337440149858594, "step": 500, "seconds": 1.9586270250147209}
{"stage": "memory-A", "arm": "aligned", "atomic_accuracy": 1.0, "neutral_accuracy": 1.0, "target_cosine": 0.9999910593032837, "output_norm": 1.0481503009796143, "vector_squared_error": 0.0023375710006803274, "step": 1000, "seconds": 3.2809782379772514}
{"stage": "memory-A", "arm": "aligned", "atomic_accuracy": 1.0, "neutral_accuracy": 1.0, "target_cosine": 0.9999910593032837, "output_norm": 1.0481503009796143, "vector_squared_error": 0.0023375716991722584, "step": 2000, "seconds": 5.758585777017288}
{"stage": "memory-A", "arm": "aligned", "atomic_accuracy": 1.0, "neutral_accuracy": 1.0, "target_cosine": 0.9999910593032837, "output_norm": 1.0481503009796143, "vector_squared_error": 0.0023375716991722584, "step": 4000, "seconds": 10.475298871984705}
{"stage": "memory-A", "arm": "aligned", "atomic_accuracy": 1.0, "neutral_accuracy": 1.0, "target_cosine": 0.9999910593032837, "output_norm": 1.0481503009796143, "vector_squared_error": 0.0023375716991722584, "step": 6000, "seconds": 15.147242536069825}
{"stage": "memory-A", "arm": "aligned", "atomic_accuracy": 1.0, "neutral_accuracy": 1.0, "target_cosine": 0.9999910593032837, "output_norm": 1.0481503009796143, "vector_squared_error": 0.0023375714663416147, "step": 8000, "seconds": 19.81345576804597}
{"stage": "memory-A", "arm": "aligned", "atomic_accuracy": 1.0, "neutral_accuracy": 1.0, "target_cosine": 0.9999910593032837, "output_norm": 1.0481503009796143, "vector_squared_error": 0.002337571233510971, "step": 10000, "seconds": 23.993722081067972}
{"stage": "reader", "step": 0, "n": 1024, "one_hop": 0.0, "two_hop": 0.00390625, "two_hop_A_training_heads": 0.00390625, "two_hop_A_heldout_heads": null, "two_hop_changed": 0.00390625, "changed_n": 1024, "two_hop_both_atoms_correct": null, "both_atoms_correct_n": 0, "both_atoms_correct_coverage": 0.0}
{"stage": "reader", "step": 100, "n": 1024, "one_hop": 0.7138671875, "two_hop": 0.046875, "two_hop_A_training_heads": 0.046875, "two_hop_A_heldout_heads": null, "two_hop_changed": 0.046875, "changed_n": 1024, "two_hop_both_atoms_correct": 0.07171314741035857, "both_atoms_correct_n": 502, "both_atoms_correct_coverage": 0.490234375}
{"stage": "reader", "step": 500, "n": 1024, "one_hop": 0.9970703125, "two_hop": 0.958984375, "two_hop_A_training_heads": 0.958984375, "two_hop_A_heldout_heads": null, "two_hop_changed": 0.958984375, "changed_n": 1024, "two_hop_both_atoms_correct": 0.9587426326129665, "both_atoms_correct_n": 1018, "both_atoms_correct_coverage": 0.994140625}
{"stage": "reader", "step": 1000, "n": 1024, "one_hop": 1.0, "two_hop": 0.9970703125, "two_hop_A_training_heads": 0.9970703125, "two_hop_A_heldout_heads": null, "two_hop_changed": 0.9970703125, "changed_n": 1024, "two_hop_both_atoms_correct": 0.9970703125, "both_atoms_correct_n": 1024, "both_atoms_correct_coverage": 1.0}
{"stage": "reader", "step": 2000, "n": 1024, "one_hop": 1.0, "two_hop": 1.0, "two_hop_A_training_heads": 1.0, "two_hop_A_heldout_heads": null, "two_hop_changed": 1.0, "changed_n": 1024, "two_hop_both_atoms_correct": 1.0, "both_atoms_correct_n": 1024, "both_atoms_correct_coverage": 1.0}
{"stage": "reader", "step": 3000, "n": 1024, "one_hop": 1.0, "two_hop": 0.9990234375, "two_hop_A_training_heads": 0.9990234375, "two_hop_A_heldout_heads": null, "two_hop_changed": 0.9990234375, "changed_n": 1024, "two_hop_both_atoms_correct": 0.9990234375, "both_atoms_correct_n": 1024, "both_atoms_correct_coverage": 1.0}
{"stage": "reader", "step": 4000, "n": 1024, "one_hop": 1.0, "two_hop": 1.0, "two_hop_A_training_heads": 1.0, "two_hop_A_heldout_heads": null, "two_hop_changed": 1.0, "changed_n": 1024, "two_hop_both_atoms_correct": 1.0, "both_atoms_correct_n": 1024, "both_atoms_correct_coverage": 1.0}
{"stage": "memory-B", "arm": "aligned", "atomic_accuracy": 0.0078125, "neutral_accuracy": 0.0, "target_cosine": -0.018651075661182404, "output_norm": 0.2907564640045166, "vector_squared_error": 1.0955075025558472, "step": 0, "seconds": 0.0017577020917087793}
{"stage": "memory-B", "arm": "aligned", "atomic_accuracy": 1.0, "neutral_accuracy": 1.0, "target_cosine": 0.8353047370910645, "output_norm": 0.697932243347168, "vector_squared_error": 0.3235076069831848, "step": 100, "seconds": 0.2905632460024208}
{"stage": "memory-B", "arm": "aligned", "atomic_accuracy": 1.0, "neutral_accuracy": 1.0, "target_cosine": 0.9999910593032837, "output_norm": 1.0481489896774292, "vector_squared_error": 0.0023374459706246853, "step": 500, "seconds": 1.3342114880215377}
{"stage": "memory-B", "arm": "aligned", "atomic_accuracy": 1.0, "neutral_accuracy": 1.0, "target_cosine": 0.9999910593032837, "output_norm": 1.0481503009796143, "vector_squared_error": 0.0023375710006803274, "step": 1000, "seconds": 2.627538073109463}
{"stage": "memory-B", "arm": "aligned", "atomic_accuracy": 1.0, "neutral_accuracy": 1.0, "target_cosine": 0.9999910593032837, "output_norm": 1.048149824142456, "vector_squared_error": 0.002337557729333639, "step": 2000, "seconds": 4.9484261710895225}
{"stage": "memory-B", "arm": "aligned", "atomic_accuracy": 1.0, "neutral_accuracy": 1.0, "target_cosine": 0.9999909400939941, "output_norm": 1.0481477975845337, "vector_squared_error": 0.002337475772947073, "step": 4000, "seconds": 8.813603131100535}
{"stage": "memory-B", "arm": "aligned", "atomic_accuracy": 1.0, "neutral_accuracy": 1.0, "target_cosine": 0.9999910593032837, "output_norm": 1.0481493473052979, "vector_squared_error": 0.0023375232703983784, "step": 6000, "seconds": 13.233066752087325}
{"stage": "memory-B", "arm": "aligned", "atomic_accuracy": 1.0, "neutral_accuracy": 1.0, "target_cosine": 0.9999910593032837, "output_norm": 1.0481503009796143, "vector_squared_error": 0.002337571233510971, "step": 8000, "seconds": 17.84650778910145}
{"stage": "memory-B", "arm": "aligned", "atomic_accuracy": 1.0, "neutral_accuracy": 1.0, "target_cosine": 0.9999910593032837, "output_norm": 1.0481503009796143, "vector_squared_error": 0.0023375716991722584, "step": 10000, "seconds": 22.521045039058663}
{"status": "complete", "run": "w149012-i14902-aligned", "endpoints": {"A": {"n": 1024, "one_hop": 1.0, "two_hop": 1.0, "two_hop_A_training_heads": 1.0, "two_hop_A_heldout_heads": null, "two_hop_changed": 1.0, "changed_n": 1024, "two_hop_both_atoms_correct": 1.0, "both_atoms_correct_n": 1024, "both_atoms_correct_coverage": 1.0}, "B": {"n": 1024, "one_hop": 1.0, "two_hop": 0.9375, "two_hop_A_training_heads": 0.9375, "two_hop_A_heldout_heads": null, "two_hop_changed": 0.9375, "changed_n": 1024, "two_hop_both_atoms_correct": 0.9375, "both_atoms_correct_n": 1024, "both_atoms_correct_coverage": 1.0}, "wrong_A_on_B": {"n": 1024, "one_hop": 0.0, "two_hop": 0.0, "two_hop_A_training_heads": 0.0, "two_hop_A_heldout_heads": null, "two_hop_changed": 0.0, "changed_n": 1024, "two_hop_both_atoms_correct": null, "both_atoms_correct_n": 0, "both_atoms_correct_coverage": 0.0}}}
