{"stage": "memory-A", "arm": "ce", "atomic_accuracy": 0.015625, "neutral_accuracy": 0.0, "target_cosine": 0.015246391296386719, "output_norm": 0.2976282238960266, "vector_squared_error": 1.0794427394866943, "step": 0, "seconds": 0.2905860299943015}
{"stage": "memory-A", "arm": "ce", "atomic_accuracy": 0.953125, "neutral_accuracy": 1.0, "target_cosine": 0.5774990320205688, "output_norm": 2.3809077739715576, "vector_squared_error": 4.356152534484863, "step": 100, "seconds": 0.6536391229601577}
{"stage": "memory-A", "arm": "ce", "atomic_accuracy": 1.0, "neutral_accuracy": 1.0, "target_cosine": 0.6789634823799133, "output_norm": 18.914573669433594, "vector_squared_error": 337.0244140625, "step": 500, "seconds": 1.8308635229477659}
{"stage": "memory-A", "arm": "ce", "atomic_accuracy": 1.0, "neutral_accuracy": 1.0, "target_cosine": 0.6907884478569031, "output_norm": 21.420501708984375, "vector_squared_error": 434.7616271972656, "step": 1000, "seconds": 3.1672533409437165}
{"stage": "memory-A", "arm": "ce", "atomic_accuracy": 1.0, "neutral_accuracy": 1.0, "target_cosine": 0.7003307342529297, "output_norm": 23.87506675720215, "vector_squared_error": 542.7340087890625, "step": 2000, "seconds": 5.541095401975326}
{"stage": "memory-A", "arm": "ce", "atomic_accuracy": 1.0, "neutral_accuracy": 1.0, "target_cosine": 0.708802342414856, "output_norm": 26.495868682861328, "vector_squared_error": 671.3836669921875, "step": 4000, "seconds": 10.22385807603132}
{"stage": "memory-A", "arm": "ce", "atomic_accuracy": 1.0, "neutral_accuracy": 1.0, "target_cosine": 0.7132324576377869, "output_norm": 28.081703186035156, "vector_squared_error": 755.9295654296875, "step": 6000, "seconds": 14.759476876002736}
{"stage": "memory-A", "arm": "ce", "atomic_accuracy": 1.0, "neutral_accuracy": 1.0, "target_cosine": 0.7155884504318237, "output_norm": 29.000019073486328, "vector_squared_error": 807.198486328125, "step": 8000, "seconds": 19.401703646988608}
{"stage": "memory-A", "arm": "ce", "atomic_accuracy": 1.0, "neutral_accuracy": 1.0, "target_cosine": 0.7161970138549805, "output_norm": 29.247314453125, "vector_squared_error": 821.2941284179688, "step": 10000, "seconds": 24.04145915491972}
{"stage": "reader", "step": 0, "n": 1024, "one_hop": 0.0009765625, "two_hop": 0.0009765625, "two_hop_A_training_heads": 0.0009765625, "two_hop_A_heldout_heads": null, "two_hop_changed": 0.000984251968503937, "changed_n": 1016, "two_hop_both_atoms_correct": null, "both_atoms_correct_n": 0, "both_atoms_correct_coverage": 0.0}
{"stage": "reader", "step": 100, "n": 1024, "one_hop": 0.53515625, "two_hop": 0.078125, "two_hop_A_training_heads": 0.078125, "two_hop_A_heldout_heads": null, "two_hop_changed": 0.07874015748031496, "changed_n": 1016, "two_hop_both_atoms_correct": 0.07975460122699386, "both_atoms_correct_n": 326, "both_atoms_correct_coverage": 0.318359375}
{"stage": "reader", "step": 500, "n": 1024, "one_hop": 0.984375, "two_hop": 0.880859375, "two_hop_A_training_heads": 0.880859375, "two_hop_A_heldout_heads": null, "two_hop_changed": 0.8799212598425197, "changed_n": 1016, "two_hop_both_atoms_correct": 0.8931451612903226, "both_atoms_correct_n": 992, "both_atoms_correct_coverage": 0.96875}
{"stage": "reader", "step": 1000, "n": 1024, "one_hop": 1.0, "two_hop": 0.982421875, "two_hop_A_training_heads": 0.982421875, "two_hop_A_heldout_heads": null, "two_hop_changed": 0.9822834645669292, "changed_n": 1016, "two_hop_both_atoms_correct": 0.982421875, "both_atoms_correct_n": 1024, "both_atoms_correct_coverage": 1.0}
{"stage": "reader", "step": 2000, "n": 1024, "one_hop": 1.0, "two_hop": 0.9921875, "two_hop_A_training_heads": 0.9921875, "two_hop_A_heldout_heads": null, "two_hop_changed": 0.9921259842519685, "changed_n": 1016, "two_hop_both_atoms_correct": 0.9921875, "both_atoms_correct_n": 1024, "both_atoms_correct_coverage": 1.0}
{"stage": "reader", "step": 3000, "n": 1024, "one_hop": 1.0, "two_hop": 0.9921875, "two_hop_A_training_heads": 0.9921875, "two_hop_A_heldout_heads": null, "two_hop_changed": 0.9921259842519685, "changed_n": 1016, "two_hop_both_atoms_correct": 0.9921875, "both_atoms_correct_n": 1024, "both_atoms_correct_coverage": 1.0}
{"stage": "reader", "step": 4000, "n": 1024, "one_hop": 1.0, "two_hop": 0.9912109375, "two_hop_A_training_heads": 0.9912109375, "two_hop_A_heldout_heads": null, "two_hop_changed": 0.9911417322834646, "changed_n": 1016, "two_hop_both_atoms_correct": 0.9912109375, "both_atoms_correct_n": 1024, "both_atoms_correct_coverage": 1.0}
{"stage": "memory-B", "arm": "ce", "atomic_accuracy": 0.0, "neutral_accuracy": 0.0, "target_cosine": 0.014864311553537846, "output_norm": 0.2976282238960266, "vector_squared_error": 1.0797436237335205, "step": 0, "seconds": 0.0024275410687550902}
{"stage": "memory-B", "arm": "ce", "atomic_accuracy": 0.9375, "neutral_accuracy": 1.0, "target_cosine": 0.596894383430481, "output_norm": 2.277726650238037, "vector_squared_error": 3.765052318572998, "step": 100, "seconds": 0.3138158021029085}
{"stage": "memory-B", "arm": "ce", "atomic_accuracy": 1.0, "neutral_accuracy": 1.0, "target_cosine": 0.6928465962409973, "output_norm": 18.44175910949707, "vector_squared_error": 319.1852111816406, "step": 500, "seconds": 1.354239116073586}
{"stage": "memory-B", "arm": "ce", "atomic_accuracy": 1.0, "neutral_accuracy": 1.0, "target_cosine": 0.7038331627845764, "output_norm": 20.903751373291016, "vector_squared_error": 412.64013671875, "step": 1000, "seconds": 2.457395921112038}
{"stage": "memory-B", "arm": "ce", "atomic_accuracy": 1.0, "neutral_accuracy": 1.0, "target_cosine": 0.7125809192657471, "output_norm": 23.318729400634766, "vector_squared_error": 516.124755859375, "step": 2000, "seconds": 4.786709403037094}
{"stage": "memory-B", "arm": "ce", "atomic_accuracy": 1.0, "neutral_accuracy": 1.0, "target_cosine": 0.7202398777008057, "output_norm": 25.901823043823242, "vector_squared_error": 639.7723388671875, "step": 4000, "seconds": 8.930867448099889}
{"stage": "memory-B", "arm": "ce", "atomic_accuracy": 1.0, "neutral_accuracy": 1.0, "target_cosine": 0.7242022752761841, "output_norm": 27.46778678894043, "vector_squared_error": 721.2566528320312, "step": 6000, "seconds": 13.547033176058903}
{"stage": "memory-B", "arm": "ce", "atomic_accuracy": 1.0, "neutral_accuracy": 1.0, "target_cosine": 0.7262978553771973, "output_norm": 28.375524520874023, "vector_squared_error": 770.746337890625, "step": 8000, "seconds": 18.238847075030208}
{"stage": "memory-B", "arm": "ce", "atomic_accuracy": 1.0, "neutral_accuracy": 1.0, "target_cosine": 0.7268363237380981, "output_norm": 28.61981201171875, "vector_squared_error": 784.347900390625, "step": 10000, "seconds": 21.74945605301764}
{"status": "complete", "run": "w149013-i14901-ce", "endpoints": {"A": {"n": 1024, "one_hop": 1.0, "two_hop": 0.9912109375, "two_hop_A_training_heads": 0.9912109375, "two_hop_A_heldout_heads": null, "two_hop_changed": 0.9911417322834646, "changed_n": 1016, "two_hop_both_atoms_correct": 0.9912109375, "both_atoms_correct_n": 1024, "both_atoms_correct_coverage": 1.0}, "B": {"n": 1024, "one_hop": 1.0, "two_hop": 0.7177734375, "two_hop_A_training_heads": 0.7177734375, "two_hop_A_heldout_heads": null, "two_hop_changed": 0.718503937007874, "changed_n": 1016, "two_hop_both_atoms_correct": 0.7177734375, "both_atoms_correct_n": 1024, "both_atoms_correct_coverage": 1.0}, "wrong_A_on_B": {"n": 1024, "one_hop": 0.0, "two_hop": 0.0078125, "two_hop_A_training_heads": 0.0078125, "two_hop_A_heldout_heads": null, "two_hop_changed": 0.0, "changed_n": 1016, "two_hop_both_atoms_correct": null, "both_atoms_correct_n": 0, "both_atoms_correct_coverage": 0.0}}}
