{"stage": "memory-A", "arm": "ce", "atomic_accuracy": 0.0078125, "neutral_accuracy": 0.0, "target_cosine": -0.0011529787443578243, "output_norm": 0.2976648807525635, "vector_squared_error": 1.0892319679260254, "step": 0, "seconds": 0.2985073219751939}
{"stage": "memory-A", "arm": "ce", "atomic_accuracy": 0.921875, "neutral_accuracy": 1.0, "target_cosine": 0.5801486372947693, "output_norm": 2.3600387573242188, "vector_squared_error": 4.214209079742432, "step": 100, "seconds": 0.6537838679505512}
{"stage": "memory-A", "arm": "ce", "atomic_accuracy": 1.0, "neutral_accuracy": 1.0, "target_cosine": 0.6822419166564941, "output_norm": 18.947277069091797, "vector_squared_error": 339.0423278808594, "step": 500, "seconds": 1.7652682879706845}
{"stage": "memory-A", "arm": "ce", "atomic_accuracy": 1.0, "neutral_accuracy": 1.0, "target_cosine": 0.6929439902305603, "output_norm": 21.50524139404297, "vector_squared_error": 439.3203125, "step": 1000, "seconds": 3.125540563953109}
{"stage": "memory-A", "arm": "ce", "atomic_accuracy": 1.0, "neutral_accuracy": 1.0, "target_cosine": 0.701587438583374, "output_norm": 24.004642486572266, "vector_squared_error": 549.99951171875, "step": 2000, "seconds": 5.597350002033636}
{"stage": "memory-A", "arm": "ce", "atomic_accuracy": 1.0, "neutral_accuracy": 1.0, "target_cosine": 0.7092056274414062, "output_norm": 26.668533325195312, "vector_squared_error": 681.7817993164062, "step": 4000, "seconds": 10.422854720964096}
{"stage": "memory-A", "arm": "ce", "atomic_accuracy": 1.0, "neutral_accuracy": 1.0, "target_cosine": 0.7131458520889282, "output_norm": 28.27902603149414, "vector_squared_error": 768.36962890625, "step": 6000, "seconds": 15.119780055014417}
{"stage": "memory-A", "arm": "ce", "atomic_accuracy": 1.0, "neutral_accuracy": 1.0, "target_cosine": 0.7152262330055237, "output_norm": 29.211814880371094, "vector_squared_error": 820.9054565429688, "step": 8000, "seconds": 19.787570156971924}
{"stage": "memory-A", "arm": "ce", "atomic_accuracy": 1.0, "neutral_accuracy": 1.0, "target_cosine": 0.7157604098320007, "output_norm": 29.462928771972656, "vector_squared_error": 835.3466796875, "step": 10000, "seconds": 24.349323067930527}
{"stage": "reader", "step": 0, "n": 1024, "one_hop": 0.0009765625, "two_hop": 0.0029296875, "two_hop_A_training_heads": 0.0029296875, "two_hop_A_heldout_heads": null, "two_hop_changed": 0.0029296875, "changed_n": 1024, "two_hop_both_atoms_correct": null, "both_atoms_correct_n": 0, "both_atoms_correct_coverage": 0.0}
{"stage": "reader", "step": 100, "n": 1024, "one_hop": 0.697265625, "two_hop": 0.115234375, "two_hop_A_training_heads": 0.115234375, "two_hop_A_heldout_heads": null, "two_hop_changed": 0.115234375, "changed_n": 1024, "two_hop_both_atoms_correct": 0.1670235546038544, "both_atoms_correct_n": 467, "both_atoms_correct_coverage": 0.4560546875}
{"stage": "reader", "step": 500, "n": 1024, "one_hop": 0.984375, "two_hop": 0.892578125, "two_hop_A_training_heads": 0.892578125, "two_hop_A_heldout_heads": null, "two_hop_changed": 0.892578125, "changed_n": 1024, "two_hop_both_atoms_correct": 0.907258064516129, "both_atoms_correct_n": 992, "both_atoms_correct_coverage": 0.96875}
{"stage": "reader", "step": 1000, "n": 1024, "one_hop": 0.9921875, "two_hop": 0.9560546875, "two_hop_A_training_heads": 0.9560546875, "two_hop_A_heldout_heads": null, "two_hop_changed": 0.9560546875, "changed_n": 1024, "two_hop_both_atoms_correct": 0.9632936507936508, "both_atoms_correct_n": 1008, "both_atoms_correct_coverage": 0.984375}
{"stage": "reader", "step": 2000, "n": 1024, "one_hop": 1.0, "two_hop": 0.982421875, "two_hop_A_training_heads": 0.982421875, "two_hop_A_heldout_heads": null, "two_hop_changed": 0.982421875, "changed_n": 1024, "two_hop_both_atoms_correct": 0.982421875, "both_atoms_correct_n": 1024, "both_atoms_correct_coverage": 1.0}
{"stage": "reader", "step": 3000, "n": 1024, "one_hop": 1.0, "two_hop": 0.9892578125, "two_hop_A_training_heads": 0.9892578125, "two_hop_A_heldout_heads": null, "two_hop_changed": 0.9892578125, "changed_n": 1024, "two_hop_both_atoms_correct": 0.9892578125, "both_atoms_correct_n": 1024, "both_atoms_correct_coverage": 1.0}
{"stage": "reader", "step": 4000, "n": 1024, "one_hop": 1.0, "two_hop": 0.994140625, "two_hop_A_training_heads": 0.994140625, "two_hop_A_heldout_heads": null, "two_hop_changed": 0.994140625, "changed_n": 1024, "two_hop_both_atoms_correct": 0.994140625, "both_atoms_correct_n": 1024, "both_atoms_correct_coverage": 1.0}
{"stage": "memory-B", "arm": "ce", "atomic_accuracy": 0.0078125, "neutral_accuracy": 0.0, "target_cosine": -0.0010625701397657394, "output_norm": 0.2976648807525635, "vector_squared_error": 1.089306116104126, "step": 0, "seconds": 0.0014280469622462988}
{"stage": "memory-B", "arm": "ce", "atomic_accuracy": 0.921875, "neutral_accuracy": 1.0, "target_cosine": 0.5697418451309204, "output_norm": 2.3815691471099854, "vector_squared_error": 4.45348596572876, "step": 100, "seconds": 0.3797384100034833}
{"stage": "memory-B", "arm": "ce", "atomic_accuracy": 1.0, "neutral_accuracy": 1.0, "target_cosine": 0.6786175966262817, "output_norm": 19.05292320251465, "vector_squared_error": 344.4164123535156, "step": 500, "seconds": 1.4116610799683258}
{"stage": "memory-B", "arm": "ce", "atomic_accuracy": 1.0, "neutral_accuracy": 1.0, "target_cosine": 0.6897364854812622, "output_norm": 21.585006713867188, "vector_squared_error": 444.29669189453125, "step": 1000, "seconds": 2.6591858350438997}
{"stage": "memory-B", "arm": "ce", "atomic_accuracy": 1.0, "neutral_accuracy": 1.0, "target_cosine": 0.6986247301101685, "output_norm": 24.057458877563477, "vector_squared_error": 554.2308349609375, "step": 2000, "seconds": 5.193065272062086}
{"stage": "memory-B", "arm": "ce", "atomic_accuracy": 1.0, "neutral_accuracy": 1.0, "target_cosine": 0.7064523696899414, "output_norm": 26.695072174072266, "vector_squared_error": 685.023193359375, "step": 4000, "seconds": 9.852078499039635}
{"stage": "memory-B", "arm": "ce", "atomic_accuracy": 1.0, "neutral_accuracy": 1.0, "target_cosine": 0.7105112671852112, "output_norm": 28.29163360595703, "vector_squared_error": 770.972900390625, "step": 6000, "seconds": 14.46877392497845}
{"stage": "memory-B", "arm": "ce", "atomic_accuracy": 1.0, "neutral_accuracy": 1.0, "target_cosine": 0.7126548886299133, "output_norm": 29.21686553955078, "vector_squared_error": 823.1242065429688, "step": 8000, "seconds": 19.064946269034408}
{"stage": "memory-B", "arm": "ce", "atomic_accuracy": 1.0, "neutral_accuracy": 1.0, "target_cosine": 0.7132061719894409, "output_norm": 29.46573829650879, "vector_squared_error": 837.4441528320312, "step": 10000, "seconds": 23.546761253033765}
{"status": "complete", "run": "w149012-i14901-ce", "endpoints": {"A": {"n": 1024, "one_hop": 1.0, "two_hop": 0.994140625, "two_hop_A_training_heads": 0.994140625, "two_hop_A_heldout_heads": null, "two_hop_changed": 0.994140625, "changed_n": 1024, "two_hop_both_atoms_correct": 0.994140625, "both_atoms_correct_n": 1024, "both_atoms_correct_coverage": 1.0}, "B": {"n": 1024, "one_hop": 1.0, "two_hop": 0.5830078125, "two_hop_A_training_heads": 0.5830078125, "two_hop_A_heldout_heads": null, "two_hop_changed": 0.5830078125, "changed_n": 1024, "two_hop_both_atoms_correct": 0.5830078125, "both_atoms_correct_n": 1024, "both_atoms_correct_coverage": 1.0}, "wrong_A_on_B": {"n": 1024, "one_hop": 0.0, "two_hop": 0.0, "two_hop_A_training_heads": 0.0, "two_hop_A_heldout_heads": null, "two_hop_changed": 0.0, "changed_n": 1024, "two_hop_both_atoms_correct": null, "both_atoms_correct_n": 0, "both_atoms_correct_coverage": 0.0}}}
