{"stage": "memory-A", "arm": "ce", "atomic_accuracy": 0.0078125, "neutral_accuracy": 0.0, "target_cosine": 0.004683864302933216, "output_norm": 0.29096972942352295, "vector_squared_error": 1.081974983215332, "step": 0, "seconds": 0.31466783105861396}
{"stage": "memory-A", "arm": "ce", "atomic_accuracy": 0.9609375, "neutral_accuracy": 1.0, "target_cosine": 0.5949959754943848, "output_norm": 2.1870596408843994, "vector_squared_error": 3.4793343544006348, "step": 100, "seconds": 0.8018436779966578}
{"stage": "memory-A", "arm": "ce", "atomic_accuracy": 1.0, "neutral_accuracy": 1.0, "target_cosine": 0.6917413473129272, "output_norm": 18.434284210205078, "vector_squared_error": 318.8612060546875, "step": 500, "seconds": 2.1129846579860896}
{"stage": "memory-A", "arm": "ce", "atomic_accuracy": 1.0, "neutral_accuracy": 1.0, "target_cosine": 0.7040092349052429, "output_norm": 20.880699157714844, "vector_squared_error": 411.6593017578125, "step": 1000, "seconds": 3.4323402260197327}
{"stage": "memory-A", "arm": "ce", "atomic_accuracy": 1.0, "neutral_accuracy": 1.0, "target_cosine": 0.7136484384536743, "output_norm": 23.27569007873535, "vector_squared_error": 514.1594848632812, "step": 2000, "seconds": 5.885670684045181}
{"stage": "memory-A", "arm": "ce", "atomic_accuracy": 1.0, "neutral_accuracy": 1.0, "target_cosine": 0.7219686508178711, "output_norm": 25.835756301879883, "vector_squared_error": 636.4833374023438, "step": 4000, "seconds": 10.046737381024286}
{"stage": "memory-A", "arm": "ce", "atomic_accuracy": 1.0, "neutral_accuracy": 1.0, "target_cosine": 0.7262202501296997, "output_norm": 27.38741683959961, "vector_squared_error": 717.0457153320312, "step": 6000, "seconds": 14.682171488995664}
{"stage": "memory-A", "arm": "ce", "atomic_accuracy": 1.0, "neutral_accuracy": 1.0, "target_cosine": 0.7284525632858276, "output_norm": 28.28655433654785, "vector_squared_error": 765.94775390625, "step": 8000, "seconds": 18.539454319048673}
{"stage": "memory-A", "arm": "ce", "atomic_accuracy": 1.0, "neutral_accuracy": 1.0, "target_cosine": 0.7290251851081848, "output_norm": 28.5286808013916, "vector_squared_error": 779.394775390625, "step": 10000, "seconds": 23.122093176003546}
{"stage": "reader", "step": 0, "n": 1024, "one_hop": 0.0009765625, "two_hop": 0.001953125, "two_hop_A_training_heads": 0.001953125, "two_hop_A_heldout_heads": null, "two_hop_changed": 0.001968503937007874, "changed_n": 1016, "two_hop_both_atoms_correct": null, "both_atoms_correct_n": 0, "both_atoms_correct_coverage": 0.0}
{"stage": "reader", "step": 100, "n": 1024, "one_hop": 0.60546875, "two_hop": 0.0625, "two_hop_A_training_heads": 0.0625, "two_hop_A_heldout_heads": null, "two_hop_changed": 0.06299212598425197, "changed_n": 1016, "two_hop_both_atoms_correct": 0.09234828496042216, "both_atoms_correct_n": 379, "both_atoms_correct_coverage": 0.3701171875}
{"stage": "reader", "step": 500, "n": 1024, "one_hop": 0.9921875, "two_hop": 0.9267578125, "two_hop_A_training_heads": 0.9267578125, "two_hop_A_heldout_heads": null, "two_hop_changed": 0.9261811023622047, "changed_n": 1016, "two_hop_both_atoms_correct": 0.9345238095238095, "both_atoms_correct_n": 1008, "both_atoms_correct_coverage": 0.984375}
{"stage": "reader", "step": 1000, "n": 1024, "one_hop": 0.9921875, "two_hop": 0.9833984375, "two_hop_A_training_heads": 0.9833984375, "two_hop_A_heldout_heads": null, "two_hop_changed": 0.9832677165354331, "changed_n": 1016, "two_hop_both_atoms_correct": 0.9910714285714286, "both_atoms_correct_n": 1008, "both_atoms_correct_coverage": 0.984375}
{"stage": "reader", "step": 2000, "n": 1024, "one_hop": 1.0, "two_hop": 1.0, "two_hop_A_training_heads": 1.0, "two_hop_A_heldout_heads": null, "two_hop_changed": 1.0, "changed_n": 1016, "two_hop_both_atoms_correct": 1.0, "both_atoms_correct_n": 1024, "both_atoms_correct_coverage": 1.0}
{"stage": "reader", "step": 3000, "n": 1024, "one_hop": 1.0, "two_hop": 1.0, "two_hop_A_training_heads": 1.0, "two_hop_A_heldout_heads": null, "two_hop_changed": 1.0, "changed_n": 1016, "two_hop_both_atoms_correct": 1.0, "both_atoms_correct_n": 1024, "both_atoms_correct_coverage": 1.0}
{"stage": "reader", "step": 4000, "n": 1024, "one_hop": 1.0, "two_hop": 1.0, "two_hop_A_training_heads": 1.0, "two_hop_A_heldout_heads": null, "two_hop_changed": 1.0, "changed_n": 1016, "two_hop_both_atoms_correct": 1.0, "both_atoms_correct_n": 1024, "both_atoms_correct_coverage": 1.0}
{"stage": "memory-B", "arm": "ce", "atomic_accuracy": 0.0078125, "neutral_accuracy": 0.0, "target_cosine": 0.005887030623853207, "output_norm": 0.29096972942352295, "vector_squared_error": 1.0812053680419922, "step": 0, "seconds": 0.0024386009899899364}
{"stage": "memory-B", "arm": "ce", "atomic_accuracy": 0.9296875, "neutral_accuracy": 1.0, "target_cosine": 0.6003583669662476, "output_norm": 2.232529640197754, "vector_squared_error": 3.571103096008301, "step": 100, "seconds": 0.3219541589496657}
{"stage": "memory-B", "arm": "ce", "atomic_accuracy": 1.0, "neutral_accuracy": 1.0, "target_cosine": 0.6932840943336487, "output_norm": 18.370826721191406, "vector_squared_error": 316.36663818359375, "step": 500, "seconds": 1.348327002953738}
{"stage": "memory-B", "arm": "ce", "atomic_accuracy": 1.0, "neutral_accuracy": 1.0, "target_cosine": 0.7036087512969971, "output_norm": 20.83450698852539, "vector_squared_error": 409.5379943847656, "step": 1000, "seconds": 2.518151154043153}
{"stage": "memory-B", "arm": "ce", "atomic_accuracy": 1.0, "neutral_accuracy": 1.0, "target_cosine": 0.7117867469787598, "output_norm": 23.256807327270508, "vector_squared_error": 513.0191650390625, "step": 2000, "seconds": 4.697804316994734}
{"stage": "memory-B", "arm": "ce", "atomic_accuracy": 1.0, "neutral_accuracy": 1.0, "target_cosine": 0.7189232110977173, "output_norm": 25.85068130493164, "vector_squared_error": 636.8912353515625, "step": 4000, "seconds": 9.294045550981537}
{"stage": "memory-B", "arm": "ce", "atomic_accuracy": 1.0, "neutral_accuracy": 1.0, "target_cosine": 0.7226085662841797, "output_norm": 27.423885345458984, "vector_squared_error": 718.6040649414062, "step": 6000, "seconds": 13.765123461023904}
{"stage": "memory-B", "arm": "ce", "atomic_accuracy": 1.0, "neutral_accuracy": 1.0, "target_cosine": 0.7245568037033081, "output_norm": 28.336177825927734, "vector_squared_error": 768.267578125, "step": 8000, "seconds": 18.243737385957502}
{"stage": "memory-B", "arm": "ce", "atomic_accuracy": 1.0, "neutral_accuracy": 1.0, "target_cosine": 0.72505784034729, "output_norm": 28.58181381225586, "vector_squared_error": 781.924560546875, "step": 10000, "seconds": 22.239885978982784}
{"status": "complete", "run": "w149013-i14902-ce", "endpoints": {"A": {"n": 1024, "one_hop": 1.0, "two_hop": 1.0, "two_hop_A_training_heads": 1.0, "two_hop_A_heldout_heads": null, "two_hop_changed": 1.0, "changed_n": 1016, "two_hop_both_atoms_correct": 1.0, "both_atoms_correct_n": 1024, "both_atoms_correct_coverage": 1.0}, "B": {"n": 1024, "one_hop": 1.0, "two_hop": 0.59375, "two_hop_A_training_heads": 0.59375, "two_hop_A_heldout_heads": null, "two_hop_changed": 0.5905511811023622, "changed_n": 1016, "two_hop_both_atoms_correct": 0.59375, "both_atoms_correct_n": 1024, "both_atoms_correct_coverage": 1.0}, "wrong_A_on_B": {"n": 1024, "one_hop": 0.0, "two_hop": 0.0078125, "two_hop_A_training_heads": 0.0078125, "two_hop_A_heldout_heads": null, "two_hop_changed": 0.0, "changed_n": 1016, "two_hop_both_atoms_correct": null, "both_atoms_correct_n": 0, "both_atoms_correct_coverage": 0.0}}}
