{
  "config": "configs/grok-multihop-development-analysis-v1.json",
  "completed_runs": 4,
  "registered_runs": 4,
  "endpoints": [
    {
      "run_id": "dev-k3-d4-phi6",
      "phase": "development",
      "world": 144001,
      "initialization": 14401,
      "hops": 3,
      "layers": 4,
      "width": 128,
      "phi": 6.0,
      "steps": 128000,
      "parameters": 813056,
      "atomic": 1.0,
      "train_composite": 1.0,
      "test_probe": 0.1142578125,
      "test_full": 0.09912950790548943,
      "test_full_n": 5629,
      "autonomous_calls_probe": 1.0,
      "ood_composite": 0.0,
      "ood_composite_n": 5,
      "T90_probe": null,
      "atomic_mean_exposure": 4775.2822265625,
      "estimated_training_flops": 785475698688000,
      "examples": 32768000,
      "effective_input_tokens": 154060222,
      "training_seconds": 186.55248135863803,
      "evaluation_seconds": 2.161133630783297,
      "dataset_sha256": "0fb1be9f4fbd9c67498c5a2c60eabc6458e2f2f4bcc77fd56b4f2ecf8ac3f36e",
      "training_fraction_of_id_paths": 0.10438234189776324
    },
    {
      "run_id": "dev-k4-d6-phi6",
      "phase": "development",
      "world": 144001,
      "initialization": 14401,
      "hops": 4,
      "layers": 6,
      "width": 128,
      "phi": 6.0,
      "steps": 128000,
      "parameters": 1209600,
      "atomic": 1.0,
      "train_composite": 1.0,
      "test_probe": 0.0791015625,
      "test_full": 0.07152927906758154,
      "test_full_n": 42556,
      "autonomous_calls_probe": 1.0,
      "ood_composite": 0.0,
      "ood_composite_n": 1,
      "T90_probe": null,
      "atomic_mean_exposure": 4775.2822265625,
      "estimated_training_flops": 1409789460480000,
      "examples": 32768000,
      "effective_input_tokens": 181938333,
      "training_seconds": 258.62781097367406,
      "evaluation_seconds": 3.06535249191802,
      "dataset_sha256": "41d2140ff90cbc14caa018d571f7c43675f7907ba9fe13d2a5c560ed17c616fc",
      "training_fraction_of_id_paths": 0.013754108209350814
    },
    {
      "run_id": "dev-k3-d4-phi24",
      "phase": "development",
      "world": 144001,
      "initialization": 14401,
      "hops": 3,
      "layers": 4,
      "width": 128,
      "phi": 24.0,
      "steps": 128000,
      "parameters": 813056,
      "atomic": 1.0,
      "train_composite": 1.0,
      "test_probe": 0.9404296875,
      "test_full": 0.950257594599396,
      "test_full_n": 5629,
      "autonomous_calls_probe": 1.0,
      "ood_composite": 0.0,
      "ood_composite_n": 5,
      "T90_probe": 100000,
      "atomic_mean_exposure": 1344.28125,
      "estimated_training_flops": 785475698688000,
      "examples": 32768000,
      "effective_input_tokens": 161086912,
      "training_seconds": 185.29605581483338,
      "evaluation_seconds": 4.419999553123489,
      "dataset_sha256": "1036cb47364eca980f3d41d7201c37880f2141c27c1912299beb086344ddbeb4",
      "training_fraction_of_id_paths": 0.41752936759105297
    },
    {
      "run_id": "dev-k4-d6-phi24",
      "phase": "development",
      "world": 144001,
      "initialization": 14401,
      "hops": 4,
      "layers": 6,
      "width": 128,
      "phi": 24.0,
      "steps": 128000,
      "parameters": 1209600,
      "atomic": 1.0,
      "train_composite": 1.0,
      "test_probe": 0.10546875,
      "test_full": 0.11836168812858351,
      "test_full_n": 42556,
      "autonomous_calls_probe": 1.0,
      "ood_composite": 0.0,
      "ood_composite_n": 1,
      "T90_probe": null,
      "atomic_mean_exposure": 1344.28125,
      "estimated_training_flops": 1409789460480000,
      "examples": 32768000,
      "effective_input_tokens": 192478368,
      "training_seconds": 257.84417258633766,
      "evaluation_seconds": 5.75626691931393,
      "dataset_sha256": "dfebcdc2673a00d0c8db1b2e80a9a594373317f88ace20986cb8759df2ecf423",
      "training_fraction_of_id_paths": 0.055016432837403255
    }
  ],
  "scope": "Separate fixed-length tasks; development is not independent confirmation",
  "T90_definition": "First of three consecutive probe nodes >=90%; null is censored",
  "primary_endpoint": "Complete answer plus EOS on the entire reserved ID test pool",
  "learning_curve": "Fixed random probe at all nodes, not whole pool until endpoint",
  "totals": {
    "steps": 512000,
    "examples": 131072000,
    "effective_input_tokens": 689563835,
    "estimated_training_flops": 4390530318336000,
    "training_seconds": 888.3205207334831,
    "evaluation_seconds": 15.402752595138736
  }
}
