{
  "config": "configs/grok-threehop-depth-analysis-v1.json",
  "completed_runs": 4,
  "registered_runs": 4,
  "endpoints": [
    {
      "run_id": "dev-k3-d1-phi24",
      "phase": "development_followup",
      "world": 144001,
      "initialization": 14401,
      "hops": 3,
      "layers": 1,
      "width": 128,
      "phi": 24.0,
      "steps": 128000,
      "parameters": 218240,
      "atomic": 0.998046875,
      "train_composite": 0.9771325796505652,
      "test_probe": 0.16015625,
      "test_full": 0.17996091668147096,
      "test_full_n": 5629,
      "autonomous_calls_probe": 0.998046875,
      "ood_composite": 0.0,
      "ood_composite_n": 5,
      "T90_probe": null,
      "atomic_mean_exposure": 1344.28125,
      "estimated_training_flops": 201880240128000,
      "examples": 32768000,
      "effective_input_tokens": 161086912,
      "training_seconds": 94.82101784809493,
      "evaluation_seconds": 2.1968555472558364,
      "dataset_sha256": "1036cb47364eca980f3d41d7201c37880f2141c27c1912299beb086344ddbeb4",
      "training_fraction_of_id_paths": 0.41752936759105297
    },
    {
      "run_id": "dev-k3-d2-phi24",
      "phase": "development_followup",
      "world": 144001,
      "initialization": 14401,
      "hops": 3,
      "layers": 2,
      "width": 128,
      "phi": 24.0,
      "steps": 128000,
      "parameters": 416512,
      "atomic": 1.0,
      "train_composite": 1.0,
      "test_probe": 0.703125,
      "test_full": 0.7262391188488186,
      "test_full_n": 5629,
      "autonomous_calls_probe": 1.0,
      "ood_composite": 0.0,
      "ood_composite_n": 5,
      "T90_probe": null,
      "atomic_mean_exposure": 1344.28125,
      "estimated_training_flops": 396412059648000,
      "examples": 32768000,
      "effective_input_tokens": 161086912,
      "training_seconds": 128.20621560828295,
      "evaluation_seconds": 3.0599889042787254,
      "dataset_sha256": "1036cb47364eca980f3d41d7201c37880f2141c27c1912299beb086344ddbeb4",
      "training_fraction_of_id_paths": 0.41752936759105297
    },
    {
      "run_id": "dev-k3-d3-phi24",
      "phase": "development_followup",
      "world": 144001,
      "initialization": 14401,
      "hops": 3,
      "layers": 3,
      "width": 128,
      "phi": 24.0,
      "steps": 128000,
      "parameters": 614784,
      "atomic": 1.0,
      "train_composite": 1.0,
      "test_probe": 0.8798828125,
      "test_full": 0.8841712559957363,
      "test_full_n": 5629,
      "autonomous_calls_probe": 1.0,
      "ood_composite": 0.0,
      "ood_composite_n": 5,
      "T90_probe": null,
      "atomic_mean_exposure": 1344.28125,
      "estimated_training_flops": 590943879168000,
      "examples": 32768000,
      "effective_input_tokens": 161086912,
      "training_seconds": 155.717147822259,
      "evaluation_seconds": 3.5570798506960273,
      "dataset_sha256": "1036cb47364eca980f3d41d7201c37880f2141c27c1912299beb086344ddbeb4",
      "training_fraction_of_id_paths": 0.41752936759105297
    },
    {
      "run_id": "dev-k3-d4-phi24",
      "phase": "development",
      "world": 144001,
      "initialization": 14401,
      "hops": 3,
      "layers": 4,
      "width": 128,
      "phi": 24.0,
      "steps": 128000,
      "parameters": 813056,
      "atomic": 1.0,
      "train_composite": 1.0,
      "test_probe": 0.9404296875,
      "test_full": 0.950257594599396,
      "test_full_n": 5629,
      "autonomous_calls_probe": 1.0,
      "ood_composite": 0.0,
      "ood_composite_n": 5,
      "T90_probe": 100000,
      "atomic_mean_exposure": 1344.28125,
      "estimated_training_flops": 785475698688000,
      "examples": 32768000,
      "effective_input_tokens": 161086912,
      "training_seconds": 185.29605581483338,
      "evaluation_seconds": 4.419999553123489,
      "dataset_sha256": "1036cb47364eca980f3d41d7201c37880f2141c27c1912299beb086344ddbeb4",
      "training_fraction_of_id_paths": 0.41752936759105297
    }
  ],
  "scope": "Separate fixed-length tasks; development is not independent confirmation",
  "worlds": [
    144001
  ],
  "T90_definition": "First of three consecutive probe nodes >=90%; null is censored",
  "primary_endpoint": "Complete answer plus EOS on the entire reserved ID test pool",
  "learning_curve": "Fixed random probe at all nodes, not whole pool until endpoint",
  "totals": {
    "steps": 512000,
    "examples": 131072000,
    "effective_input_tokens": 644347648,
    "estimated_training_flops": 1974711877632000,
    "training_seconds": 564.0404370934702,
    "evaluation_seconds": 13.233923855354078
  }
}
