{"endpoint": "world-142701-S-adapt", "seconds": 4.077367346966639, "audit": {"rows": 48, "generation_mismatches": 0, "eos_mismatches": 0, "correctness_mismatches": 0, "max_abs_full_logp_difference": 0.0, "exact_original_batch": true, "precision": "FP32 parameters, BF16 autocast, TF32 enabled", "status": "passed"}, "peak_allocated_bytes": 658545664}
{"generation_done": 16, "generation_total": 48}
{"generation_done": 32, "generation_total": 48}
{"generation_done": 48, "generation_total": 48}
{"generation_done": 16, "generation_total": 384}
{"generation_done": 32, "generation_total": 384}
{"generation_done": 48, "generation_total": 384}
{"generation_done": 64, "generation_total": 384}
{"generation_done": 80, "generation_total": 384}
{"generation_done": 96, "generation_total": 384}
{"generation_done": 112, "generation_total": 384}
{"generation_done": 128, "generation_total": 384}
{"generation_done": 144, "generation_total": 384}
{"generation_done": 160, "generation_total": 384}
{"generation_done": 176, "generation_total": 384}
{"generation_done": 192, "generation_total": 384}
{"generation_done": 208, "generation_total": 384}
{"generation_done": 224, "generation_total": 384}
{"generation_done": 240, "generation_total": 384}
{"generation_done": 256, "generation_total": 384}
{"generation_done": 272, "generation_total": 384}
{"generation_done": 288, "generation_total": 384}
{"generation_done": 304, "generation_total": 384}
{"generation_done": 320, "generation_total": 384}
{"generation_done": 336, "generation_total": 384}
{"generation_done": 352, "generation_total": 384}
{"generation_done": 368, "generation_total": 384}
{"generation_done": 384, "generation_total": 384}
{"endpoint": "world-142701-S-task", "seconds": 10.386226210044697, "audit": {"rows": 96, "generation_mismatches": 0, "eos_mismatches": 0, "correctness_mismatches": 0, "max_abs_full_logp_difference": 0.0, "exact_original_batch": true, "precision": "FP32 parameters, BF16 autocast, TF32 enabled", "status": "passed"}, "peak_allocated_bytes": 666446336}
{"endpoint": "world-142701-M-adapt", "seconds": 3.133295492036268, "audit": {"rows": 48, "generation_mismatches": 0, "eos_mismatches": 0, "correctness_mismatches": 0, "max_abs_full_logp_difference": 0.0, "exact_original_batch": true, "precision": "FP32 parameters, BF16 autocast, TF32 enabled", "status": "passed"}, "peak_allocated_bytes": 658545664}
{"generation_done": 16, "generation_total": 48}
{"generation_done": 32, "generation_total": 48}
{"generation_done": 48, "generation_total": 48}
{"generation_done": 16, "generation_total": 384}
{"generation_done": 32, "generation_total": 384}
{"generation_done": 48, "generation_total": 384}
{"generation_done": 64, "generation_total": 384}
{"generation_done": 80, "generation_total": 384}
{"generation_done": 96, "generation_total": 384}
{"generation_done": 112, "generation_total": 384}
{"generation_done": 128, "generation_total": 384}
{"generation_done": 144, "generation_total": 384}
{"generation_done": 160, "generation_total": 384}
{"generation_done": 176, "generation_total": 384}
{"generation_done": 192, "generation_total": 384}
{"generation_done": 208, "generation_total": 384}
{"generation_done": 224, "generation_total": 384}
{"generation_done": 240, "generation_total": 384}
{"generation_done": 256, "generation_total": 384}
{"generation_done": 272, "generation_total": 384}
{"generation_done": 288, "generation_total": 384}
{"generation_done": 304, "generation_total": 384}
{"generation_done": 320, "generation_total": 384}
{"generation_done": 336, "generation_total": 384}
{"generation_done": 352, "generation_total": 384}
{"generation_done": 368, "generation_total": 384}
{"generation_done": 384, "generation_total": 384}
{"endpoint": "world-142701-M-task", "seconds": 9.655126598896459, "audit": {"rows": 96, "generation_mismatches": 0, "eos_mismatches": 0, "correctness_mismatches": 0, "max_abs_full_logp_difference": 0.0, "exact_original_batch": true, "precision": "FP32 parameters, BF16 autocast, TF32 enabled", "status": "passed"}, "peak_allocated_bytes": 666446336}
{"endpoint": "world-142701-MP-adapt", "seconds": 4.432483698008582, "audit": {"rows": 48, "generation_mismatches": 0, "eos_mismatches": 0, "correctness_mismatches": 0, "max_abs_full_logp_difference": 0.0, "exact_original_batch": true, "precision": "FP32 parameters, BF16 autocast, TF32 enabled", "status": "passed"}, "peak_allocated_bytes": 658545664}
{"endpoint": "world-142701-MP-task", "seconds": 10.391478753997944, "audit": {"rows": 96, "generation_mismatches": 0, "eos_mismatches": 0, "correctness_mismatches": 0, "max_abs_full_logp_difference": 0.0, "exact_original_batch": true, "precision": "FP32 parameters, BF16 autocast, TF32 enabled", "status": "passed"}, "peak_allocated_bytes": 665403904}
{"generation_done": 16, "generation_total": 48}
{"generation_done": 32, "generation_total": 48}
{"generation_done": 48, "generation_total": 48}
{"generation_done": 16, "generation_total": 384}
{"generation_done": 32, "generation_total": 384}
{"generation_done": 48, "generation_total": 384}
{"generation_done": 64, "generation_total": 384}
{"generation_done": 80, "generation_total": 384}
{"generation_done": 96, "generation_total": 384}
{"generation_done": 112, "generation_total": 384}
{"generation_done": 128, "generation_total": 384}
{"generation_done": 144, "generation_total": 384}
{"generation_done": 160, "generation_total": 384}
{"generation_done": 176, "generation_total": 384}
{"generation_done": 192, "generation_total": 384}
{"generation_done": 208, "generation_total": 384}
{"generation_done": 224, "generation_total": 384}
{"generation_done": 240, "generation_total": 384}
{"generation_done": 256, "generation_total": 384}
{"generation_done": 272, "generation_total": 384}
{"generation_done": 288, "generation_total": 384}
{"generation_done": 304, "generation_total": 384}
{"generation_done": 320, "generation_total": 384}
{"generation_done": 336, "generation_total": 384}
{"generation_done": 352, "generation_total": 384}
{"generation_done": 368, "generation_total": 384}
{"generation_done": 384, "generation_total": 384}
{"endpoint": "world-142701-MP-R-task", "seconds": 10.232236970914528, "audit": {"rows": 96, "generation_mismatches": 0, "eos_mismatches": 0, "correctness_mismatches": 0, "max_abs_full_logp_difference": 0.0, "exact_original_batch": true, "precision": "FP32 parameters, BF16 autocast, TF32 enabled", "status": "passed"}, "peak_allocated_bytes": 666446336}
{"generation_done": 16, "generation_total": 48}
{"generation_done": 32, "generation_total": 48}
{"generation_done": 48, "generation_total": 48}
{"generation_done": 16, "generation_total": 384}
{"generation_done": 32, "generation_total": 384}
{"generation_done": 48, "generation_total": 384}
{"generation_done": 64, "generation_total": 384}
{"generation_done": 80, "generation_total": 384}
{"generation_done": 96, "generation_total": 384}
{"generation_done": 112, "generation_total": 384}
{"generation_done": 128, "generation_total": 384}
{"generation_done": 144, "generation_total": 384}
{"generation_done": 160, "generation_total": 384}
{"generation_done": 176, "generation_total": 384}
{"generation_done": 192, "generation_total": 384}
{"generation_done": 208, "generation_total": 384}
{"generation_done": 224, "generation_total": 384}
{"generation_done": 240, "generation_total": 384}
{"generation_done": 256, "generation_total": 384}
{"generation_done": 272, "generation_total": 384}
{"generation_done": 288, "generation_total": 384}
{"generation_done": 304, "generation_total": 384}
{"generation_done": 320, "generation_total": 384}
{"generation_done": 336, "generation_total": 384}
{"generation_done": 352, "generation_total": 384}
{"generation_done": 368, "generation_total": 384}
{"generation_done": 384, "generation_total": 384}
{"endpoint": "world-142701-MP-Random-task", "seconds": 10.101499786018394, "audit": {"rows": 96, "generation_mismatches": 0, "eos_mismatches": 0, "correctness_mismatches": 0, "max_abs_full_logp_difference": 0.0, "exact_original_batch": true, "precision": "FP32 parameters, BF16 autocast, TF32 enabled", "status": "passed"}, "peak_allocated_bytes": 666446336}
{"generation_done": 16, "generation_total": 48}
{"generation_done": 32, "generation_total": 48}
{"generation_done": 48, "generation_total": 48}
{"generation_done": 16, "generation_total": 384}
{"generation_done": 32, "generation_total": 384}
{"generation_done": 48, "generation_total": 384}
{"generation_done": 64, "generation_total": 384}
{"generation_done": 80, "generation_total": 384}
{"generation_done": 96, "generation_total": 384}
{"generation_done": 112, "generation_total": 384}
{"generation_done": 128, "generation_total": 384}
{"generation_done": 144, "generation_total": 384}
{"generation_done": 160, "generation_total": 384}
{"generation_done": 176, "generation_total": 384}
{"generation_done": 192, "generation_total": 384}
{"generation_done": 208, "generation_total": 384}
{"generation_done": 224, "generation_total": 384}
{"generation_done": 240, "generation_total": 384}
{"generation_done": 256, "generation_total": 384}
{"generation_done": 272, "generation_total": 384}
{"generation_done": 288, "generation_total": 384}
{"generation_done": 304, "generation_total": 384}
{"generation_done": 320, "generation_total": 384}
{"generation_done": 336, "generation_total": 384}
{"generation_done": 352, "generation_total": 384}
{"generation_done": 368, "generation_total": 384}
{"generation_done": 384, "generation_total": 384}
{"endpoint": "world-142701-MP-CoT-task", "seconds": 30.814655001973733, "audit": {"rows": 96, "generation_mismatches": 0, "eos_mismatches": 0, "correctness_mismatches": 0, "max_abs_full_logp_difference": 0.0, "exact_original_batch": true, "precision": "FP32 parameters, BF16 autocast, TF32 enabled", "status": "passed"}, "peak_allocated_bytes": 688337920}
{"endpoint": "world-142702-S-adapt", "seconds": 3.216536056017503, "audit": {"rows": 96, "generation_mismatches": 0, "eos_mismatches": 0, "correctness_mismatches": 0, "max_abs_full_logp_difference": 0.0, "exact_original_batch": true, "precision": "FP32 parameters, BF16 autocast, TF32 enabled", "status": "passed"}, "peak_allocated_bytes": 661848576}
{"generation_done": 16, "generation_total": 48}
{"generation_done": 32, "generation_total": 48}
{"generation_done": 48, "generation_total": 48}
{"generation_done": 16, "generation_total": 384}
{"generation_done": 32, "generation_total": 384}
{"generation_done": 48, "generation_total": 384}
{"generation_done": 64, "generation_total": 384}
{"generation_done": 80, "generation_total": 384}
{"generation_done": 96, "generation_total": 384}
{"generation_done": 112, "generation_total": 384}
{"generation_done": 128, "generation_total": 384}
{"generation_done": 144, "generation_total": 384}
{"generation_done": 160, "generation_total": 384}
{"generation_done": 176, "generation_total": 384}
{"generation_done": 192, "generation_total": 384}
{"generation_done": 208, "generation_total": 384}
{"generation_done": 224, "generation_total": 384}
{"generation_done": 240, "generation_total": 384}
{"generation_done": 256, "generation_total": 384}
{"generation_done": 272, "generation_total": 384}
{"generation_done": 288, "generation_total": 384}
{"generation_done": 304, "generation_total": 384}
{"generation_done": 320, "generation_total": 384}
{"generation_done": 336, "generation_total": 384}
{"generation_done": 352, "generation_total": 384}
{"generation_done": 368, "generation_total": 384}
{"generation_done": 384, "generation_total": 384}
{"endpoint": "world-142702-S-task", "seconds": 9.289293244946748, "audit": {"rows": 96, "generation_mismatches": 0, "eos_mismatches": 0, "correctness_mismatches": 0, "max_abs_full_logp_difference": 0.0, "exact_original_batch": true, "precision": "FP32 parameters, BF16 autocast, TF32 enabled", "status": "passed"}, "peak_allocated_bytes": 666376192}
{"endpoint": "world-142702-M-adapt", "seconds": 3.6001292569562793, "audit": {"rows": 96, "generation_mismatches": 0, "eos_mismatches": 0, "correctness_mismatches": 0, "max_abs_full_logp_difference": 0.0, "exact_original_batch": true, "precision": "FP32 parameters, BF16 autocast, TF32 enabled", "status": "passed"}, "peak_allocated_bytes": 661848576}
{"generation_done": 16, "generation_total": 48}
{"generation_done": 32, "generation_total": 48}
{"generation_done": 48, "generation_total": 48}
{"generation_done": 16, "generation_total": 384}
{"generation_done": 32, "generation_total": 384}
{"generation_done": 48, "generation_total": 384}
{"generation_done": 64, "generation_total": 384}
{"generation_done": 80, "generation_total": 384}
{"generation_done": 96, "generation_total": 384}
{"generation_done": 112, "generation_total": 384}
{"generation_done": 128, "generation_total": 384}
{"generation_done": 144, "generation_total": 384}
{"generation_done": 160, "generation_total": 384}
{"generation_done": 176, "generation_total": 384}
{"generation_done": 192, "generation_total": 384}
{"generation_done": 208, "generation_total": 384}
{"generation_done": 224, "generation_total": 384}
{"generation_done": 240, "generation_total": 384}
{"generation_done": 256, "generation_total": 384}
{"generation_done": 272, "generation_total": 384}
{"generation_done": 288, "generation_total": 384}
{"generation_done": 304, "generation_total": 384}
{"generation_done": 320, "generation_total": 384}
{"generation_done": 336, "generation_total": 384}
{"generation_done": 352, "generation_total": 384}
{"generation_done": 368, "generation_total": 384}
{"generation_done": 384, "generation_total": 384}
{"endpoint": "world-142702-M-task", "seconds": 9.905841658939607, "audit": {"rows": 96, "generation_mismatches": 0, "eos_mismatches": 0, "correctness_mismatches": 0, "max_abs_full_logp_difference": 0.0, "exact_original_batch": true, "precision": "FP32 parameters, BF16 autocast, TF32 enabled", "status": "passed"}, "peak_allocated_bytes": 666376192}
{"endpoint": "world-142702-MP-adapt", "seconds": 3.9307241840288043, "audit": {"rows": 96, "generation_mismatches": 0, "eos_mismatches": 0, "correctness_mismatches": 0, "max_abs_full_logp_difference": 0.0, "exact_original_batch": true, "precision": "FP32 parameters, BF16 autocast, TF32 enabled", "status": "passed"}, "peak_allocated_bytes": 661848576}
{"generation_done": 16, "generation_total": 48}
{"generation_done": 32, "generation_total": 48}
{"generation_done": 48, "generation_total": 48}
{"generation_done": 16, "generation_total": 384}
{"generation_done": 32, "generation_total": 384}
{"generation_done": 48, "generation_total": 384}
{"generation_done": 64, "generation_total": 384}
{"generation_done": 80, "generation_total": 384}
{"generation_done": 96, "generation_total": 384}
{"generation_done": 112, "generation_total": 384}
{"generation_done": 128, "generation_total": 384}
{"generation_done": 144, "generation_total": 384}
{"generation_done": 160, "generation_total": 384}
{"generation_done": 176, "generation_total": 384}
{"generation_done": 192, "generation_total": 384}
{"generation_done": 208, "generation_total": 384}
{"generation_done": 224, "generation_total": 384}
{"generation_done": 240, "generation_total": 384}
{"generation_done": 256, "generation_total": 384}
{"generation_done": 272, "generation_total": 384}
{"generation_done": 288, "generation_total": 384}
{"generation_done": 304, "generation_total": 384}
{"generation_done": 320, "generation_total": 384}
{"generation_done": 336, "generation_total": 384}
{"generation_done": 352, "generation_total": 384}
{"generation_done": 368, "generation_total": 384}
{"generation_done": 384, "generation_total": 384}
{"endpoint": "world-142702-MP-task", "seconds": 10.123615214950405, "audit": {"rows": 96, "generation_mismatches": 0, "eos_mismatches": 0, "correctness_mismatches": 0, "max_abs_full_logp_difference": 0.0, "exact_original_batch": true, "precision": "FP32 parameters, BF16 autocast, TF32 enabled", "status": "passed"}, "peak_allocated_bytes": 666376192}
{"generation_done": 16, "generation_total": 48}
{"generation_done": 32, "generation_total": 48}
{"generation_done": 48, "generation_total": 48}
{"generation_done": 16, "generation_total": 384}
{"generation_done": 32, "generation_total": 384}
{"generation_done": 48, "generation_total": 384}
{"generation_done": 64, "generation_total": 384}
{"generation_done": 80, "generation_total": 384}
{"generation_done": 96, "generation_total": 384}
{"generation_done": 112, "generation_total": 384}
{"generation_done": 128, "generation_total": 384}
{"generation_done": 144, "generation_total": 384}
{"generation_done": 160, "generation_total": 384}
{"generation_done": 176, "generation_total": 384}
{"generation_done": 192, "generation_total": 384}
{"generation_done": 208, "generation_total": 384}
{"generation_done": 224, "generation_total": 384}
{"generation_done": 240, "generation_total": 384}
{"generation_done": 256, "generation_total": 384}
{"generation_done": 272, "generation_total": 384}
{"generation_done": 288, "generation_total": 384}
{"generation_done": 304, "generation_total": 384}
{"generation_done": 320, "generation_total": 384}
{"generation_done": 336, "generation_total": 384}
{"generation_done": 352, "generation_total": 384}
{"generation_done": 368, "generation_total": 384}
{"generation_done": 384, "generation_total": 384}
{"endpoint": "world-142702-MP-R-task", "seconds": 10.609605675097555, "audit": {"rows": 96, "generation_mismatches": 0, "eos_mismatches": 0, "correctness_mismatches": 0, "max_abs_full_logp_difference": 0.0, "exact_original_batch": true, "precision": "FP32 parameters, BF16 autocast, TF32 enabled", "status": "passed"}, "peak_allocated_bytes": 666376192}
{"generation_done": 16, "generation_total": 48}
{"generation_done": 32, "generation_total": 48}
{"generation_done": 48, "generation_total": 48}
{"generation_done": 16, "generation_total": 384}
{"generation_done": 32, "generation_total": 384}
{"generation_done": 48, "generation_total": 384}
{"generation_done": 64, "generation_total": 384}
{"generation_done": 80, "generation_total": 384}
{"generation_done": 96, "generation_total": 384}
{"generation_done": 112, "generation_total": 384}
{"generation_done": 128, "generation_total": 384}
{"generation_done": 144, "generation_total": 384}
{"generation_done": 160, "generation_total": 384}
{"generation_done": 176, "generation_total": 384}
{"generation_done": 192, "generation_total": 384}
{"generation_done": 208, "generation_total": 384}
{"generation_done": 224, "generation_total": 384}
{"generation_done": 240, "generation_total": 384}
{"generation_done": 256, "generation_total": 384}
{"generation_done": 272, "generation_total": 384}
{"generation_done": 288, "generation_total": 384}
{"generation_done": 304, "generation_total": 384}
{"generation_done": 320, "generation_total": 384}
{"generation_done": 336, "generation_total": 384}
{"generation_done": 352, "generation_total": 384}
{"generation_done": 368, "generation_total": 384}
{"generation_done": 384, "generation_total": 384}
{"endpoint": "world-142702-MP-Random-task", "seconds": 10.054425543989055, "audit": {"rows": 96, "generation_mismatches": 0, "eos_mismatches": 0, "correctness_mismatches": 0, "max_abs_full_logp_difference": 0.0, "exact_original_batch": true, "precision": "FP32 parameters, BF16 autocast, TF32 enabled", "status": "passed"}, "peak_allocated_bytes": 666376192}
{"generation_done": 16, "generation_total": 48}
{"generation_done": 32, "generation_total": 48}
{"generation_done": 48, "generation_total": 48}
{"generation_done": 16, "generation_total": 384}
{"generation_done": 32, "generation_total": 384}
{"generation_done": 48, "generation_total": 384}
{"generation_done": 64, "generation_total": 384}
{"generation_done": 80, "generation_total": 384}
{"generation_done": 96, "generation_total": 384}
{"generation_done": 112, "generation_total": 384}
{"generation_done": 128, "generation_total": 384}
{"generation_done": 144, "generation_total": 384}
{"generation_done": 160, "generation_total": 384}
{"generation_done": 176, "generation_total": 384}
{"generation_done": 192, "generation_total": 384}
{"generation_done": 208, "generation_total": 384}
{"generation_done": 224, "generation_total": 384}
{"generation_done": 240, "generation_total": 384}
{"generation_done": 256, "generation_total": 384}
{"generation_done": 272, "generation_total": 384}
{"generation_done": 288, "generation_total": 384}
{"generation_done": 304, "generation_total": 384}
{"generation_done": 320, "generation_total": 384}
{"generation_done": 336, "generation_total": 384}
{"generation_done": 352, "generation_total": 384}
{"generation_done": 368, "generation_total": 384}
{"generation_done": 384, "generation_total": 384}
{"endpoint": "world-142702-MP-CoT-task", "seconds": 32.82515237701591, "audit": {"rows": 96, "generation_mismatches": 0, "eos_mismatches": 0, "correctness_mismatches": 0, "max_abs_full_logp_difference": 0.0, "exact_original_batch": true, "precision": "FP32 parameters, BF16 autocast, TF32 enabled", "status": "passed"}, "peak_allocated_bytes": 682281984}
