[
  {
    "step": 4096,
    "arch": "d1w128",
    "runs": 3,
    "parameters": 216832,
    "atomic_exact": 1.0,
    "train_exact": 1.0,
    "test_exact": 0.012044270833333334,
    "two_call_exact": 1.0,
    "test_both_atoms_n": 1024.0,
    "test_min": 0.0087890625,
    "test_max": 0.015625,
    "test_by_run": {
      "w142801-s14281-d1w128": 0.015625,
      "w142801-s14282-d1w128": 0.01171875,
      "w142802-s14281-d1w128": 0.0087890625
    }
  },
  {
    "step": 4096,
    "arch": "d2w128",
    "runs": 3,
    "parameters": 415104,
    "atomic_exact": 1.0,
    "train_exact": 1.0,
    "test_exact": 0.033854166666666664,
    "two_call_exact": 1.0,
    "test_both_atoms_n": 1024.0,
    "test_min": 0.029296875,
    "test_max": 0.0400390625,
    "test_by_run": {
      "w142801-s14281-d2w128": 0.0322265625,
      "w142801-s14282-d2w128": 0.0400390625,
      "w142802-s14281-d2w128": 0.029296875
    }
  },
  {
    "step": 4096,
    "arch": "d3w128",
    "runs": 2,
    "parameters": 613376,
    "atomic_exact": 1.0,
    "train_exact": 1.0,
    "test_exact": 0.03271484375,
    "two_call_exact": 1.0,
    "test_both_atoms_n": 1024.0,
    "test_min": 0.0302734375,
    "test_max": 0.03515625,
    "test_by_run": {
      "w142801-s14281-d3w128": 0.0302734375,
      "w142801-s14282-d3w128": 0.03515625
    }
  },
  {
    "step": 4096,
    "arch": "d4w128",
    "runs": 3,
    "parameters": 811648,
    "atomic_exact": 1.0,
    "train_exact": 1.0,
    "test_exact": 0.029296875,
    "two_call_exact": 1.0,
    "test_both_atoms_n": 1024.0,
    "test_min": 0.017578125,
    "test_max": 0.0478515625,
    "test_by_run": {
      "w142801-s14281-d4w128": 0.0478515625,
      "w142801-s14282-d4w128": 0.017578125,
      "w142802-s14281-d4w128": 0.0224609375
    }
  },
  {
    "step": 4096,
    "arch": "d6w128",
    "runs": 2,
    "parameters": 1208192,
    "atomic_exact": 1.0,
    "train_exact": 1.0,
    "test_exact": 0.0400390625,
    "two_call_exact": 1.0,
    "test_both_atoms_n": 1024.0,
    "test_min": 0.0361328125,
    "test_max": 0.0439453125,
    "test_by_run": {
      "w142801-s14281-d6w128": 0.0439453125,
      "w142801-s14282-d6w128": 0.0361328125
    }
  },
  {
    "step": 4096,
    "arch": "d1w312",
    "runs": 2,
    "parameters": 1217424,
    "atomic_exact": 1.0,
    "train_exact": 1.0,
    "test_exact": 0.00634765625,
    "two_call_exact": 1.0,
    "test_both_atoms_n": 1024.0,
    "test_min": 0.00390625,
    "test_max": 0.0087890625,
    "test_by_run": {
      "w142801-s14281-d1w312": 0.0087890625,
      "w142801-s14282-d1w312": 0.00390625
    }
  },
  {
    "step": 4096,
    "arch": "d2w220",
    "runs": 2,
    "parameters": 1199220,
    "atomic_exact": 1.0,
    "train_exact": 1.0,
    "test_exact": 0.02392578125,
    "two_call_exact": 1.0,
    "test_both_atoms_n": 1024.0,
    "test_min": 0.01953125,
    "test_max": 0.0283203125,
    "test_by_run": {
      "w142801-s14281-d2w220": 0.0283203125,
      "w142801-s14282-d2w220": 0.01953125
    }
  },
  {
    "step": 8192,
    "arch": "d1w128",
    "runs": 3,
    "parameters": 216832,
    "atomic_exact": 1.0,
    "train_exact": 1.0,
    "test_exact": 0.015625,
    "two_call_exact": 1.0,
    "test_both_atoms_n": 1024.0,
    "test_min": 0.0087890625,
    "test_max": 0.025390625,
    "test_by_run": {
      "w142801-s14281-d1w128": 0.0087890625,
      "w142801-s14282-d1w128": 0.025390625,
      "w142802-s14281-d1w128": 0.0126953125
    }
  },
  {
    "step": 8192,
    "arch": "d2w128",
    "runs": 3,
    "parameters": 415104,
    "atomic_exact": 1.0,
    "train_exact": 1.0,
    "test_exact": 0.0126953125,
    "two_call_exact": 1.0,
    "test_both_atoms_n": 1024.0,
    "test_min": 0.0048828125,
    "test_max": 0.01953125,
    "test_by_run": {
      "w142801-s14281-d2w128": 0.013671875,
      "w142801-s14282-d2w128": 0.01953125,
      "w142802-s14281-d2w128": 0.0048828125
    }
  },
  {
    "step": 8192,
    "arch": "d3w128",
    "runs": 2,
    "parameters": 613376,
    "atomic_exact": 1.0,
    "train_exact": 1.0,
    "test_exact": 0.02734375,
    "two_call_exact": 1.0,
    "test_both_atoms_n": 1024.0,
    "test_min": 0.0166015625,
    "test_max": 0.0380859375,
    "test_by_run": {
      "w142801-s14281-d3w128": 0.0380859375,
      "w142801-s14282-d3w128": 0.0166015625
    }
  },
  {
    "step": 8192,
    "arch": "d4w128",
    "runs": 2,
    "parameters": 811648,
    "atomic_exact": 1.0,
    "train_exact": 1.0,
    "test_exact": 0.03857421875,
    "two_call_exact": 1.0,
    "test_both_atoms_n": 1024.0,
    "test_min": 0.02734375,
    "test_max": 0.0498046875,
    "test_by_run": {
      "w142801-s14281-d4w128": 0.0498046875,
      "w142801-s14282-d4w128": 0.02734375
    }
  },
  {
    "step": 8192,
    "arch": "d6w128",
    "runs": 2,
    "parameters": 1208192,
    "atomic_exact": 1.0,
    "train_exact": 1.0,
    "test_exact": 0.041015625,
    "two_call_exact": 1.0,
    "test_both_atoms_n": 1024.0,
    "test_min": 0.03125,
    "test_max": 0.05078125,
    "test_by_run": {
      "w142801-s14281-d6w128": 0.05078125,
      "w142801-s14282-d6w128": 0.03125
    }
  },
  {
    "step": 8192,
    "arch": "d1w312",
    "runs": 2,
    "parameters": 1217424,
    "atomic_exact": 1.0,
    "train_exact": 0.71435546875,
    "test_exact": 0.0029296875,
    "two_call_exact": 1.0,
    "test_both_atoms_n": 1024.0,
    "test_min": 0.0009765625,
    "test_max": 0.0048828125,
    "test_by_run": {
      "w142801-s14281-d1w312": 0.0009765625,
      "w142801-s14282-d1w312": 0.0048828125
    }
  },
  {
    "step": 8192,
    "arch": "d2w220",
    "runs": 2,
    "parameters": 1199220,
    "atomic_exact": 0.7548828125,
    "train_exact": 0.67822265625,
    "test_exact": 0.01611328125,
    "two_call_exact": 0.63134765625,
    "test_both_atoms_n": 645.0,
    "test_min": 0.0107421875,
    "test_max": 0.021484375,
    "test_by_run": {
      "w142801-s14281-d2w220": 0.0107421875,
      "w142801-s14282-d2w220": 0.021484375
    }
  }
]
