{"run": "w142801-s14281-d2w128", "step": 0, "metrics": {"atomic_answer": 0.001953125, "atomic_exact": 0.0, "atomic_nll": 4.950535384938121, "train_answer": 0.001953125, "train_exact": 0.0, "train_nll": 4.946132713463157, "test_answer": 0.001953125, "test_exact": 0.0, "test_nll": 4.9451337940990925, "two_call_exact": 0.0, "test_both_atoms_n": 0, "test_given_both_atoms": null}, "training_seconds": 0.0002441550022922456, "evaluation_seconds": 0.9416022450313903, "training_flops_estimate": 0, "training_examples": 0, "supervised_tokens": 0, "executed_input_tokens": 0, "last_loss": null, "time": "2026-09-29T08:32:03.552725+00:00"}
{"run": "w142801-s14281-d2w128", "step": 128, "loss": 2.170783519744873}
{"run": "w142801-s14281-d2w128", "step": 128, "metrics": {"atomic_answer": 0.189453125, "atomic_exact": 0.189453125, "atomic_nll": 3.9239984648302197, "train_answer": 0.044921875, "train_exact": 0.044921875, "train_nll": 4.394239288521931, "test_answer": 0.009765625, "test_exact": 0.009765625, "test_nll": 4.8075295109301805, "two_call_exact": 0.037109375, "test_both_atoms_n": 30, "test_given_both_atoms": 0.0}, "training_seconds": 1.5761919840006158, "evaluation_seconds": 0.5521580089698546, "training_flops_estimate": 474275119104, "training_examples": 32768, "supervised_tokens": 65536, "executed_input_tokens": 196608, "last_loss": 2.170783519744873, "time": "2026-09-29T08:32:05.740090+00:00"}
{"run": "w142801-s14281-d2w128", "step": 256, "loss": 0.701586127281189}
{"run": "w142801-s14281-d2w128", "step": 384, "loss": 0.04522214084863663}
{"run": "w142801-s14281-d2w128", "step": 512, "loss": 0.004077081568539143}
{"run": "w142801-s14281-d2w128", "step": 512, "metrics": {"atomic_answer": 1.0, "atomic_exact": 1.0, "atomic_nll": 0.0065292345529996965, "train_answer": 1.0, "train_exact": 1.0, "train_nll": 0.008653174026676425, "test_answer": 0.0400390625, "test_exact": 0.0400390625, "test_nll": 5.537273830574122, "two_call_exact": 1.0, "test_both_atoms_n": 1024, "test_given_both_atoms": 0.0400390625}, "training_seconds": 5.913707219995558, "evaluation_seconds": 0.6876021830248646, "training_flops_estimate": 1897100476416, "training_examples": 131072, "supervised_tokens": 262144, "executed_input_tokens": 786432, "last_loss": 0.004077081568539143, "time": "2026-09-29T08:32:10.831684+00:00"}
{"run": "w142801-s14281-d2w128", "step": 640, "loss": 0.0026448105927556753}
{"run": "w142801-s14281-d2w128", "step": 768, "loss": 0.0020170602947473526}
{"run": "w142801-s14281-d2w128", "step": 896, "loss": 0.0016014156863093376}
{"run": "w142801-s14281-d2w128", "step": 1024, "loss": 0.0013426193036139011}
{"run": "w142801-s14281-d2w128", "step": 1024, "metrics": {"atomic_answer": 1.0, "atomic_exact": 1.0, "atomic_nll": 0.002160029509468586, "train_answer": 1.0, "train_exact": 1.0, "train_nll": 0.0028193346252010087, "test_answer": 0.0390625, "test_exact": 0.0390625, "test_nll": 5.827717817410303, "two_call_exact": 1.0, "test_both_atoms_n": 1024, "test_given_both_atoms": 0.0390625}, "training_seconds": 11.512870718026534, "evaluation_seconds": 0.5945815769955516, "training_flops_estimate": 3794200952832, "training_examples": 262144, "supervised_tokens": 524288, "executed_input_tokens": 1572864, "last_loss": 0.0013426193036139011, "time": "2026-09-29T08:32:17.128705+00:00"}
{"run": "w142801-s14281-d2w128", "step": 1152, "loss": 0.0011435989290475845}
{"run": "w142801-s14281-d2w128", "step": 1280, "loss": 0.0009729657904244959}
{"run": "w142801-s14281-d2w128", "step": 1408, "loss": 0.0008682776242494583}
{"run": "w142801-s14281-d2w128", "step": 1536, "loss": 0.0007606991566717625}
{"run": "w142801-s14281-d2w128", "step": 1664, "loss": 0.0006851375219412148}
{"run": "w142801-s14281-d2w128", "step": 1792, "loss": 0.0006168136605992913}
{"run": "w142801-s14281-d2w128", "step": 1920, "loss": 0.0005583474412560463}
{"run": "w142801-s14281-d2w128", "step": 2048, "loss": 0.0005094124935567379}
{"run": "w142801-s14281-d2w128", "step": 2048, "metrics": {"atomic_answer": 1.0, "atomic_exact": 1.0, "atomic_nll": 0.0008518063499423079, "train_answer": 1.0, "train_exact": 1.0, "train_nll": 0.0010600055172176326, "test_answer": 0.0380859375, "test_exact": 0.0380859375, "test_nll": 6.086648975535354, "two_call_exact": 1.0, "test_both_atoms_n": 1024, "test_given_both_atoms": 0.0380859375}, "training_seconds": 23.09147495502839, "evaluation_seconds": 0.5538238469744101, "training_flops_estimate": 7588401905664, "training_examples": 524288, "supervised_tokens": 1048576, "executed_input_tokens": 3145728, "last_loss": 0.0005094124935567379, "time": "2026-09-29T08:32:29.326114+00:00"}
{"run": "w142801-s14281-d2w128", "step": 2176, "loss": 0.0004639995750039816}
{"run": "w142801-s14281-d2w128", "step": 2304, "loss": 0.0004288866766728461}
{"run": "w142801-s14281-d2w128", "step": 2432, "loss": 0.0003950705286115408}
{"run": "w142801-s14281-d2w128", "step": 2560, "loss": 0.00036407820880413055}
{"run": "w142801-s14281-d2w128", "step": 2688, "loss": 0.0003332505584694445}
{"run": "w142801-s14281-d2w128", "step": 2816, "loss": 0.0003071916289627552}
{"run": "w142801-s14281-d2w128", "step": 2944, "loss": 0.0002867280854843557}
{"run": "w142801-s14281-d2w128", "step": 3072, "loss": 0.0002659228048287332}
{"run": "w142801-s14281-d2w128", "step": 3200, "loss": 0.0002467728336341679}
{"run": "w142801-s14281-d2w128", "step": 3328, "loss": 0.00022777452250011265}
{"run": "w142801-s14281-d2w128", "step": 3456, "loss": 0.00021416699746623635}
{"run": "w142801-s14281-d2w128", "step": 3584, "loss": 0.00019866495858877897}
{"run": "w142801-s14281-d2w128", "step": 3712, "loss": 0.0001848375250119716}
{"run": "w142801-s14281-d2w128", "step": 3840, "loss": 0.00017101966659538448}
{"run": "w142801-s14281-d2w128", "step": 3968, "loss": 0.00016095669707283378}
{"run": "w142801-s14281-d2w128", "step": 4096, "loss": 0.00014961359556764364}
{"run": "w142801-s14281-d2w128", "step": 4096, "metrics": {"atomic_answer": 1.0, "atomic_exact": 1.0, "atomic_nll": 0.0002620838765494682, "train_answer": 1.0, "train_exact": 1.0, "train_nll": 0.0003027444531795709, "test_answer": 0.0322265625, "test_exact": 0.0322265625, "test_nll": 6.474486832612456, "two_call_exact": 1.0, "test_both_atoms_n": 1024, "test_given_both_atoms": 0.0322265625}, "training_seconds": 45.96964710805332, "evaluation_seconds": 0.769740039948374, "training_flops_estimate": 15176803811328, "training_examples": 1048576, "supervised_tokens": 2097152, "executed_input_tokens": 6291456, "last_loss": 0.00014961359556764364, "time": "2026-09-29T08:32:53.038531+00:00"}
{"run": "w142801-s14281-d2w128", "step": 4224, "loss": 0.00013893531286157668}
{"run": "w142801-s14281-d2w128", "step": 4352, "loss": 0.000129133986774832}
{"run": "w142801-s14281-d2w128", "step": 4480, "loss": 0.00012140128819737583}
{"run": "w142801-s14281-d2w128", "step": 4608, "loss": 0.0001123992187785916}
{"run": "w142801-s14281-d2w128", "step": 4736, "loss": 0.00010508933337405324}
{"run": "w142801-s14281-d2w128", "step": 4864, "loss": 9.750325261848047e-05}
{"run": "w142801-s14281-d2w128", "step": 4992, "loss": 9.100281749852002e-05}
{"run": "w142801-s14281-d2w128", "step": 5120, "loss": 8.532126230420545e-05}
{"run": "w142801-s14281-d2w128", "step": 5248, "loss": 7.961383380461484e-05}
{"run": "w142801-s14281-d2w128", "step": 5376, "loss": 7.410724356304854e-05}
{"run": "w142801-s14281-d2w128", "step": 5504, "loss": 6.957181903999299e-05}
{"run": "w142801-s14281-d2w128", "step": 5632, "loss": 6.409377238014713e-05}
{"run": "w142801-s14281-d2w128", "step": 5760, "loss": 6.0298596508800983e-05}
{"run": "w142801-s14281-d2w128", "step": 5888, "loss": 5.605850674328394e-05}
{"run": "w142801-s14281-d2w128", "step": 6016, "loss": 5.2334522479213774e-05}
{"run": "w142801-s14281-d2w128", "step": 6144, "loss": 4.913479642709717e-05}
{"run": "w142801-s14281-d2w128", "step": 6272, "loss": 4.5460121327778324e-05}
{"run": "w142801-s14281-d2w128", "step": 6400, "loss": 4.2522966396063566e-05}
{"run": "w142801-s14281-d2w128", "step": 6528, "loss": 3.9911501517053694e-05}
{"run": "w142801-s14281-d2w128", "step": 6656, "loss": 3.722110704984516e-05}
{"run": "w142801-s14281-d2w128", "step": 6784, "loss": 1.7805681228637695}
{"run": "w142801-s14281-d2w128", "step": 6912, "loss": 0.882493257522583}
{"run": "w142801-s14281-d2w128", "step": 7040, "loss": 0.10858705639839172}
{"run": "w142801-s14281-d2w128", "step": 7168, "loss": 0.008602779358625412}
{"run": "w142801-s14281-d2w128", "step": 7296, "loss": 0.0020347151439636946}
{"run": "w142801-s14281-d2w128", "step": 7424, "loss": 0.001377748092636466}
{"run": "w142801-s14281-d2w128", "step": 7552, "loss": 0.001039109076373279}
{"run": "w142801-s14281-d2w128", "step": 7680, "loss": 0.0008223516633734107}
{"run": "w142801-s14281-d2w128", "step": 7808, "loss": 0.0007224908331409097}
{"run": "w142801-s14281-d2w128", "step": 7936, "loss": 0.0006162873469293118}
{"run": "w142801-s14281-d2w128", "step": 8064, "loss": 0.0005596000119112432}
{"run": "w142801-s14281-d2w128", "step": 8192, "loss": 0.0005026382277719676}
{"run": "w142801-s14281-d2w128", "step": 8192, "metrics": {"atomic_answer": 1.0, "atomic_exact": 1.0, "atomic_nll": 0.0007231004576055966, "train_answer": 1.0, "train_exact": 1.0, "train_nll": 0.0012477210777035452, "test_answer": 0.013671875, "test_exact": 0.013671875, "test_nll": 8.630779645012808, "two_call_exact": 1.0, "test_both_atoms_n": 1024, "test_given_both_atoms": 0.013671875}, "training_seconds": 93.00081268307986, "evaluation_seconds": 0.6195705900317989, "training_flops_estimate": 30353607622656, "training_examples": 2097152, "supervised_tokens": 4194304, "executed_input_tokens": 12582912, "last_loss": 0.0005026382277719676, "time": "2026-09-29T08:33:40.804181+00:00"}
{"run": "w142801-s14281-d6w128", "step": 0, "metrics": {"atomic_answer": 0.0, "atomic_exact": 0.0, "atomic_nll": 4.9399091228842735, "train_answer": 0.0, "train_exact": 0.0, "train_nll": 4.946007722988725, "test_answer": 0.0, "test_exact": 0.0, "test_nll": 4.950399863999337, "two_call_exact": 0.0, "test_both_atoms_n": 0, "test_given_both_atoms": null}, "training_seconds": 0.00013837800361216068, "evaluation_seconds": 0.942597285960801, "training_flops_estimate": 0, "training_examples": 0, "supervised_tokens": 0, "executed_input_tokens": 0, "last_loss": null, "time": "2026-09-29T08:33:42.370716+00:00"}
{"run": "w142801-s14281-d6w128", "step": 128, "loss": 2.2902536392211914}
{"run": "w142801-s14281-d6w128", "step": 128, "metrics": {"atomic_answer": 0.087890625, "atomic_exact": 0.087890625, "atomic_nll": 4.300101064145565, "train_answer": 0.02734375, "train_exact": 0.02734375, "train_nll": 4.637882277369499, "test_answer": 0.009765625, "test_exact": 0.009765625, "test_nll": 4.805927788838744, "two_call_exact": 0.015625, "test_both_atoms_n": 8, "test_given_both_atoms": 0.0}, "training_seconds": 3.5753282950026914, "evaluation_seconds": 0.927689669013489, "training_flops_estimate": 1409235812352, "training_examples": 32768, "supervised_tokens": 65536, "executed_input_tokens": 196608, "last_loss": 2.2902536392211914, "time": "2026-09-29T08:33:46.941593+00:00"}
{"run": "w142801-s14281-d6w128", "step": 256, "loss": 1.4074835777282715}
{"run": "w142801-s14281-d6w128", "step": 384, "loss": 0.3525637984275818}
{"run": "w142801-s14281-d6w128", "step": 512, "loss": 0.0656852126121521}
{"run": "w142801-s14281-d6w128", "step": 512, "metrics": {"atomic_answer": 0.998046875, "atomic_exact": 0.998046875, "atomic_nll": 0.06842470588708238, "train_answer": 0.9873046875, "train_exact": 0.9873046875, "train_nll": 0.1400992141552706, "test_answer": 0.0322265625, "test_exact": 0.0322265625, "test_nll": 5.731273277051514, "two_call_exact": 0.99609375, "test_both_atoms_n": 1020, "test_given_both_atoms": 0.03235294117647059}, "training_seconds": 13.878349127015099, "evaluation_seconds": 0.9244908029795624, "training_flops_estimate": 5636943249408, "training_examples": 131072, "supervised_tokens": 262144, "executed_input_tokens": 786432, "last_loss": 0.0656852126121521, "time": "2026-09-29T08:33:58.242721+00:00"}
{"run": "w142801-s14281-d6w128", "step": 640, "loss": 0.02893531322479248}
{"run": "w142801-s14281-d6w128", "step": 768, "loss": 0.020201310515403748}
{"run": "w142801-s14281-d6w128", "step": 896, "loss": 0.00902415532618761}
{"run": "w142801-s14281-d6w128", "step": 1024, "loss": 0.0008586484473198652}
{"run": "w142801-s14281-d6w128", "step": 1024, "metrics": {"atomic_answer": 1.0, "atomic_exact": 1.0, "atomic_nll": 0.0012960414102849427, "train_answer": 1.0, "train_exact": 1.0, "train_nll": 0.0019119516247769752, "test_answer": 0.0361328125, "test_exact": 0.0361328125, "test_nll": 6.521925282074335, "two_call_exact": 1.0, "test_both_atoms_n": 1024, "test_given_both_atoms": 0.0361328125}, "training_seconds": 26.004990512039512, "evaluation_seconds": 0.9839469050057232, "training_flops_estimate": 11273886498816, "training_examples": 262144, "supervised_tokens": 524288, "executed_input_tokens": 1572864, "last_loss": 0.0008586484473198652, "time": "2026-09-29T08:34:11.487845+00:00"}
{"run": "w142801-s14281-d6w128", "step": 1152, "loss": 0.0006402315339073539}
{"run": "w142801-s14281-d6w128", "step": 1280, "loss": 0.0005808536661788821}
{"run": "w142801-s14281-d6w128", "step": 1408, "loss": 0.0005311931017786264}
{"run": "w142801-s14281-d6w128", "step": 1536, "loss": 0.0004931973526254296}
{"run": "w142801-s14281-d6w128", "step": 1664, "loss": 0.0004702437436208129}
{"run": "w142801-s14281-d6w128", "step": 1792, "loss": 0.0004324062610976398}
{"run": "w142801-s14281-d6w128", "step": 1920, "loss": 0.00041902315570041537}
{"run": "w142801-s14281-d6w128", "step": 2048, "loss": 0.00039972085505723953}
{"run": "w142801-s14281-d6w128", "step": 2048, "metrics": {"atomic_answer": 1.0, "atomic_exact": 1.0, "atomic_nll": 0.0006502025429426794, "train_answer": 1.0, "train_exact": 1.0, "train_nll": 0.0008661228352480066, "test_answer": 0.04296875, "test_exact": 0.04296875, "test_nll": 6.584186412745112, "two_call_exact": 1.0, "test_both_atoms_n": 1024, "test_given_both_atoms": 0.04296875}, "training_seconds": 53.509738478052896, "evaluation_seconds": 1.0607325750170276, "training_flops_estimate": 22547772997632, "training_examples": 524288, "supervised_tokens": 1048576, "executed_input_tokens": 3145728, "last_loss": 0.00039972085505723953, "time": "2026-09-29T08:34:40.113348+00:00"}
{"run": "w142801-s14281-d6w128", "step": 2176, "loss": 0.0003826371394097805}
{"run": "w142801-s14281-d6w128", "step": 2304, "loss": 0.0003581990022212267}
{"run": "w142801-s14281-d6w128", "step": 2432, "loss": 0.00034690910251811147}
{"run": "w142801-s14281-d6w128", "step": 2560, "loss": 0.0003252964816056192}
{"run": "w142801-s14281-d6w128", "step": 2688, "loss": 0.00031257260707207024}
{"run": "w142801-s14281-d6w128", "step": 2816, "loss": 0.00029448760324157774}
{"run": "w142801-s14281-d6w128", "step": 2944, "loss": 0.00027845229487866163}
{"run": "w142801-s14281-d6w128", "step": 3072, "loss": 0.00026682153111323714}
{"run": "w142801-s14281-d6w128", "step": 3200, "loss": 0.0002492368221282959}
{"run": "w142801-s14281-d6w128", "step": 3328, "loss": 0.00023515138309448957}
{"run": "w142801-s14281-d6w128", "step": 3456, "loss": 0.00022643335978500545}
{"run": "w142801-s14281-d6w128", "step": 3584, "loss": 0.00021156048751436174}
{"run": "w142801-s14281-d6w128", "step": 3712, "loss": 0.00019865244394168258}
{"run": "w142801-s14281-d6w128", "step": 3840, "loss": 0.00018756752251647413}
{"run": "w142801-s14281-d6w128", "step": 3968, "loss": 0.00017512013437226415}
{"run": "w142801-s14281-d6w128", "step": 4096, "loss": 0.00016637130465824157}
{"run": "w142801-s14281-d6w128", "step": 4096, "metrics": {"atomic_answer": 1.0, "atomic_exact": 1.0, "atomic_nll": 0.0002916344241157276, "train_answer": 1.0, "train_exact": 1.0, "train_nll": 0.0003525382801115029, "test_answer": 0.0439453125, "test_exact": 0.0439453125, "test_nll": 6.907164837402888, "two_call_exact": 1.0, "test_both_atoms_n": 1024, "test_given_both_atoms": 0.0439453125}, "training_seconds": 106.79850052506663, "evaluation_seconds": 1.133972324023489, "training_flops_estimate": 45095545995264, "training_examples": 1048576, "supervised_tokens": 2097152, "executed_input_tokens": 6291456, "last_loss": 0.00016637130465824157, "time": "2026-09-29T08:35:34.694698+00:00"}
{"run": "w142801-s14281-d6w128", "step": 4224, "loss": 0.00015402516874019057}
{"run": "w142801-s14281-d6w128", "step": 4352, "loss": 0.00014468413428403437}
{"run": "w142801-s14281-d6w128", "step": 4480, "loss": 0.00013641781697515398}
{"run": "w142801-s14281-d6w128", "step": 4608, "loss": 0.00012770964531227946}
{"run": "w142801-s14281-d6w128", "step": 4736, "loss": 0.00011986538447672501}
{"run": "w142801-s14281-d6w128", "step": 4864, "loss": 0.00011297277524136007}
{"run": "w142801-s14281-d6w128", "step": 4992, "loss": 0.00010482873040018603}
{"run": "w142801-s14281-d6w128", "step": 5120, "loss": 9.831566421780735e-05}
{"run": "w142801-s14281-d6w128", "step": 5248, "loss": 9.191466961055994e-05}
{"run": "w142801-s14281-d6w128", "step": 5376, "loss": 8.645225170766935e-05}
{"run": "w142801-s14281-d6w128", "step": 5504, "loss": 8.041920227697119e-05}
{"run": "w142801-s14281-d6w128", "step": 5632, "loss": 7.57651578169316e-05}
{"run": "w142801-s14281-d6w128", "step": 5760, "loss": 7.07392900949344e-05}
{"run": "w142801-s14281-d6w128", "step": 5888, "loss": 6.528852827614173e-05}
{"run": "w142801-s14281-d6w128", "step": 6016, "loss": 6.160280463518575e-05}
{"run": "w142801-s14281-d6w128", "step": 6144, "loss": 5.706848605768755e-05}
{"run": "w142801-s14281-d6w128", "step": 6272, "loss": 5.370096550905146e-05}
{"run": "w142801-s14281-d6w128", "step": 6400, "loss": 5.011107714381069e-05}
{"run": "w142801-s14281-d6w128", "step": 6528, "loss": 4.657239333027974e-05}
{"run": "w142801-s14281-d6w128", "step": 6656, "loss": 4.33458699262701e-05}
{"run": "w142801-s14281-d6w128", "step": 6784, "loss": 4.098609497305006e-05}
{"run": "w142801-s14281-d6w128", "step": 6912, "loss": 3.815369927906431e-05}
{"run": "w142801-s14281-d6w128", "step": 7040, "loss": 3.579505573725328e-05}
{"run": "w142801-s14281-d6w128", "step": 7168, "loss": 3.29731083184015e-05}
{"run": "w142801-s14281-d6w128", "step": 7296, "loss": 3.0935734685044736e-05}
{"run": "w142801-s14281-d6w128", "step": 7424, "loss": 2.8893464332213625e-05}
{"run": "w142801-s14281-d6w128", "step": 7552, "loss": 2.702696292544715e-05}
{"run": "w142801-s14281-d6w128", "step": 7680, "loss": 2.5016106519615278e-05}
{"run": "w142801-s14281-d6w128", "step": 7808, "loss": 2.3383574443869293e-05}
{"run": "w142801-s14281-d6w128", "step": 7936, "loss": 2.181064337491989e-05}
{"run": "w142801-s14281-d6w128", "step": 8064, "loss": 2.0370178390294313e-05}
{"run": "w142801-s14281-d6w128", "step": 8192, "loss": 1.9254963262937963e-05}
{"run": "w142801-s14281-d6w128", "step": 8192, "metrics": {"atomic_answer": 1.0, "atomic_exact": 1.0, "atomic_nll": 3.636305619991731e-05, "train_answer": 1.0, "train_exact": 1.0, "train_nll": 3.9038761144638556e-05, "test_answer": 0.05078125, "test_exact": 0.05078125, "test_nll": 7.966255108960922, "two_call_exact": 1.0, "test_both_atoms_n": 1024, "test_given_both_atoms": 0.05078125}, "training_seconds": 216.63706484402064, "evaluation_seconds": 0.9414332659798674, "training_flops_estimate": 90191091990528, "training_examples": 2097152, "supervised_tokens": 4194304, "executed_input_tokens": 12582912, "last_loss": 1.9254963262937963e-05, "time": "2026-09-29T08:37:25.602848+00:00"}
{"run": "w142801-s14282-d1w128", "step": 0, "metrics": {"atomic_answer": 0.0, "atomic_exact": 0.0, "atomic_nll": 4.9326538890600204, "train_answer": 0.0, "train_exact": 0.0, "train_nll": 4.9345374861732125, "test_answer": 0.0, "test_exact": 0.0, "test_nll": 4.931439766194671, "two_call_exact": 0.0, "test_both_atoms_n": 0, "test_given_both_atoms": null}, "training_seconds": 0.00020386598771438003, "evaluation_seconds": 0.44222600298235193, "training_flops_estimate": 0, "training_examples": 0, "supervised_tokens": 0, "executed_input_tokens": 0, "last_loss": null, "time": "2026-09-29T08:37:26.970742+00:00"}
{"run": "w142801-s14282-d1w128", "step": 128, "loss": 1.9645233154296875}
{"run": "w142801-s14282-d1w128", "step": 128, "metrics": {"atomic_answer": 0.25390625, "atomic_exact": 0.25390625, "atomic_nll": 3.4002752397209406, "train_answer": 0.0498046875, "train_exact": 0.0498046875, "train_nll": 4.0764503492973745, "test_answer": 0.009765625, "test_exact": 0.009765625, "test_nll": 4.785564131569117, "two_call_exact": 0.076171875, "test_both_atoms_n": 70, "test_given_both_atoms": 0.02857142857142857}, "training_seconds": 1.001182688982226, "evaluation_seconds": 0.4422536839847453, "training_flops_estimate": 240534945792, "training_examples": 32768, "supervised_tokens": 65536, "executed_input_tokens": 196608, "last_loss": 1.9645233154296875, "time": "2026-09-29T08:37:28.514931+00:00"}
{"run": "w142801-s14282-d1w128", "step": 256, "loss": 0.5587788820266724}
{"run": "w142801-s14282-d1w128", "step": 384, "loss": 0.026891011744737625}
{"run": "w142801-s14282-d1w128", "step": 512, "loss": 0.007426372729241848}
{"run": "w142801-s14282-d1w128", "step": 512, "metrics": {"atomic_answer": 1.0, "atomic_exact": 1.0, "atomic_nll": 0.009788924144231714, "train_answer": 1.0, "train_exact": 1.0, "train_nll": 0.016661542585097777, "test_answer": 0.0166015625, "test_exact": 0.0166015625, "test_nll": 5.831472424586536, "two_call_exact": 1.0, "test_both_atoms_n": 1024, "test_given_both_atoms": 0.0166015625}, "training_seconds": 4.001459304941818, "evaluation_seconds": 0.43570286297472194, "training_flops_estimate": 962139783168, "training_examples": 131072, "supervised_tokens": 262144, "executed_input_tokens": 786432, "last_loss": 0.007426372729241848, "time": "2026-09-29T08:37:32.017631+00:00"}
{"run": "w142801-s14282-d1w128", "step": 640, "loss": 0.00425346102565527}
{"run": "w142801-s14282-d1w128", "step": 768, "loss": 0.0029569165781140327}
{"run": "w142801-s14282-d1w128", "step": 896, "loss": 0.0021957929711788893}
{"run": "w142801-s14282-d1w128", "step": 1024, "loss": 0.001700480468571186}
{"run": "w142801-s14282-d1w128", "step": 1024, "metrics": {"atomic_answer": 1.0, "atomic_exact": 1.0, "atomic_nll": 0.0024225458139426337, "train_answer": 1.0, "train_exact": 1.0, "train_nll": 0.004023456476488718, "test_answer": 0.015625, "test_exact": 0.015625, "test_nll": 6.217448492679978, "two_call_exact": 1.0, "test_both_atoms_n": 1024, "test_given_both_atoms": 0.015625}, "training_seconds": 7.890373213915154, "evaluation_seconds": 0.4187911509652622, "training_flops_estimate": 1924279566336, "training_examples": 262144, "supervised_tokens": 524288, "executed_input_tokens": 1572864, "last_loss": 0.001700480468571186, "time": "2026-09-29T08:37:36.390855+00:00"}
{"run": "w142801-s14282-d1w128", "step": 1152, "loss": 0.001418556203134358}
{"run": "w142801-s14282-d1w128", "step": 1280, "loss": 0.0012056748382747173}
{"run": "w142801-s14282-d1w128", "step": 1408, "loss": 0.0010316551197320223}
{"run": "w142801-s14282-d1w128", "step": 1536, "loss": 0.0009067690116353333}
{"run": "w142801-s14282-d1w128", "step": 1664, "loss": 0.0007886994280852377}
{"run": "w142801-s14282-d1w128", "step": 1792, "loss": 0.0007042280049063265}
{"run": "w142801-s14282-d1w128", "step": 1920, "loss": 0.0006288863951340318}
{"run": "w142801-s14282-d1w128", "step": 2048, "loss": 0.0005728424875997007}
{"run": "w142801-s14282-d1w128", "step": 2048, "metrics": {"atomic_answer": 1.0, "atomic_exact": 1.0, "atomic_nll": 0.0007997334860192495, "train_answer": 1.0, "train_exact": 1.0, "train_nll": 0.0012876001163135697, "test_answer": 0.013671875, "test_exact": 0.013671875, "test_nll": 6.496318931982387, "two_call_exact": 1.0, "test_both_atoms_n": 1024, "test_given_both_atoms": 0.013671875}, "training_seconds": 14.959221043915022, "evaluation_seconds": 0.5681077250046656, "training_flops_estimate": 3848559132672, "training_examples": 524288, "supervised_tokens": 1048576, "executed_input_tokens": 3145728, "last_loss": 0.0005728424875997007, "time": "2026-09-29T08:37:44.085404+00:00"}
{"run": "w142801-s14282-d1w128", "step": 2176, "loss": 0.0005065388395451009}
{"run": "w142801-s14282-d1w128", "step": 2304, "loss": 0.00047035160241648555}
{"run": "w142801-s14282-d1w128", "step": 2432, "loss": 0.00042551278602331877}
{"run": "w142801-s14282-d1w128", "step": 2560, "loss": 0.00039321830263361335}
{"run": "w142801-s14282-d1w128", "step": 2688, "loss": 0.00036024022847414017}
{"run": "w142801-s14282-d1w128", "step": 2816, "loss": 0.0003359759575687349}
{"run": "w142801-s14282-d1w128", "step": 2944, "loss": 0.0003063938638661057}
{"run": "w142801-s14282-d1w128", "step": 3072, "loss": 0.0002851187309715897}
{"run": "w142801-s14282-d1w128", "step": 3200, "loss": 0.00026310826069675386}
{"run": "w142801-s14282-d1w128", "step": 3328, "loss": 0.00024529267102479935}
{"run": "w142801-s14282-d1w128", "step": 3456, "loss": 0.0002254816354252398}
{"run": "w142801-s14282-d1w128", "step": 3584, "loss": 0.00021024713350925595}
{"run": "w142801-s14282-d1w128", "step": 3712, "loss": 0.00019619808881543577}
{"run": "w142801-s14282-d1w128", "step": 3840, "loss": 0.000183550437213853}
{"run": "w142801-s14282-d1w128", "step": 3968, "loss": 0.00017037367797456682}
{"run": "w142801-s14282-d1w128", "step": 4096, "loss": 0.00015905109466984868}
{"run": "w142801-s14282-d1w128", "step": 4096, "metrics": {"atomic_answer": 1.0, "atomic_exact": 1.0, "atomic_nll": 0.00022805195075648044, "train_answer": 1.0, "train_exact": 1.0, "train_nll": 0.00035299609396588494, "test_answer": 0.01171875, "test_exact": 0.01171875, "test_nll": 6.799823623150587, "two_call_exact": 1.0, "test_both_atoms_n": 1024, "test_given_both_atoms": 0.01171875}, "training_seconds": 29.89267074590316, "evaluation_seconds": 0.5588627809775062, "training_flops_estimate": 7697118265344, "training_examples": 1048576, "supervised_tokens": 2097152, "executed_input_tokens": 6291456, "last_loss": 0.00015905109466984868, "time": "2026-09-29T08:37:59.676921+00:00"}
{"run": "w142801-s14282-d1w128", "step": 4224, "loss": 0.0001500026264693588}
{"run": "w142801-s14282-d1w128", "step": 4352, "loss": 0.00013674210640601814}
{"run": "w142801-s14282-d1w128", "step": 4480, "loss": 0.000126854662084952}
{"run": "w142801-s14282-d1w128", "step": 4608, "loss": 0.0001202543280669488}
{"run": "w142801-s14282-d1w128", "step": 4736, "loss": 0.00011230562813580036}
{"run": "w142801-s14282-d1w128", "step": 4864, "loss": 0.00010560824011918157}
{"run": "w142801-s14282-d1w128", "step": 4992, "loss": 9.702535317046568e-05}
{"run": "w142801-s14282-d1w128", "step": 5120, "loss": 9.063086326932535e-05}
{"run": "w142801-s14282-d1w128", "step": 5248, "loss": 8.493463974446058e-05}
{"run": "w142801-s14282-d1w128", "step": 5376, "loss": 7.997850480023772e-05}
{"run": "w142801-s14282-d1w128", "step": 5504, "loss": 7.446802192134783e-05}
{"run": "w142801-s14282-d1w128", "step": 5632, "loss": 6.93741676514037e-05}
{"run": "w142801-s14282-d1w128", "step": 5760, "loss": 6.441109871957451e-05}
{"run": "w142801-s14282-d1w128", "step": 5888, "loss": 6.150919944047928e-05}
{"run": "w142801-s14282-d1w128", "step": 6016, "loss": 5.583532765740529e-05}
{"run": "w142801-s14282-d1w128", "step": 6144, "loss": 1.5287384986877441}
{"run": "w142801-s14282-d1w128", "step": 6272, "loss": 0.02018224447965622}
{"run": "w142801-s14282-d1w128", "step": 6400, "loss": 0.002605672925710678}
{"run": "w142801-s14282-d1w128", "step": 6528, "loss": 0.0016564459074288607}
{"run": "w142801-s14282-d1w128", "step": 6656, "loss": 0.0012545485515147448}
{"run": "w142801-s14282-d1w128", "step": 6784, "loss": 0.001021641306579113}
{"run": "w142801-s14282-d1w128", "step": 6912, "loss": 0.0008357601473107934}
{"run": "w142801-s14282-d1w128", "step": 7040, "loss": 0.0007003189530223608}
{"run": "w142801-s14282-d1w128", "step": 7168, "loss": 0.0006280123488977551}
{"run": "w142801-s14282-d1w128", "step": 7296, "loss": 0.0005399647634476423}
{"run": "w142801-s14282-d1w128", "step": 7424, "loss": 0.0004996479256078601}
{"run": "w142801-s14282-d1w128", "step": 7552, "loss": 0.00043021884630434215}
{"run": "w142801-s14282-d1w128", "step": 7680, "loss": 0.0004018618492409587}
{"run": "w142801-s14282-d1w128", "step": 7808, "loss": 0.0003677096392493695}
{"run": "w142801-s14282-d1w128", "step": 7936, "loss": 0.0003334626089781523}
{"run": "w142801-s14282-d1w128", "step": 8064, "loss": 0.0003114151768386364}
{"run": "w142801-s14282-d1w128", "step": 8192, "loss": 0.0002854033373296261}
{"run": "w142801-s14282-d1w128", "step": 8192, "metrics": {"atomic_answer": 1.0, "atomic_exact": 1.0, "atomic_nll": 0.00037023505177558036, "train_answer": 1.0, "train_exact": 1.0, "train_nll": 0.0007417037669483761, "test_answer": 0.025390625, "test_exact": 0.025390625, "test_nll": 6.9206859854239156, "two_call_exact": 1.0, "test_both_atoms_n": 1024, "test_given_both_atoms": 0.025390625}, "training_seconds": 60.526899531891104, "evaluation_seconds": 0.42658943601418287, "training_flops_estimate": 15394236530688, "training_examples": 2097152, "supervised_tokens": 4194304, "executed_input_tokens": 12582912, "last_loss": 0.0002854033373296261, "time": "2026-09-29T08:38:30.795432+00:00"}
{"run": "w142801-s14282-d4w128", "step": 0, "metrics": {"atomic_answer": 0.0, "atomic_exact": 0.0, "atomic_nll": 4.935598379001021, "train_answer": 0.0, "train_exact": 0.0, "train_nll": 4.944861936848611, "test_answer": 0.0, "test_exact": 0.0, "test_nll": 4.941994694061577, "two_call_exact": 0.0, "test_both_atoms_n": 0, "test_given_both_atoms": null}, "training_seconds": 9.510800009593368e-05, "evaluation_seconds": 0.5584269700339064, "training_flops_estimate": 0, "training_examples": 0, "supervised_tokens": 0, "executed_input_tokens": 0, "last_loss": null, "time": "2026-09-29T08:38:31.878521+00:00"}
{"run": "w142801-s14282-d4w128", "step": 128, "loss": 2.479447364807129}
{"run": "w142801-s14282-d4w128", "step": 128, "metrics": {"atomic_answer": 0.0078125, "atomic_exact": 0.0078125, "atomic_nll": 4.844192327931523, "train_answer": 0.0078125, "train_exact": 0.0078125, "train_nll": 4.873394468333572, "test_answer": 0.0107421875, "test_exact": 0.0107421875, "test_nll": 4.903525974135846, "two_call_exact": 0.0078125, "test_both_atoms_n": 0, "test_given_both_atoms": null}, "training_seconds": 2.2328214689623564, "evaluation_seconds": 0.8369439399684779, "training_flops_estimate": 941755465728, "training_examples": 32768, "supervised_tokens": 65536, "executed_input_tokens": 196608, "last_loss": 2.479447364807129, "time": "2026-09-29T08:38:35.007554+00:00"}
{"run": "w142801-s14282-d4w128", "step": 256, "loss": 1.5217387676239014}
{"run": "w142801-s14282-d4w128", "step": 384, "loss": 0.436241090297699}
{"run": "w142801-s14282-d4w128", "step": 512, "loss": 0.04917887598276138}
{"run": "w142801-s14282-d4w128", "step": 512, "metrics": {"atomic_answer": 1.0, "atomic_exact": 1.0, "atomic_nll": 0.03825873275400227, "train_answer": 0.998046875, "train_exact": 0.998046875, "train_nll": 0.06836034434127214, "test_answer": 0.01953125, "test_exact": 0.01953125, "test_nll": 5.856506092386553, "two_call_exact": 1.0, "test_both_atoms_n": 1024, "test_given_both_atoms": 0.01953125}, "training_seconds": 9.843094441923313, "evaluation_seconds": 0.6726878589834087, "training_flops_estimate": 3767021862912, "training_examples": 131072, "supervised_tokens": 262144, "executed_input_tokens": 786432, "last_loss": 0.04917887598276138, "time": "2026-09-29T08:38:43.389899+00:00"}
{"run": "w142801-s14282-d4w128", "step": 640, "loss": 0.055495183914899826}
{"run": "w142801-s14282-d4w128", "step": 768, "loss": 0.002642946783453226}
{"run": "w142801-s14282-d4w128", "step": 896, "loss": 0.0011915831128135324}
{"run": "w142801-s14282-d4w128", "step": 1024, "loss": 0.0009979087626561522}
{"run": "w142801-s14282-d4w128", "step": 1024, "metrics": {"atomic_answer": 1.0, "atomic_exact": 1.0, "atomic_nll": 0.001555515800532703, "train_answer": 1.0, "train_exact": 1.0, "train_nll": 0.0022057662252450427, "test_answer": 0.0244140625, "test_exact": 0.0244140625, "test_nll": 6.713139048602898, "two_call_exact": 1.0, "test_both_atoms_n": 1024, "test_given_both_atoms": 0.0244140625}, "training_seconds": 19.778648801904637, "evaluation_seconds": 0.7132683380041271, "training_flops_estimate": 7534043725824, "training_examples": 262144, "supervised_tokens": 524288, "executed_input_tokens": 1572864, "last_loss": 0.0009979087626561522, "time": "2026-09-29T08:38:54.150433+00:00"}
{"run": "w142801-s14282-d4w128", "step": 1152, "loss": 0.0008507166057825089}
{"run": "w142801-s14282-d4w128", "step": 1280, "loss": 0.000768499041441828}
{"run": "w142801-s14282-d4w128", "step": 1408, "loss": 0.0007219983381219208}
{"run": "w142801-s14282-d4w128", "step": 1536, "loss": 0.0006516524590551853}
{"run": "w142801-s14282-d4w128", "step": 1664, "loss": 0.0006063049659132957}
{"run": "w142801-s14282-d4w128", "step": 1792, "loss": 0.0005632963147945702}
{"run": "w142801-s14282-d4w128", "step": 1920, "loss": 0.0005144397728145123}
{"run": "w142801-s14282-d4w128", "step": 2048, "loss": 0.00047811944386921823}
{"run": "w142801-s14282-d4w128", "step": 2048, "metrics": {"atomic_answer": 1.0, "atomic_exact": 1.0, "atomic_nll": 0.000786589531799109, "train_answer": 1.0, "train_exact": 1.0, "train_nll": 0.0010554314687283295, "test_answer": 0.01953125, "test_exact": 0.01953125, "test_nll": 6.854533680671011, "two_call_exact": 1.0, "test_both_atoms_n": 1024, "test_given_both_atoms": 0.01953125}, "training_seconds": 39.532547629904, "evaluation_seconds": 0.8401208239956759, "training_flops_estimate": 15068087451648, "training_examples": 524288, "supervised_tokens": 1048576, "executed_input_tokens": 3145728, "last_loss": 0.00047811944386921823, "time": "2026-09-29T08:39:14.815268+00:00"}
{"run": "w142801-s14282-d4w128", "step": 2176, "loss": 0.00045159601722843945}
{"run": "w142801-s14282-d4w128", "step": 2304, "loss": 0.00042431289330124855}
{"run": "w142801-s14282-d4w128", "step": 2432, "loss": 0.0004009270924143493}
{"run": "w142801-s14282-d4w128", "step": 2560, "loss": 0.00037226430140435696}
{"run": "w142801-s14282-d4w128", "step": 2688, "loss": 0.00034816443803720176}
{"run": "w142801-s14282-d4w128", "step": 2816, "loss": 0.0003281975514255464}
{"run": "w142801-s14282-d4w128", "step": 2944, "loss": 0.00029896601336076856}
{"run": "w142801-s14282-d4w128", "step": 3072, "loss": 0.00028221902903169394}
{"run": "w142801-s14282-d4w128", "step": 3200, "loss": 0.0002663065679371357}
{"run": "w142801-s14282-d4w128", "step": 3328, "loss": 0.0002488401660230011}
{"run": "w142801-s14282-d4w128", "step": 3456, "loss": 0.00023354109725914896}
{"run": "w142801-s14282-d4w128", "step": 3584, "loss": 0.0002198970760218799}
{"run": "w142801-s14282-d4w128", "step": 3712, "loss": 0.0002029694151133299}
{"run": "w142801-s14282-d4w128", "step": 3840, "loss": 0.00019211092148907483}
{"run": "w142801-s14282-d4w128", "step": 3968, "loss": 0.0001776887511368841}
{"run": "w142801-s14282-d4w128", "step": 4096, "loss": 0.00016643664275761694}
{"run": "w142801-s14282-d4w128", "step": 4096, "metrics": {"atomic_answer": 1.0, "atomic_exact": 1.0, "atomic_nll": 0.0002892868388073566, "train_answer": 1.0, "train_exact": 1.0, "train_nll": 0.00034820969952420455, "test_answer": 0.017578125, "test_exact": 0.017578125, "test_nll": 7.195384173933235, "two_call_exact": 1.0, "test_both_atoms_n": 1024, "test_given_both_atoms": 0.017578125}, "training_seconds": 79.93099749687826, "evaluation_seconds": 0.8397548809880391, "training_flops_estimate": 30136174903296, "training_examples": 1048576, "supervised_tokens": 2097152, "executed_input_tokens": 6291456, "last_loss": 0.00016643664275761694, "time": "2026-09-29T08:39:56.123882+00:00"}
{"run": "w142801-s14282-d4w128", "step": 4224, "loss": 0.00015358152450062335}
{"run": "w142801-s14282-d4w128", "step": 4352, "loss": 0.00014582084259018302}
{"run": "w142801-s14282-d4w128", "step": 4480, "loss": 0.00013731751823797822}
{"run": "w142801-s14282-d4w128", "step": 4608, "loss": 0.00012740962847601622}
{"run": "w142801-s14282-d4w128", "step": 4736, "loss": 0.00012008202611468732}
{"run": "w142801-s14282-d4w128", "step": 4864, "loss": 0.0001119315274991095}
{"run": "w142801-s14282-d4w128", "step": 4992, "loss": 0.00010412489791633561}
{"run": "w142801-s14282-d4w128", "step": 5120, "loss": 9.7164127510041e-05}
{"run": "w142801-s14282-d4w128", "step": 5248, "loss": 9.008847700897604e-05}
{"run": "w142801-s14282-d4w128", "step": 5376, "loss": 8.38165869936347e-05}
{"run": "w142801-s14282-d4w128", "step": 5504, "loss": 7.944540993776172e-05}
{"run": "w142801-s14282-d4w128", "step": 5632, "loss": 7.346646452788264e-05}
{"run": "w142801-s14282-d4w128", "step": 5760, "loss": 6.882956949993968e-05}
{"run": "w142801-s14282-d4w128", "step": 5888, "loss": 6.470503285527229e-05}
{"run": "w142801-s14282-d4w128", "step": 6016, "loss": 6.026175105944276e-05}
{"run": "w142801-s14282-d4w128", "step": 6144, "loss": 5.6355267588514835e-05}
{"run": "w142801-s14282-d4w128", "step": 6272, "loss": 5.2559134928742424e-05}
{"run": "w142801-s14282-d4w128", "step": 6400, "loss": 4.9044891056837514e-05}
{"run": "w142801-s14282-d4w128", "step": 6528, "loss": 4.546474519884214e-05}
{"run": "w142801-s14282-d4w128", "step": 6656, "loss": 4.291569348424673e-05}
{"run": "w142801-s14282-d4w128", "step": 6784, "loss": 4.0039529267232865e-05}
{"run": "w142801-s14282-d4w128", "step": 6912, "loss": 3.735495192813687e-05}
{"run": "w142801-s14282-d4w128", "step": 7040, "loss": 3.495486453175545e-05}
{"run": "w142801-s14282-d4w128", "step": 7168, "loss": 3.233941606595181e-05}
{"run": "w142801-s14282-d4w128", "step": 7296, "loss": 3.0073875677771866e-05}
{"run": "w142801-s14282-d4w128", "step": 7424, "loss": 2.832052268786356e-05}
{"run": "w142801-s14282-d4w128", "step": 7552, "loss": 2.640582351887133e-05}
{"run": "w142801-s14282-d4w128", "step": 7680, "loss": 2.4631510314065963e-05}
{"run": "w142801-s14282-d4w128", "step": 7808, "loss": 2.2910269763087854e-05}
{"run": "w142801-s14282-d4w128", "step": 7936, "loss": 2.154034882551059e-05}
{"run": "w142801-s14282-d4w128", "step": 8064, "loss": 2.0023284378112294e-05}
{"run": "w142801-s14282-d4w128", "step": 8192, "loss": 1.861610871856101e-05}
{"run": "w142801-s14282-d4w128", "step": 8192, "metrics": {"atomic_answer": 1.0, "atomic_exact": 1.0, "atomic_nll": 3.5165884721521934e-05, "train_answer": 1.0, "train_exact": 1.0, "train_nll": 3.74690775473141e-05, "test_answer": 0.02734375, "test_exact": 0.02734375, "test_nll": 8.148355644307003, "two_call_exact": 1.0, "test_both_atoms_n": 1024, "test_given_both_atoms": 0.02734375}, "training_seconds": 160.64733648585388, "evaluation_seconds": 2.8730762189952657, "training_flops_estimate": 60272349806592, "training_examples": 2097152, "supervised_tokens": 4194304, "executed_input_tokens": 12582912, "last_loss": 1.861610871856101e-05, "time": "2026-09-29T08:41:19.834429+00:00"}
{"run": "w142801-s14282-d2w220", "step": 0, "metrics": {"atomic_answer": 0.0, "atomic_exact": 0.0, "atomic_nll": 4.955404683947563, "train_answer": 0.0, "train_exact": 0.0, "train_nll": 4.95871246792376, "test_answer": 0.0, "test_exact": 0.0, "test_nll": 4.965603134594858, "two_call_exact": 0.0, "test_both_atoms_n": 0, "test_given_both_atoms": null}, "training_seconds": 0.00021593598648905754, "evaluation_seconds": 0.7510523470118642, "training_flops_estimate": 0, "training_examples": 0, "supervised_tokens": 0, "executed_input_tokens": 0, "last_loss": null, "time": "2026-09-29T08:41:22.115811+00:00"}
{"run": "w142801-s14282-d2w220", "step": 128, "loss": 1.4630333185195923}
{"run": "w142801-s14282-d2w220", "step": 128, "metrics": {"atomic_answer": 0.462890625, "atomic_exact": 0.462890625, "atomic_nll": 2.080473070614971, "train_answer": 0.267578125, "train_exact": 0.267578125, "train_nll": 2.949923320207745, "test_answer": 0.0078125, "test_exact": 0.0078125, "test_nll": 4.801816331339069, "two_call_exact": 0.2158203125, "test_both_atoms_n": 215, "test_given_both_atoms": 0.027906976744186046}, "training_seconds": 1.7354690679931082, "evaluation_seconds": 1.837022879975848, "training_flops_estimate": 1388186173440, "training_examples": 32768, "supervised_tokens": 65536, "executed_input_tokens": 196608, "last_loss": 1.4630333185195923, "time": "2026-09-29T08:41:25.955679+00:00"}
{"run": "w142801-s14282-d2w220", "step": 256, "loss": 0.033532463014125824}
{"run": "w142801-s14282-d2w220", "step": 384, "loss": 0.028835520148277283}
{"run": "w142801-s14282-d2w220", "step": 512, "loss": 0.01850806549191475}
{"run": "w142801-s14282-d2w220", "step": 512, "metrics": {"atomic_answer": 0.998046875, "atomic_exact": 0.998046875, "atomic_nll": 0.024629201586606086, "train_answer": 0.990234375, "train_exact": 0.990234375, "train_nll": 0.055127489204977564, "test_answer": 0.0185546875, "test_exact": 0.0185546875, "test_nll": 6.565244853998593, "two_call_exact": 0.99609375, "test_both_atoms_n": 1020, "test_given_both_atoms": 0.018627450980392157}, "training_seconds": 6.991941054991912, "evaluation_seconds": 0.834094057965558, "training_flops_estimate": 5552744693760, "training_examples": 131072, "supervised_tokens": 262144, "executed_input_tokens": 786432, "last_loss": 0.01850806549191475, "time": "2026-09-29T08:41:32.368946+00:00"}
{"run": "w142801-s14282-d2w220", "step": 640, "loss": 0.0006451068329624832}
{"run": "w142801-s14282-d2w220", "step": 768, "loss": 0.0004361780593171716}
{"run": "w142801-s14282-d2w220", "step": 896, "loss": 0.0003672384191304445}
{"run": "w142801-s14282-d2w220", "step": 1024, "loss": 0.0003099582972936332}
{"run": "w142801-s14282-d2w220", "step": 1024, "metrics": {"atomic_answer": 1.0, "atomic_exact": 1.0, "atomic_nll": 0.0004808664277504704, "train_answer": 1.0, "train_exact": 1.0, "train_nll": 0.000643737638867492, "test_answer": 0.0126953125, "test_exact": 0.0126953125, "test_nll": 6.802332076145831, "two_call_exact": 1.0, "test_both_atoms_n": 1024, "test_given_both_atoms": 0.0126953125}, "training_seconds": 13.258544342010282, "evaluation_seconds": 0.7747375160106458, "training_flops_estimate": 11105489387520, "training_examples": 262144, "supervised_tokens": 524288, "executed_input_tokens": 1572864, "last_loss": 0.0003099582972936332, "time": "2026-09-29T08:41:39.519812+00:00"}
{"run": "w142801-s14282-d2w220", "step": 1152, "loss": 0.00027442912687547505}
{"run": "w142801-s14282-d2w220", "step": 1280, "loss": 0.0002605087938718498}
{"run": "w142801-s14282-d2w220", "step": 1408, "loss": 0.0002424622798571363}
{"run": "w142801-s14282-d2w220", "step": 1536, "loss": 0.00022463823552243412}
{"run": "w142801-s14282-d2w220", "step": 1664, "loss": 0.00021106474741827697}
{"run": "w142801-s14282-d2w220", "step": 1792, "loss": 0.00020001232041977346}
{"run": "w142801-s14282-d2w220", "step": 1920, "loss": 0.00018825530423782766}
{"run": "w142801-s14282-d2w220", "step": 2048, "loss": 0.00017818590276874602}
{"run": "w142801-s14282-d2w220", "step": 2048, "metrics": {"atomic_answer": 1.0, "atomic_exact": 1.0, "atomic_nll": 0.00029218421369137104, "train_answer": 1.0, "train_exact": 1.0, "train_nll": 0.0003701099010697817, "test_answer": 0.0185546875, "test_exact": 0.0185546875, "test_nll": 6.869275046513394, "two_call_exact": 1.0, "test_both_atoms_n": 1024, "test_given_both_atoms": 0.0185546875}, "training_seconds": 25.83833673701156, "evaluation_seconds": 0.8602082440047525, "training_flops_estimate": 22210978775040, "training_examples": 524288, "supervised_tokens": 1048576, "executed_input_tokens": 3145728, "last_loss": 0.00017818590276874602, "time": "2026-09-29T08:41:53.028337+00:00"}
{"run": "w142801-s14282-d2w220", "step": 2176, "loss": 0.00017106556333601475}
{"run": "w142801-s14282-d2w220", "step": 2304, "loss": 0.00016048774705268443}
{"run": "w142801-s14282-d2w220", "step": 2432, "loss": 0.00015248273848555982}
{"run": "w142801-s14282-d2w220", "step": 2560, "loss": 0.00014465386630035937}
{"run": "w142801-s14282-d2w220", "step": 2688, "loss": 0.00013717252295464277}
{"run": "w142801-s14282-d2w220", "step": 2816, "loss": 0.00013076880713924766}
{"run": "w142801-s14282-d2w220", "step": 2944, "loss": 0.0001244348823092878}
{"run": "w142801-s14282-d2w220", "step": 3072, "loss": 0.0001172271222458221}
{"run": "w142801-s14282-d2w220", "step": 3200, "loss": 0.00011052207992179319}
{"run": "w142801-s14282-d2w220", "step": 3328, "loss": 0.00010556791676208377}
{"run": "w142801-s14282-d2w220", "step": 3456, "loss": 9.913693065755069e-05}
{"run": "w142801-s14282-d2w220", "step": 3584, "loss": 9.364170546177775e-05}
{"run": "w142801-s14282-d2w220", "step": 3712, "loss": 8.890718891052529e-05}
{"run": "w142801-s14282-d2w220", "step": 3840, "loss": 8.312037243740633e-05}
{"run": "w142801-s14282-d2w220", "step": 3968, "loss": 7.754142279736698e-05}
{"run": "w142801-s14282-d2w220", "step": 4096, "loss": 7.328774518100545e-05}
{"run": "w142801-s14282-d2w220", "step": 4096, "metrics": {"atomic_answer": 1.0, "atomic_exact": 1.0, "atomic_nll": 0.00012883986120471036, "train_answer": 1.0, "train_exact": 1.0, "train_nll": 0.0001523638154310447, "test_answer": 0.01953125, "test_exact": 0.01953125, "test_nll": 7.18775975037579, "two_call_exact": 1.0, "test_both_atoms_n": 1024, "test_given_both_atoms": 0.01953125}, "training_seconds": 51.405292191018816, "evaluation_seconds": 0.9263986520236358, "training_flops_estimate": 44421957550080, "training_examples": 1048576, "supervised_tokens": 2097152, "executed_input_tokens": 6291456, "last_loss": 7.328774518100545e-05, "time": "2026-09-29T08:42:19.630294+00:00"}
{"run": "w142801-s14282-d2w220", "step": 4224, "loss": 6.91620516590774e-05}
{"run": "w142801-s14282-d2w220", "step": 4352, "loss": 6.509221566375345e-05}
{"run": "w142801-s14282-d2w220", "step": 4480, "loss": 6.090082024456933e-05}
{"run": "w142801-s14282-d2w220", "step": 4608, "loss": 5.702461930923164e-05}
{"run": "w142801-s14282-d2w220", "step": 4736, "loss": 5.4209984227782115e-05}
{"run": "w142801-s14282-d2w220", "step": 4864, "loss": 5.072973726782948e-05}
{"run": "w142801-s14282-d2w220", "step": 4992, "loss": 4.728741987491958e-05}
{"run": "w142801-s14282-d2w220", "step": 5120, "loss": 4.418149183038622e-05}
{"run": "w142801-s14282-d2w220", "step": 5248, "loss": 4.171531691099517e-05}
{"run": "w142801-s14282-d2w220", "step": 5376, "loss": 3.884659963659942e-05}
{"run": "w142801-s14282-d2w220", "step": 5504, "loss": 3.6824840208282694e-05}
{"run": "w142801-s14282-d2w220", "step": 5632, "loss": 3.4315795346628875e-05}
{"run": "w142801-s14282-d2w220", "step": 5760, "loss": 3.1977855542209e-05}
{"run": "w142801-s14282-d2w220", "step": 5888, "loss": 3.0341616366058588e-05}
{"run": "w142801-s14282-d2w220", "step": 6016, "loss": 2.8265349101275206e-05}
{"run": "w142801-s14282-d2w220", "step": 6144, "loss": 2.618231883388944e-05}
{"run": "w142801-s14282-d2w220", "step": 6272, "loss": 2.452883381920401e-05}
{"run": "w142801-s14282-d2w220", "step": 6400, "loss": 2.3015734768705443e-05}
{"run": "w142801-s14282-d2w220", "step": 6528, "loss": 2.1439769625430927e-05}
{"run": "w142801-s14282-d2w220", "step": 6656, "loss": 1.990082091651857e-05}
{"run": "w142801-s14282-d2w220", "step": 6784, "loss": 1.8818198441294953e-05}
{"run": "w142801-s14282-d2w220", "step": 6912, "loss": 1.7652453607297502e-05}
{"run": "w142801-s14282-d2w220", "step": 7040, "loss": 1.6526522813364863e-05}
{"run": "w142801-s14282-d2w220", "step": 7168, "loss": 1.5559140592813492e-05}
{"run": "w142801-s14282-d2w220", "step": 7296, "loss": 1.4421330888580997e-05}
{"run": "w142801-s14282-d2w220", "step": 7424, "loss": 1.3530312571674585e-05}
{"run": "w142801-s14282-d2w220", "step": 7552, "loss": 1.2600408808793873e-05}
{"run": "w142801-s14282-d2w220", "step": 7680, "loss": 1.1816486221505329e-05}
{"run": "w142801-s14282-d2w220", "step": 7808, "loss": 1.1041176549042575e-05}
{"run": "w142801-s14282-d2w220", "step": 7936, "loss": 1.027238613460213e-05}
{"run": "w142801-s14282-d2w220", "step": 8064, "loss": 9.638168194214813e-06}
{"run": "w142801-s14282-d2w220", "step": 8192, "loss": 8.986951797851361e-06}
{"run": "w142801-s14282-d2w220", "step": 8192, "metrics": {"atomic_answer": 1.0, "atomic_exact": 1.0, "atomic_nll": 1.6871929220840798e-05, "train_answer": 1.0, "train_exact": 1.0, "train_nll": 1.8182742548944475e-05, "test_answer": 0.021484375, "test_exact": 0.021484375, "test_nll": 8.37184647614032, "two_call_exact": 1.0, "test_both_atoms_n": 1024, "test_given_both_atoms": 0.021484375}, "training_seconds": 100.81028125603916, "evaluation_seconds": 0.7090196789940819, "training_flops_estimate": 88843915100160, "training_examples": 2097152, "supervised_tokens": 4194304, "executed_input_tokens": 12582912, "last_loss": 8.986951797851361e-06, "time": "2026-09-29T08:43:09.853348+00:00"}
{"run": "w142802-s14281-d3w128", "step": 0, "metrics": {"atomic_answer": 0.0, "atomic_exact": 0.0, "atomic_nll": 4.944595945067704, "train_answer": 0.0, "train_exact": 0.0, "train_nll": 4.948944630566984, "test_answer": 0.0, "test_exact": 0.0, "test_nll": 4.947304194793105, "two_call_exact": 0.0, "test_both_atoms_n": 0, "test_given_both_atoms": null}, "training_seconds": 0.00013673800276592374, "evaluation_seconds": 0.4967042180360295, "training_flops_estimate": 0, "training_examples": 0, "supervised_tokens": 0, "executed_input_tokens": 0, "last_loss": null, "time": "2026-09-29T08:43:11.459557+00:00"}
{"run": "w142802-s14281-d3w128", "step": 128, "loss": 2.3811421394348145}
{"run": "w142802-s14281-d3w128", "step": 128, "metrics": {"atomic_answer": 0.05078125, "atomic_exact": 0.05078125, "atomic_nll": 4.618602069560438, "train_answer": 0.0263671875, "train_exact": 0.0263671875, "train_nll": 4.747285615187138, "test_answer": 0.009765625, "test_exact": 0.009765625, "test_nll": 4.8387127397581935, "two_call_exact": 0.0146484375, "test_both_atoms_n": 5, "test_given_both_atoms": 0.0}, "training_seconds": 1.9589364940184169, "evaluation_seconds": 0.6018146019778214, "training_flops_estimate": 708015292416, "training_examples": 32768, "supervised_tokens": 65536, "executed_input_tokens": 196608, "last_loss": 2.3811421394348145, "time": "2026-09-29T08:43:14.133836+00:00"}
{"run": "w142802-s14281-d3w128", "step": 256, "loss": 1.349137783050537}
{"run": "w142802-s14281-d3w128", "step": 384, "loss": 0.22100315988063812}
{"run": "w142802-s14281-d3w128", "step": 512, "loss": 0.04012429714202881}
{"run": "w142802-s14281-d3w128", "step": 512, "metrics": {"atomic_answer": 1.0, "atomic_exact": 1.0, "atomic_nll": 0.028889078491374676, "train_answer": 0.9990234375, "train_exact": 0.9990234375, "train_nll": 0.053443190404323104, "test_answer": 0.0283203125, "test_exact": 0.0283203125, "test_nll": 6.1150522934040055, "two_call_exact": 1.0, "test_both_atoms_n": 1024, "test_given_both_atoms": 0.0283203125}, "training_seconds": 7.959986292000394, "evaluation_seconds": 0.6212497199885547, "training_flops_estimate": 2832061169664, "training_examples": 131072, "supervised_tokens": 262144, "executed_input_tokens": 786432, "last_loss": 0.04012429714202881, "time": "2026-09-29T08:43:20.822034+00:00"}
{"run": "w142802-s14281-d3w128", "step": 640, "loss": 0.01433509960770607}
{"run": "w142802-s14281-d3w128", "step": 768, "loss": 0.017881877720355988}
{"run": "w142802-s14281-d3w128", "step": 896, "loss": 0.0021110298112034798}
{"run": "w142802-s14281-d3w128", "step": 1024, "loss": 0.0008791375439614058}
{"run": "w142802-s14281-d3w128", "step": 1024, "metrics": {"atomic_answer": 1.0, "atomic_exact": 1.0, "atomic_nll": 0.001349950036797054, "train_answer": 1.0, "train_exact": 1.0, "train_nll": 0.0019017043261442268, "test_answer": 0.03125, "test_exact": 0.03125, "test_nll": 7.0305232998648535, "two_call_exact": 1.0, "test_both_atoms_n": 1024, "test_given_both_atoms": 0.03125}, "training_seconds": 15.836804621038027, "evaluation_seconds": 0.8644593440112658, "training_flops_estimate": 5664122339328, "training_examples": 262144, "supervised_tokens": 524288, "executed_input_tokens": 1572864, "last_loss": 0.0008791375439614058, "time": "2026-09-29T08:43:29.617934+00:00"}
{"run": "w142802-s14281-d3w128", "step": 1152, "loss": 0.0007152302423492074}
{"run": "w142802-s14281-d3w128", "step": 1280, "loss": 0.000631930073723197}
{"run": "w142802-s14281-d3w128", "step": 1408, "loss": 0.0005803298554383218}
{"run": "w142802-s14281-d3w128", "step": 1536, "loss": 0.0005369496066123247}
{"run": "w142802-s14281-d3w128", "step": 1664, "loss": 0.0005031725740991533}
{"run": "w142802-s14281-d3w128", "step": 1792, "loss": 0.0004756690177600831}
{"run": "w142802-s14281-d3w128", "step": 1920, "loss": 0.00045560975559055805}
{"run": "w142802-s14281-d3w128", "step": 2048, "loss": 0.00042979727732017636}
{"run": "w142802-s14281-d3w128", "step": 2048, "metrics": {"atomic_answer": 1.0, "atomic_exact": 1.0, "atomic_nll": 0.0006866379548569057, "train_answer": 1.0, "train_exact": 1.0, "train_nll": 0.0009040194996146056, "test_answer": 0.0341796875, "test_exact": 0.0341796875, "test_nll": 7.081570988344993, "two_call_exact": 1.0, "test_both_atoms_n": 1024, "test_given_both_atoms": 0.0341796875}, "training_seconds": 31.131957155070268, "evaluation_seconds": 0.6124400629778393, "training_flops_estimate": 11328244678656, "training_examples": 524288, "supervised_tokens": 1048576, "executed_input_tokens": 3145728, "last_loss": 0.00042979727732017636, "time": "2026-09-29T08:43:45.605373+00:00"}
{"run": "w142802-s14281-d3w128", "step": 2176, "loss": 0.00040174979949370027}
{"run": "w142802-s14281-d3w128", "step": 2304, "loss": 0.00038313542609103024}
{"run": "w142802-s14281-d3w128", "step": 2432, "loss": 0.0003575378214009106}
{"run": "w142802-s14281-d3w128", "step": 2560, "loss": 0.00033856721711345017}
{"run": "w142802-s14281-d3w128", "step": 2688, "loss": 0.0003240396617911756}
{"run": "w142802-s14281-d3w128", "step": 2816, "loss": 0.00030480034183710814}
{"run": "w142802-s14281-d3w128", "step": 2944, "loss": 0.0002817169879563153}
{"run": "w142802-s14281-d3w128", "step": 3072, "loss": 0.0002656535361893475}
{"run": "w142802-s14281-d3w128", "step": 3200, "loss": 0.0002509985934011638}
{"run": "w142802-s14281-d3w128", "step": 3328, "loss": 0.00023701501777395606}
{"run": "w142802-s14281-d3w128", "step": 3456, "loss": 0.0002260967157781124}
{"run": "w142802-s14281-d3w128", "step": 3584, "loss": 0.0002096910320688039}
{"run": "w142802-s14281-d3w128", "step": 3712, "loss": 0.00019411175162531435}
{"run": "w142802-s14281-d3w128", "step": 3840, "loss": 0.00018408699543215334}
{"run": "w142802-s14281-d3w128", "step": 3968, "loss": 0.00017283031775150448}
{"run": "w142802-s14281-d3w128", "step": 4096, "loss": 0.00016118661733344197}
{"run": "w142802-s14281-d3w128", "step": 4096, "metrics": {"atomic_answer": 1.0, "atomic_exact": 1.0, "atomic_nll": 0.0002781111710987716, "train_answer": 1.0, "train_exact": 1.0, "train_nll": 0.00033545512286536905, "test_answer": 0.03515625, "test_exact": 0.03515625, "test_nll": 7.353356635311002, "two_call_exact": 1.0, "test_both_atoms_n": 1024, "test_given_both_atoms": 0.03515625}, "training_seconds": 62.75374209909933, "evaluation_seconds": 0.5707596649881452, "training_flops_estimate": 22656489357312, "training_examples": 1048576, "supervised_tokens": 2097152, "executed_input_tokens": 6291456, "last_loss": 0.00016118661733344197, "time": "2026-09-29T08:44:17.861215+00:00"}
{"run": "w142802-s14281-d3w128", "step": 4224, "loss": 0.00015076342970132828}
{"run": "w142802-s14281-d3w128", "step": 4352, "loss": 0.0001417259918525815}
{"run": "w142802-s14281-d3w128", "step": 4480, "loss": 0.0001337084104306996}
{"run": "w142802-s14281-d3w128", "step": 4608, "loss": 0.0001227065804414451}
{"run": "w142802-s14281-d3w128", "step": 4736, "loss": 0.00011571876530069858}
{"run": "w142802-s14281-d3w128", "step": 4864, "loss": 0.00010759514407254755}
{"run": "w142802-s14281-d3w128", "step": 4992, "loss": 0.00010099310748046264}
{"run": "w142802-s14281-d3w128", "step": 5120, "loss": 9.511774987913668e-05}
{"run": "w142802-s14281-d3w128", "step": 5248, "loss": 8.811076259007677e-05}
{"run": "w142802-s14281-d3w128", "step": 5376, "loss": 8.245852950494736e-05}
{"run": "w142802-s14281-d3w128", "step": 5504, "loss": 7.753001409582794e-05}
{"run": "w142802-s14281-d3w128", "step": 5632, "loss": 7.199382525868714e-05}
{"run": "w142802-s14281-d3w128", "step": 5760, "loss": 6.692180613754317e-05}
{"run": "w142802-s14281-d3w128", "step": 5888, "loss": 6.272111204452813e-05}
{"run": "w142802-s14281-d3w128", "step": 6016, "loss": 5.801591032650322e-05}
{"run": "w142802-s14281-d3w128", "step": 6144, "loss": 5.509488983079791e-05}
{"run": "w142802-s14281-d3w128", "step": 6272, "loss": 5.0840106268879026e-05}
{"run": "w142802-s14281-d3w128", "step": 6400, "loss": 4.74967309855856e-05}
{"run": "w142802-s14281-d3w128", "step": 6528, "loss": 4.451884888112545e-05}
{"run": "w142802-s14281-d3w128", "step": 6656, "loss": 4.1532104660291225e-05}
{"run": "w142802-s14281-d3w128", "step": 6784, "loss": 3.859167918562889e-05}
{"run": "w142802-s14281-d3w128", "step": 6912, "loss": 3.5997429222334176e-05}
{"run": "w142802-s14281-d3w128", "step": 7040, "loss": 3.373702202225104e-05}
{"run": "w142802-s14281-d3w128", "step": 7168, "loss": 3.168241528328508e-05}
{"run": "w142802-s14281-d3w128", "step": 7296, "loss": 2.9697883292101324e-05}
{"run": "w142802-s14281-d3w128", "step": 7424, "loss": 2.744792800513096e-05}
{"run": "w142802-s14281-d3w128", "step": 7552, "loss": 2.560330176493153e-05}
{"run": "w142802-s14281-d3w128", "step": 7680, "loss": 2.3742140911053866e-05}
{"run": "w142802-s14281-d3w128", "step": 7808, "loss": 2.2392247046809644e-05}
{"run": "w142802-s14281-d3w128", "step": 7936, "loss": 2.0989031327189878e-05}
{"run": "w142802-s14281-d3w128", "step": 8064, "loss": 1.9461487681837752e-05}
{"run": "w142802-s14281-d3w128", "step": 8192, "loss": 1.822194280975964e-05}
{"run": "w142802-s14281-d3w128", "step": 8192, "metrics": {"atomic_answer": 1.0, "atomic_exact": 1.0, "atomic_nll": 3.3865803313659626e-05, "train_answer": 1.0, "train_exact": 1.0, "train_nll": 3.647481182689205e-05, "test_answer": 0.0380859375, "test_exact": 0.0380859375, "test_nll": 8.373839774573497, "two_call_exact": 1.0, "test_both_atoms_n": 1024, "test_given_both_atoms": 0.0380859375}, "training_seconds": 123.49172099411953, "evaluation_seconds": 0.638152618019376, "training_flops_estimate": 45312978714624, "training_examples": 2097152, "supervised_tokens": 4194304, "executed_input_tokens": 12582912, "last_loss": 1.822194280975964e-05, "time": "2026-09-29T08:45:19.292230+00:00"}
{"run": "w142802-s14281-d1w312", "step": 0, "metrics": {"atomic_answer": 0.001953125, "atomic_exact": 0.0, "atomic_nll": 4.972067587077618, "train_answer": 0.0009765625, "train_exact": 0.0, "train_nll": 4.986602908233181, "test_answer": 0.0048828125, "test_exact": 0.0, "test_nll": 4.971739995293319, "two_call_exact": 0.0, "test_both_atoms_n": 0, "test_given_both_atoms": null}, "training_seconds": 0.0001365770003758371, "evaluation_seconds": 0.5004599239910021, "training_flops_estimate": 0, "training_examples": 0, "supervised_tokens": 0, "executed_input_tokens": 0, "last_loss": null, "time": "2026-09-29T08:45:20.572557+00:00"}
{"run": "w142802-s14281-d1w312", "step": 128, "loss": 0.6491897106170654}
{"run": "w142802-s14281-d1w312", "step": 128, "metrics": {"atomic_answer": 1.0, "atomic_exact": 1.0, "atomic_nll": 0.39698959815723356, "train_answer": 0.859375, "train_exact": 0.859375, "train_nll": 1.2625785333802924, "test_answer": 0.0107421875, "test_exact": 0.0107421875, "test_nll": 5.124344560317695, "two_call_exact": 1.0, "test_both_atoms_n": 1024, "test_given_both_atoms": 0.0107421875}, "training_seconds": 0.8887696149758995, "evaluation_seconds": 0.7322591569973156, "training_flops_estimate": 1398958718976, "training_examples": 32768, "supervised_tokens": 65536, "executed_input_tokens": 196608, "last_loss": 0.6491897106170654, "time": "2026-09-29T08:45:22.277599+00:00"}
{"run": "w142802-s14281-d1w312", "step": 256, "loss": 0.006100057624280453}
{"run": "w142802-s14281-d1w312", "step": 384, "loss": 0.0013316328404471278}
{"run": "w142802-s14281-d1w312", "step": 512, "loss": 0.0008992076036520302}
{"run": "w142802-s14281-d1w312", "step": 512, "metrics": {"atomic_answer": 1.0, "atomic_exact": 1.0, "atomic_nll": 0.0011737197312413628, "train_answer": 1.0, "train_exact": 1.0, "train_nll": 0.002150883652518587, "test_answer": 0.015625, "test_exact": 0.015625, "test_nll": 6.276658303937438, "two_call_exact": 1.0, "test_both_atoms_n": 1024, "test_given_both_atoms": 0.015625}, "training_seconds": 3.915515556000173, "evaluation_seconds": 0.7421270140330307, "training_flops_estimate": 5595834875904, "training_examples": 131072, "supervised_tokens": 262144, "executed_input_tokens": 786432, "last_loss": 0.0008992076036520302, "time": "2026-09-29T08:45:26.219766+00:00"}
{"run": "w142802-s14281-d1w312", "step": 640, "loss": 0.0006726372521370649}
{"run": "w142802-s14281-d1w312", "step": 768, "loss": 0.0005430650198832154}
{"run": "w142802-s14281-d1w312", "step": 896, "loss": 0.0004566412535496056}
{"run": "w142802-s14281-d1w312", "step": 1024, "loss": 0.00037653802428394556}
{"run": "w142802-s14281-d1w312", "step": 1024, "metrics": {"atomic_answer": 1.0, "atomic_exact": 1.0, "atomic_nll": 0.0004999336473474614, "train_answer": 1.0, "train_exact": 1.0, "train_nll": 0.0009009464689029301, "test_answer": 0.0126953125, "test_exact": 0.0126953125, "test_nll": 6.390964407088177, "two_call_exact": 1.0, "test_both_atoms_n": 1024, "test_given_both_atoms": 0.0126953125}, "training_seconds": 7.917870239994954, "evaluation_seconds": 0.6834631349775009, "training_flops_estimate": 11191669751808, "training_examples": 262144, "supervised_tokens": 524288, "executed_input_tokens": 1572864, "last_loss": 0.00037653802428394556, "time": "2026-09-29T08:45:30.997702+00:00"}
{"run": "w142802-s14281-d1w312", "step": 1152, "loss": 0.00032537372317165136}
{"run": "w142802-s14281-d1w312", "step": 1280, "loss": 0.00028397547430358827}
{"run": "w142802-s14281-d1w312", "step": 1408, "loss": 0.0002482097770553082}
{"run": "w142802-s14281-d1w312", "step": 1536, "loss": 0.00022199148952495307}
{"run": "w142802-s14281-d1w312", "step": 1664, "loss": 0.00020138340187259018}
{"run": "w142802-s14281-d1w312", "step": 1792, "loss": 0.00017990934429690242}
{"run": "w142802-s14281-d1w312", "step": 1920, "loss": 0.00016193417832255363}
{"run": "w142802-s14281-d1w312", "step": 2048, "loss": 0.00014769451809115708}
{"run": "w142802-s14281-d1w312", "step": 2048, "metrics": {"atomic_answer": 1.0, "atomic_exact": 1.0, "atomic_nll": 0.000203451369401364, "train_answer": 1.0, "train_exact": 1.0, "train_nll": 0.0003507598088674513, "test_answer": 0.01171875, "test_exact": 0.01171875, "test_nll": 6.47692845002166, "two_call_exact": 1.0, "test_both_atoms_n": 1024, "test_given_both_atoms": 0.01171875}, "training_seconds": 15.961386350973044, "evaluation_seconds": 0.6924023699830286, "training_flops_estimate": 22383339503616, "training_examples": 524288, "supervised_tokens": 1048576, "executed_input_tokens": 3145728, "last_loss": 0.00014769451809115708, "time": "2026-09-29T08:45:39.833836+00:00"}
{"run": "w142802-s14281-d1w312", "step": 2176, "loss": 0.00013698605471290648}
{"run": "w142802-s14281-d1w312", "step": 2304, "loss": 0.0001250102650374174}
{"run": "w142802-s14281-d1w312", "step": 2432, "loss": 0.00011469032324384898}
{"run": "w142802-s14281-d1w312", "step": 2560, "loss": 0.00010543613461777568}
{"run": "w142802-s14281-d1w312", "step": 2688, "loss": 9.847675391938537e-05}
{"run": "w142802-s14281-d1w312", "step": 2816, "loss": 8.965014421846718e-05}
{"run": "w142802-s14281-d1w312", "step": 2944, "loss": 8.350235293619335e-05}
{"run": "w142802-s14281-d1w312", "step": 3072, "loss": 7.764669135212898e-05}
{"run": "w142802-s14281-d1w312", "step": 3200, "loss": 7.205067959148437e-05}
{"run": "w142802-s14281-d1w312", "step": 3328, "loss": 6.683576066279784e-05}
{"run": "w142802-s14281-d1w312", "step": 3456, "loss": 6.185705569805577e-05}
{"run": "w142802-s14281-d1w312", "step": 3584, "loss": 5.7152341469191015e-05}
{"run": "w142802-s14281-d1w312", "step": 3712, "loss": 5.365536344470456e-05}
{"run": "w142802-s14281-d1w312", "step": 3840, "loss": 5.0281742005608976e-05}
{"run": "w142802-s14281-d1w312", "step": 3968, "loss": 4.7122292016865686e-05}
{"run": "w142802-s14281-d1w312", "step": 4096, "loss": 4.340409213909879e-05}
{"run": "w142802-s14281-d1w312", "step": 4096, "metrics": {"atomic_answer": 1.0, "atomic_exact": 1.0, "atomic_nll": 6.353930788804973e-05, "train_answer": 1.0, "train_exact": 1.0, "train_nll": 0.00010134960610486132, "test_answer": 0.01171875, "test_exact": 0.01171875, "test_nll": 6.579889887849276, "two_call_exact": 1.0, "test_both_atoms_n": 1024, "test_given_both_atoms": 0.01171875}, "training_seconds": 34.70198364194948, "evaluation_seconds": 1.5519617469981313, "training_flops_estimate": 44766679007232, "training_examples": 1048576, "supervised_tokens": 2097152, "executed_input_tokens": 6291456, "last_loss": 4.340409213909879e-05, "time": "2026-09-29T08:46:00.243268+00:00"}
{"run": "w142802-s14281-d1w312", "step": 4224, "loss": 4.1079467337112874e-05}
{"run": "w142802-s14281-d1w312", "step": 4352, "loss": 3.827639011433348e-05}
{"run": "w142802-s14281-d1w312", "step": 4480, "loss": 3.5867462429450825e-05}
{"run": "w142802-s14281-d1w312", "step": 4608, "loss": 3.2988249586196616e-05}
{"run": "w142802-s14281-d1w312", "step": 4736, "loss": 3.1125720852287486e-05}
{"run": "w142802-s14281-d1w312", "step": 4864, "loss": 2.913745993282646e-05}
{"run": "w142802-s14281-d1w312", "step": 4992, "loss": 2.7376656362321228e-05}
{"run": "w142802-s14281-d1w312", "step": 5120, "loss": 2.5521327188471332e-05}
{"run": "w142802-s14281-d1w312", "step": 5248, "loss": 2.3696489733993076e-05}
{"run": "w142802-s14281-d1w312", "step": 5376, "loss": 2.2545889805769548e-05}
{"run": "w142802-s14281-d1w312", "step": 5504, "loss": 2.076318378385622e-05}
{"run": "w142802-s14281-d1w312", "step": 5632, "loss": 1.959814107976854e-05}
{"run": "w142802-s14281-d1w312", "step": 5760, "loss": 1.8429607735015452e-05}
{"run": "w142802-s14281-d1w312", "step": 5888, "loss": 1.7110434782807715e-05}
{"run": "w142802-s14281-d1w312", "step": 6016, "loss": 1.6168898582691327e-05}
{"run": "w142802-s14281-d1w312", "step": 6144, "loss": 1.5116304894036148e-05}
{"run": "w142802-s14281-d1w312", "step": 6272, "loss": 1.4164286767481826e-05}
{"run": "w142802-s14281-d1w312", "step": 6400, "loss": 1.3163375115254894e-05}
{"run": "w142802-s14281-d1w312", "step": 6528, "loss": 1.2500522643676959e-05}
{"run": "w142802-s14281-d1w312", "step": 6656, "loss": 1.1663283657981083e-05}
{"run": "w142802-s14281-d1w312", "step": 6784, "loss": 1.0881222806347068e-05}
{"run": "w142802-s14281-d1w312", "step": 6912, "loss": 1.0184142411162611e-05}
{"run": "w142802-s14281-d1w312", "step": 7040, "loss": 9.6286194093409e-06}
{"run": "w142802-s14281-d1w312", "step": 7168, "loss": 1.5300782918930054}
{"run": "w142802-s14281-d1w312", "step": 7296, "loss": 1.3807883262634277}
{"run": "w142802-s14281-d1w312", "step": 7424, "loss": 1.3215363025665283}
{"run": "w142802-s14281-d1w312", "step": 7552, "loss": 1.1395421028137207}
{"run": "w142802-s14281-d1w312", "step": 7680, "loss": 1.1076586246490479}
{"run": "w142802-s14281-d1w312", "step": 7808, "loss": 1.1127219200134277}
{"run": "w142802-s14281-d1w312", "step": 7936, "loss": 1.076733112335205}
{"run": "w142802-s14281-d1w312", "step": 8064, "loss": 0.9752556085586548}
{"run": "w142802-s14281-d1w312", "step": 8192, "loss": 0.9273341298103333}
{"run": "w142802-s14281-d1w312", "step": 8192, "metrics": {"atomic_answer": 0.251953125, "atomic_exact": 0.251953125, "atomic_nll": 1.7861111442325637, "train_answer": 0.3837890625, "train_exact": 0.3837890625, "train_nll": 1.5211422377406052, "test_answer": 0.0048828125, "test_exact": 0.0048828125, "test_nll": 8.8335061193211, "two_call_exact": 0.0673828125, "test_both_atoms_n": 68, "test_given_both_atoms": 0.029411764705882353}, "training_seconds": 67.60041393892607, "evaluation_seconds": 0.8255666780169122, "training_flops_estimate": 89533358014464, "training_examples": 2097152, "supervised_tokens": 4194304, "executed_input_tokens": 12582912, "last_loss": 0.9273341298103333, "time": "2026-09-29T08:46:34.058504+00:00"}
{"run": "w142802-s14282-d2w128", "step": 0, "metrics": {"atomic_answer": 0.0, "atomic_exact": 0.0, "atomic_nll": 4.943681970238686, "train_answer": 0.0009765625, "train_exact": 0.0, "train_nll": 4.93719091033563, "test_answer": 0.0, "test_exact": 0.0, "test_nll": 4.937411999329925, "two_call_exact": 0.0, "test_both_atoms_n": 0, "test_given_both_atoms": null}, "training_seconds": 0.00014303700299933553, "evaluation_seconds": 0.46732059895293787, "training_flops_estimate": 0, "training_examples": 0, "supervised_tokens": 0, "executed_input_tokens": 0, "last_loss": null, "time": "2026-09-29T08:46:35.710393+00:00"}
{"run": "w142802-s14282-d2w128", "step": 128, "loss": 2.2469868659973145}
{"run": "w142802-s14282-d2w128", "step": 128, "metrics": {"atomic_answer": 0.1328125, "atomic_exact": 0.1328125, "atomic_nll": 4.225896846037358, "train_answer": 0.0380859375, "train_exact": 0.0380859375, "train_nll": 4.5310007117222995, "test_answer": 0.0087890625, "test_exact": 0.0087890625, "test_nll": 4.8073548099491745, "two_call_exact": 0.0185546875, "test_both_atoms_n": 15, "test_given_both_atoms": 0.13333333333333333}, "training_seconds": 1.4524763080407865, "evaluation_seconds": 0.651966288976837, "training_flops_estimate": 474275119104, "training_examples": 32768, "supervised_tokens": 65536, "executed_input_tokens": 196608, "last_loss": 2.2469868659973145, "time": "2026-09-29T08:46:37.882106+00:00"}
{"run": "w142802-s14282-d2w128", "step": 256, "loss": 1.154512882232666}
{"run": "w142802-s14282-d2w128", "step": 384, "loss": 0.11380190402269363}
{"run": "w142802-s14282-d2w128", "step": 512, "loss": 0.005322801414877176}
{"run": "w142802-s14282-d2w128", "step": 512, "metrics": {"atomic_answer": 1.0, "atomic_exact": 1.0, "atomic_nll": 0.008152617457199085, "train_answer": 1.0, "train_exact": 1.0, "train_nll": 0.01164182465072372, "test_answer": 0.01953125, "test_exact": 0.01953125, "test_nll": 6.172567448258633, "two_call_exact": 1.0, "test_both_atoms_n": 1024, "test_given_both_atoms": 0.01953125}, "training_seconds": 5.76454546203604, "evaluation_seconds": 0.6043764629866928, "training_flops_estimate": 1897100476416, "training_examples": 131072, "supervised_tokens": 262144, "executed_input_tokens": 786432, "last_loss": 0.005322801414877176, "time": "2026-09-29T08:46:42.915093+00:00"}
{"run": "w142802-s14282-d2w128", "step": 640, "loss": 0.0030066785402595997}
{"run": "w142802-s14282-d2w128", "step": 768, "loss": 0.0021556175779551268}
{"run": "w142802-s14282-d2w128", "step": 896, "loss": 0.0017024427652359009}
{"run": "w142802-s14282-d2w128", "step": 1024, "loss": 0.0014175995020195842}
{"run": "w142802-s14282-d2w128", "step": 1024, "metrics": {"atomic_answer": 1.0, "atomic_exact": 1.0, "atomic_nll": 0.0022533719252351148, "train_answer": 1.0, "train_exact": 1.0, "train_nll": 0.003072039268545268, "test_answer": 0.0224609375, "test_exact": 0.0224609375, "test_nll": 6.53249115804465, "two_call_exact": 1.0, "test_both_atoms_n": 1024, "test_given_both_atoms": 0.0224609375}, "training_seconds": 11.251292492030188, "evaluation_seconds": 0.7083221450448036, "training_flops_estimate": 3794200952832, "training_examples": 262144, "supervised_tokens": 524288, "executed_input_tokens": 1572864, "last_loss": 0.0014175995020195842, "time": "2026-09-29T08:46:49.216592+00:00"}
{"run": "w142802-s14282-d2w128", "step": 1152, "loss": 0.0012004422023892403}
{"run": "w142802-s14282-d2w128", "step": 1280, "loss": 0.0010223165154457092}
{"run": "w142802-s14282-d2w128", "step": 1408, "loss": 0.0008924527792260051}
{"run": "w142802-s14282-d2w128", "step": 1536, "loss": 0.000796015840023756}
{"run": "w142802-s14282-d2w128", "step": 1664, "loss": 0.0007131231250241399}
{"run": "w142802-s14282-d2w128", "step": 1792, "loss": 0.0006436750409193337}
{"run": "w142802-s14282-d2w128", "step": 1920, "loss": 0.0005760008352808654}
{"run": "w142802-s14282-d2w128", "step": 2048, "loss": 0.0005270251422189176}
{"run": "w142802-s14282-d2w128", "step": 2048, "metrics": {"atomic_answer": 1.0, "atomic_exact": 1.0, "atomic_nll": 0.0008670836255078029, "train_answer": 1.0, "train_exact": 1.0, "train_nll": 0.001124901264233813, "test_answer": 0.0205078125, "test_exact": 0.0205078125, "test_nll": 6.829741439043573, "two_call_exact": 1.0, "test_both_atoms_n": 1024, "test_given_both_atoms": 0.0205078125}, "training_seconds": 22.264634075050708, "evaluation_seconds": 0.6122344079776667, "training_flops_estimate": 7588401905664, "training_examples": 524288, "supervised_tokens": 1048576, "executed_input_tokens": 3145728, "last_loss": 0.0005270251422189176, "time": "2026-09-29T08:47:00.998494+00:00"}
{"run": "w142802-s14282-d2w128", "step": 2176, "loss": 0.000476594315841794}
{"run": "w142802-s14282-d2w128", "step": 2304, "loss": 0.00044601722038351}
{"run": "w142802-s14282-d2w128", "step": 2432, "loss": 0.00040431180968880653}
{"run": "w142802-s14282-d2w128", "step": 2560, "loss": 0.00037248042644932866}
{"run": "w142802-s14282-d2w128", "step": 2688, "loss": 0.0003443275054451078}
{"run": "w142802-s14282-d2w128", "step": 2816, "loss": 0.000315623648930341}
{"run": "w142802-s14282-d2w128", "step": 2944, "loss": 0.00029673700919374824}
{"run": "w142802-s14282-d2w128", "step": 3072, "loss": 0.0002761879877652973}
{"run": "w142802-s14282-d2w128", "step": 3200, "loss": 0.0002557407133281231}
{"run": "w142802-s14282-d2w128", "step": 3328, "loss": 0.0002359928039368242}
{"run": "w142802-s14282-d2w128", "step": 3456, "loss": 0.00021890280186198652}
{"run": "w142802-s14282-d2w128", "step": 3584, "loss": 0.00020419067004695535}
{"run": "w142802-s14282-d2w128", "step": 3712, "loss": 0.00019060981867369264}
{"run": "w142802-s14282-d2w128", "step": 3840, "loss": 0.0001782733015716076}
{"run": "w142802-s14282-d2w128", "step": 3968, "loss": 0.0001651075144764036}
{"run": "w142802-s14282-d2w128", "step": 4096, "loss": 0.00015440770948771387}
{"run": "w142802-s14282-d2w128", "step": 4096, "metrics": {"atomic_answer": 1.0, "atomic_exact": 1.0, "atomic_nll": 0.000268651901933481, "train_answer": 1.0, "train_exact": 1.0, "train_nll": 0.00032077272518904465, "test_answer": 0.015625, "test_exact": 0.015625, "test_nll": 7.233158090748475, "two_call_exact": 1.0, "test_both_atoms_n": 1024, "test_given_both_atoms": 0.015625}, "training_seconds": 44.643896758090705, "evaluation_seconds": 0.7281493319896981, "training_flops_estimate": 15176803811328, "training_examples": 1048576, "supervised_tokens": 2097152, "executed_input_tokens": 6291456, "last_loss": 0.00015440770948771387, "time": "2026-09-29T08:47:24.237781+00:00"}
{"run": "w142802-s14282-d2w128", "step": 4224, "loss": 0.00014285024371929467}
{"run": "w142802-s14282-d2w128", "step": 4352, "loss": 0.00013367514475248754}
{"run": "w142802-s14282-d2w128", "step": 4480, "loss": 0.00012461860023904592}
{"run": "w142802-s14282-d2w128", "step": 4608, "loss": 0.00011665807687677443}
{"run": "w142802-s14282-d2w128", "step": 4736, "loss": 0.00010738220589701086}
{"run": "w142802-s14282-d2w128", "step": 4864, "loss": 0.00010146271961275488}
{"run": "w142802-s14282-d2w128", "step": 4992, "loss": 9.415084787178785e-05}
{"run": "w142802-s14282-d2w128", "step": 5120, "loss": 8.811552106635645e-05}
{"run": "w142802-s14282-d2w128", "step": 5248, "loss": 8.218303264584392e-05}
{"run": "w142802-s14282-d2w128", "step": 5376, "loss": 7.697631372138858e-05}
{"run": "w142802-s14282-d2w128", "step": 5504, "loss": 7.232734060380608e-05}
{"run": "w142802-s14282-d2w128", "step": 5632, "loss": 6.659908103756607e-05}
{"run": "w142802-s14282-d2w128", "step": 5760, "loss": 6.306281284196302e-05}
{"run": "w142802-s14282-d2w128", "step": 5888, "loss": 5.820046862936579e-05}
{"run": "w142802-s14282-d2w128", "step": 6016, "loss": 5.454704296425916e-05}
{"run": "w142802-s14282-d2w128", "step": 6144, "loss": 5.106797834741883e-05}
{"run": "w142802-s14282-d2w128", "step": 6272, "loss": 4.7475736209889874e-05}
{"run": "w142802-s14282-d2w128", "step": 6400, "loss": 4.442290082806721e-05}
{"run": "w142802-s14282-d2w128", "step": 6528, "loss": 4.1205206798622385e-05}
{"run": "w142802-s14282-d2w128", "step": 6656, "loss": 3.843659214908257e-05}
{"run": "w142802-s14282-d2w128", "step": 6784, "loss": 4.9421949370298535e-05}
{"run": "w142802-s14282-d2w128", "step": 6912, "loss": 1.0140823125839233}
{"run": "w142802-s14282-d2w128", "step": 7040, "loss": 0.49532896280288696}
{"run": "w142802-s14282-d2w128", "step": 7168, "loss": 0.3775843381881714}
{"run": "w142802-s14282-d2w128", "step": 7296, "loss": 0.23015646636486053}
{"run": "w142802-s14282-d2w128", "step": 7424, "loss": 0.039985574781894684}
{"run": "w142802-s14282-d2w128", "step": 7552, "loss": 0.0047388686798512936}
{"run": "w142802-s14282-d2w128", "step": 7680, "loss": 0.0021912178490310907}
{"run": "w142802-s14282-d2w128", "step": 7808, "loss": 0.0016269460320472717}
{"run": "w142802-s14282-d2w128", "step": 7936, "loss": 0.001173002878203988}
{"run": "w142802-s14282-d2w128", "step": 8064, "loss": 0.0010427734814584255}
{"run": "w142802-s14282-d2w128", "step": 8192, "loss": 0.0008585179457440972}
{"run": "w142802-s14282-d2w128", "step": 8192, "metrics": {"atomic_answer": 1.0, "atomic_exact": 1.0, "atomic_nll": 0.0006325269032743108, "train_answer": 1.0, "train_exact": 1.0, "train_nll": 0.002855443498162913, "test_answer": 0.0126953125, "test_exact": 0.0126953125, "test_nll": 8.916867107274811, "two_call_exact": 1.0, "test_both_atoms_n": 1024, "test_given_both_atoms": 0.0126953125}, "training_seconds": 90.85320034407778, "evaluation_seconds": 0.7207180070108734, "training_flops_estimate": 30353607622656, "training_examples": 2097152, "supervised_tokens": 4194304, "executed_input_tokens": 12582912, "last_loss": 0.0008585179457440972, "time": "2026-09-29T08:48:11.283014+00:00"}
{"run": "w142802-s14282-d6w128", "step": 0, "metrics": {"atomic_answer": 0.001953125, "atomic_exact": 0.0, "atomic_nll": 4.935277436859906, "train_answer": 0.001953125, "train_exact": 0.0, "train_nll": 4.939891100395471, "test_answer": 0.0009765625, "test_exact": 0.0, "test_nll": 4.940582229755819, "two_call_exact": 0.0, "test_both_atoms_n": 0, "test_given_both_atoms": null}, "training_seconds": 0.00013888796092942357, "evaluation_seconds": 0.7662988880183548, "training_flops_estimate": 0, "training_examples": 0, "supervised_tokens": 0, "executed_input_tokens": 0, "last_loss": null, "time": "2026-09-29T08:48:12.631637+00:00"}
{"run": "w142802-s14282-d6w128", "step": 128, "loss": 2.3164753913879395}
{"run": "w142802-s14282-d6w128", "step": 128, "metrics": {"atomic_answer": 0.046875, "atomic_exact": 0.046875, "atomic_nll": 4.462224476505071, "train_answer": 0.0263671875, "train_exact": 0.0263671875, "train_nll": 4.693790757097304, "test_answer": 0.015625, "test_exact": 0.015625, "test_nll": 4.849256640532985, "two_call_exact": 0.015625, "test_both_atoms_n": 2, "test_given_both_atoms": 0.0}, "training_seconds": 3.325989704928361, "evaluation_seconds": 1.0040738150128163, "training_flops_estimate": 1409235812352, "training_examples": 32768, "supervised_tokens": 65536, "executed_input_tokens": 196608, "last_loss": 2.3164753913879395, "time": "2026-09-29T08:48:17.029651+00:00"}
{"run": "w142802-s14282-d6w128", "step": 256, "loss": 1.585629940032959}
{"run": "w142802-s14282-d6w128", "step": 384, "loss": 0.6454516649246216}
{"run": "w142802-s14282-d6w128", "step": 512, "loss": 0.10416659712791443}
{"run": "w142802-s14282-d6w128", "step": 512, "metrics": {"atomic_answer": 1.0, "atomic_exact": 1.0, "atomic_nll": 0.07654864458163502, "train_answer": 0.98046875, "train_exact": 0.98046875, "train_nll": 0.22179838105330418, "test_answer": 0.01171875, "test_exact": 0.01171875, "test_nll": 6.009394258988323, "two_call_exact": 1.0, "test_both_atoms_n": 1024, "test_given_both_atoms": 0.01171875}, "training_seconds": 13.687337902956642, "evaluation_seconds": 1.3519194079563022, "training_flops_estimate": 5636943249408, "training_examples": 131072, "supervised_tokens": 262144, "executed_input_tokens": 786432, "last_loss": 0.10416659712791443, "time": "2026-09-29T08:48:28.890997+00:00"}
{"run": "w142802-s14282-d6w128", "step": 640, "loss": 0.03155357018113136}
{"run": "w142802-s14282-d6w128", "step": 768, "loss": 0.0021847530733793974}
{"run": "w142802-s14282-d6w128", "step": 896, "loss": 0.0015910562360659242}
{"run": "w142802-s14282-d6w128", "step": 1024, "loss": 0.0013024250511080027}
{"run": "w142802-s14282-d6w128", "step": 1024, "metrics": {"atomic_answer": 1.0, "atomic_exact": 1.0, "atomic_nll": 0.001993458597553399, "train_answer": 1.0, "train_exact": 1.0, "train_nll": 0.0030345417886792347, "test_answer": 0.015625, "test_exact": 0.015625, "test_nll": 6.823735982914513, "two_call_exact": 1.0, "test_both_atoms_n": 1024, "test_given_both_atoms": 0.015625}, "training_seconds": 27.77844624593854, "evaluation_seconds": 0.9915295340470038, "training_flops_estimate": 11273886498816, "training_examples": 262144, "supervised_tokens": 524288, "executed_input_tokens": 1572864, "last_loss": 0.0013024250511080027, "time": "2026-09-29T08:48:44.074124+00:00"}
{"run": "w142802-s14282-d6w128", "step": 1152, "loss": 0.0011127882171422243}
{"run": "w142802-s14282-d6w128", "step": 1280, "loss": 0.0009809827897697687}
{"run": "w142802-s14282-d6w128", "step": 1408, "loss": 0.0008769414853304625}
{"run": "w142802-s14282-d6w128", "step": 1536, "loss": 0.0007661195122636855}
{"run": "w142802-s14282-d6w128", "step": 1664, "loss": 0.0006966536166146398}
{"run": "w142802-s14282-d6w128", "step": 1792, "loss": 0.0006497105350717902}
{"run": "w142802-s14282-d6w128", "step": 1920, "loss": 0.0005785527173429728}
{"run": "w142802-s14282-d6w128", "step": 2048, "loss": 0.0005449082236737013}
{"run": "w142802-s14282-d6w128", "step": 2048, "metrics": {"atomic_answer": 1.0, "atomic_exact": 1.0, "atomic_nll": 0.0008498728094537, "train_answer": 1.0, "train_exact": 1.0, "train_nll": 0.0012019993366720882, "test_answer": 0.021484375, "test_exact": 0.021484375, "test_nll": 7.015532592988166, "two_call_exact": 1.0, "test_both_atoms_n": 1024, "test_given_both_atoms": 0.021484375}, "training_seconds": 53.60530714393826, "evaluation_seconds": 1.0508267769473605, "training_flops_estimate": 22547772997632, "training_examples": 524288, "supervised_tokens": 1048576, "executed_input_tokens": 3145728, "last_loss": 0.0005449082236737013, "time": "2026-09-29T08:49:11.052888+00:00"}
{"run": "w142802-s14282-d6w128", "step": 2176, "loss": 0.0004931761650368571}
{"run": "w142802-s14282-d6w128", "step": 2304, "loss": 0.0004564338596537709}
{"run": "w142802-s14282-d6w128", "step": 2432, "loss": 0.00041938337380997837}
{"run": "w142802-s14282-d6w128", "step": 2560, "loss": 0.00039363792166113853}
{"run": "w142802-s14282-d6w128", "step": 2688, "loss": 0.00036343769170343876}
{"run": "w142802-s14282-d6w128", "step": 2816, "loss": 0.0003391181235201657}
{"run": "w142802-s14282-d6w128", "step": 2944, "loss": 0.00031996273901313543}
{"run": "w142802-s14282-d6w128", "step": 3072, "loss": 0.0002903974964283407}
{"run": "w142802-s14282-d6w128", "step": 3200, "loss": 0.00027907188632525504}
{"run": "w142802-s14282-d6w128", "step": 3328, "loss": 0.00025401386665180326}
{"run": "w142802-s14282-d6w128", "step": 3456, "loss": 0.00023856046027503908}
{"run": "w142802-s14282-d6w128", "step": 3584, "loss": 0.00022462362539954484}
{"run": "w142802-s14282-d6w128", "step": 3712, "loss": 0.00021211084094829857}
{"run": "w142802-s14282-d6w128", "step": 3840, "loss": 0.00019369972869753838}
{"run": "w142802-s14282-d6w128", "step": 3968, "loss": 0.000184439544682391}
{"run": "w142802-s14282-d6w128", "step": 4096, "loss": 0.00017074833158403635}
{"run": "w142802-s14282-d6w128", "step": 4096, "metrics": {"atomic_answer": 1.0, "atomic_exact": 1.0, "atomic_nll": 0.0002960743613016348, "train_answer": 1.0, "train_exact": 1.0, "train_nll": 0.00036634002577784486, "test_answer": 0.01953125, "test_exact": 0.01953125, "test_nll": 7.349313852995692, "two_call_exact": 1.0, "test_both_atoms_n": 1024, "test_given_both_atoms": 0.01953125}, "training_seconds": 107.36887586896773, "evaluation_seconds": 0.9497896889806725, "training_flops_estimate": 45095545995264, "training_examples": 1048576, "supervised_tokens": 2097152, "executed_input_tokens": 6291456, "last_loss": 0.00017074833158403635, "time": "2026-09-29T08:50:05.884750+00:00"}
{"run": "w142802-s14282-d6w128", "step": 4224, "loss": 0.00015974865527823567}
{"run": "w142802-s14282-d6w128", "step": 4352, "loss": 0.00015016677207313478}
{"run": "w142802-s14282-d6w128", "step": 4480, "loss": 0.00014109945914242417}
{"run": "w142802-s14282-d6w128", "step": 4608, "loss": 0.00013288688205648214}
{"run": "w142802-s14282-d6w128", "step": 4736, "loss": 0.00012308923760429025}
{"run": "w142802-s14282-d6w128", "step": 4864, "loss": 0.0001138726802309975}
{"run": "w142802-s14282-d6w128", "step": 4992, "loss": 0.0001071965234586969}
{"run": "w142802-s14282-d6w128", "step": 5120, "loss": 0.00010095578181790188}
{"run": "w142802-s14282-d6w128", "step": 5248, "loss": 9.414303349331021e-05}
{"run": "w142802-s14282-d6w128", "step": 5376, "loss": 8.75192490639165e-05}
{"run": "w142802-s14282-d6w128", "step": 5504, "loss": 8.20744753582403e-05}
{"run": "w142802-s14282-d6w128", "step": 5632, "loss": 7.646270387340337e-05}
{"run": "w142802-s14282-d6w128", "step": 5760, "loss": 7.137305510696024e-05}
{"run": "w142802-s14282-d6w128", "step": 5888, "loss": 6.618628685828298e-05}
{"run": "w142802-s14282-d6w128", "step": 6016, "loss": 6.277315696934238e-05}
{"run": "w142802-s14282-d6w128", "step": 6144, "loss": 5.814037285745144e-05}
{"run": "w142802-s14282-d6w128", "step": 6272, "loss": 5.481242260430008e-05}
{"run": "w142802-s14282-d6w128", "step": 6400, "loss": 5.033856723457575e-05}
{"run": "w142802-s14282-d6w128", "step": 6528, "loss": 4.7570702008670196e-05}
{"run": "w142802-s14282-d6w128", "step": 6656, "loss": 4.4444539526011795e-05}
{"run": "w142802-s14282-d6w128", "step": 6784, "loss": 4.135419294470921e-05}
{"run": "w142802-s14282-d6w128", "step": 6912, "loss": 3.891757660312578e-05}
{"run": "w142802-s14282-d6w128", "step": 7040, "loss": 3.648839992820285e-05}
{"run": "w142802-s14282-d6w128", "step": 7168, "loss": 3.389926496311091e-05}
{"run": "w142802-s14282-d6w128", "step": 7296, "loss": 3.1625582778360695e-05}
{"run": "w142802-s14282-d6w128", "step": 7424, "loss": 2.4873645305633545}
{"run": "w142802-s14282-d6w128", "step": 7552, "loss": 1.5426770448684692}
{"run": "w142802-s14282-d6w128", "step": 7680, "loss": 1.3807625770568848}
{"run": "w142802-s14282-d6w128", "step": 7808, "loss": 1.1557679176330566}
{"run": "w142802-s14282-d6w128", "step": 7936, "loss": 0.878972053527832}
{"run": "w142802-s14282-d6w128", "step": 8064, "loss": 0.34256595373153687}
{"run": "w142802-s14282-d6w128", "step": 8192, "loss": 0.0388680174946785}
{"run": "w142802-s14282-d6w128", "step": 8192, "metrics": {"atomic_answer": 0.998046875, "atomic_exact": 0.998046875, "atomic_nll": 0.022854971436800042, "train_answer": 0.994140625, "train_exact": 0.994140625, "train_nll": 0.05164026198772831, "test_answer": 0.017578125, "test_exact": 0.017578125, "test_nll": 7.905540387697329, "two_call_exact": 0.99609375, "test_both_atoms_n": 1020, "test_given_both_atoms": 0.01764705882352941}, "training_seconds": 215.60367509297794, "evaluation_seconds": 1.2841429860563949, "training_flops_estimate": 90191091990528, "training_examples": 2097152, "supervised_tokens": 4194304, "executed_input_tokens": 12582912, "last_loss": 0.0388680174946785, "time": "2026-09-29T08:51:55.508204+00:00"}
